     VMA      LMA     Size Align Out     In      Symbol
       0        0        0     1 RAM_START = 0x20004000
       0        0        0     1 RAM_LENGTH = 0x3000
       0        0        0     1 FLASH_START = 0x00000000
       0        0        0     1 FLASH_LENGTH = 0x10000
       0        0        0     1 DATA_FLASH_START = 0x40100000
       0        0        0     1 DATA_FLASH_LENGTH = 0x400
       0        0        0     1 OPTION_SETTING_START = 0x00000000
       0        0        0     1 OPTION_SETTING_LENGTH = 0x0
       0        0        0     1 OPTION_SETTING_S_START = 0x80000000
       0        0        0     1 OPTION_SETTING_S_LENGTH = 0x0
       0        0        0     1 ID_CODE_START = 0x01010018
       0        0        0     1 ID_CODE_LENGTH = 0x20
       0        0        0     1 SDRAM_START = 0x80010000
       0        0        0     1 SDRAM_LENGTH = 0x0
       0        0        0     1 QSPI_FLASH_START = 0x60000000
       0        0        0     1 QSPI_FLASH_LENGTH = 0x0
       0        0        0     1 OSPI_DEVICE_0_START = 0x80020000
       0        0        0     1 OSPI_DEVICE_0_LENGTH = 0x0
       0        0        0     1 OSPI_DEVICE_1_START = 0x80030000
       0        0        0     1 OSPI_DEVICE_1_LENGTH = 0x0
       0        0        0     1 QSPI_FLASH_PRV_LENGTH = DEFINED ( QSPI_FLASH_SIZE ) ? ABSOLUTE ( QSPI_FLASH_SIZE ) : ABSOLUTE ( QSPI_FLASH_LENGTH )
       0        0        0     1 OSPI_DEVICE_0_PRV_LENGTH = DEFINED ( OSPI_DEVICE_0_SIZE ) ? ABSOLUTE ( OSPI_DEVICE_0_SIZE ) : ABSOLUTE ( OSPI_DEVICE_0_LENGTH )
       0        0        0     1 OSPI_DEVICE_1_PRV_LENGTH = DEFINED ( OSPI_DEVICE_1_SIZE ) ? ABSOLUTE ( OSPI_DEVICE_1_SIZE ) : ABSOLUTE ( OSPI_DEVICE_1_LENGTH )
       0        0        0     1 __RESERVE_NS_RAM = ! DEFINED ( PROJECT_NONSECURE ) && DEFINED ( RAM_NS_BUFFER_LENGTH ) && ( OPTION_SETTING_S_LENGTH != 0 )
       0        0        0     1 __ITCM_START = DEFINED ( ITCM_START ) ? ITCM_START : 0
       0        0        0     1 __ITCM_LENGTH = DEFINED ( ITCM_LENGTH ) ? ITCM_LENGTH : 0
       0        0        0     1 __DTCM_START = DEFINED ( DTCM_START ) ? DTCM_START : 0
       0        0        0     1 __DTCM_LENGTH = DEFINED ( DTCM_LENGTH ) ? DTCM_LENGTH : 0
       0        0        0     1 RAM_NS_BUFFER_BLOCK_LENGTH = DEFINED ( RAM_NS_BUFFER_LENGTH ) ? ALIGN ( RAM_NS_BUFFER_LENGTH , 8192 ) : 0
       0        0        0     1 __RAM_NS_BUFFER_LENGTH = DEFINED ( RAM_NS_BUFFER_LENGTH ) ? RAM_NS_BUFFER_LENGTH : 0
       0        0        0     1 RAM_NS_BUFFER_START = RAM_START + RAM_LENGTH - __RAM_NS_BUFFER_LENGTH
       0        0        0     1 RAM_NS_BUFFER_BLOCK_START = RAM_START + RAM_LENGTH - RAM_NS_BUFFER_BLOCK_LENGTH
       0        0        0     1 OPTION_SETTING_START_NS = DEFINED ( PROJECT_NONSECURE ) ? OPTION_SETTING_START : OPTION_SETTING_START + 0x80
       0        0        0     1 __bl_FSP_BOOTABLE_IMAGE = 1
       0        0        0     1 __bln_FSP_BOOTABLE_IMAGE = 1
       0        0        0     1 PROJECT_SECURE_OR_FLAT = ( ! DEFINED ( PROJECT_NONSECURE ) || DEFINED ( PROJECT_SECURE ) ) && OPTION_SETTING_LENGTH && ! DEFINED ( FSP_BOOTABLE_IMAGE )
       0        0        0     1 USE_OPTION_SETTING_NS = DEFINED ( PROJECT_NONSECURE ) && ! DEFINED ( FSP_BOOTABLE_IMAGE )
       0        0        0     1 __bl_FLASH_IMAGE_START = ! DEFINED ( FLASH_BOOTLOADER_LENGTH ) ? 0 : FLASH_APPLICATION_IMAGE_NUMBER == 1 ? FLASH_START + FLASH_BOOTLOADER_LENGTH + FLASH_BOOTLOADER_HEADER_LENGTH : ( DEFINED ( BOOTLOADER_SECONDARY_USE_QSPI ) || DEFINED ( BOOTLOADER_SECONDARY_USE_OSPI_B ) ) ? FLASH_START + FLASH_BOOTLOADER_LENGTH + FLASH_BOOTLOADER_SCRATCH_LENGTH + FLASH_BOOTLOADER_HEADER_LENGTH : FLASH_START + FLASH_BOOTLOADER_LENGTH + FLASH_BOOTLOADER_SCRATCH_LENGTH + FLASH_APPLICATION_S_LENGTH + FLASH_BOOTLOADER_HEADER_LENGTH
       0        0        0     1 __bl_FLASH_IMAGE_START = ! DEFINED ( BOOT_IMAGE_FROM_MMF_REGION ) ? __bl_FLASH_IMAGE_START : BOOT_IMAGE_FROM_MMF_REGION != 1 ? __bl_FLASH_IMAGE_START : MMF_REGION_START_ADDR
       0        0        0     1 __bl_FLASH_IMAGE_LENGTH = ! DEFINED ( FLASH_BOOTLOADER_LENGTH ) ? 0 : FLASH_APPLICATION_S_LENGTH - FLASH_BOOTLOADER_HEADER_LENGTH
       0        0        0     1 __bl_FLASH_IMAGE_END = __bl_FLASH_IMAGE_START + __bl_FLASH_IMAGE_LENGTH
       0        0        0     1 __bl_XIP_SECONDARY_FLASH_IMAGE_START = ! DEFINED ( FLASH_BOOTLOADER_LENGTH ) ? 0 : FLASH_START + FLASH_BOOTLOADER_LENGTH + FLASH_APPLICATION_S_LENGTH + FLASH_BOOTLOADER_HEADER_LENGTH
       0        0        0     1 __bl_XIP_SECONDARY_FLASH_IMAGE_END = __bl_XIP_SECONDARY_FLASH_IMAGE_START + __bl_FLASH_IMAGE_LENGTH
       0        0        0     1 __bl_FLASH_IMAGE_START_FROM_MMF_REGION = DEFINED ( BOOT_IMAGE_FROM_MMF_REGION ) ? BOOT_IMAGE_FROM_MMF_REGION : 0
       0        0        0     1 __bl_MEMORY_MIRROR_REGION_START = DEFINED ( MMF_REGION_START_ADDR ) ? MMF_REGION_START_ADDR : 0
       0        0        0     1 __bl_FLASH_NS_START = ! DEFINED ( FLASH_BOOTLOADER_LENGTH ) ? 0 : FLASH_APPLICATION_NS_LENGTH == 0 ? __bl_FLASH_IMAGE_END : __bl_FLASH_IMAGE_START - FLASH_BOOTLOADER_HEADER_LENGTH + FLASH_APPLICATION_S_LENGTH
       0        0        0     1 __bl_FLASH_NSC_START = ! DEFINED ( FLASH_BOOTLOADER_LENGTH ) ? 0 : FLASH_APPLICATION_NS_LENGTH == 0 ? __bl_FLASH_IMAGE_END : __bl_FLASH_IMAGE_END - FLASH_APPLICATION_NSC_LENGTH
       0        0        0     1 __bl_RAM_NS_START = ! DEFINED ( FLASH_BOOTLOADER_LENGTH ) ? 0 : FLASH_APPLICATION_NS_LENGTH == 0 ? RAM_START + RAM_LENGTH : RAM_START + RAM_LENGTH - RAM_APPLICATION_NS_LENGTH
       0        0        0     1 __bl_RAM_NSC_START = ! DEFINED ( FLASH_BOOTLOADER_LENGTH ) ? 0 : FLASH_APPLICATION_NS_LENGTH == 0 ? RAM_START + RAM_LENGTH : __bl_RAM_NS_START - RAM_APPLICATION_NSC_LENGTH
       0        0        0     1 __bl_FLASH_NS_IMAGE_START = ! DEFINED ( FLASH_BOOTLOADER_LENGTH ) ? 0 : FLASH_APPLICATION_NS_LENGTH == 0 ? __bl_FLASH_IMAGE_END : __bl_FLASH_NS_START + FLASH_BOOTLOADER_HEADER_LENGTH_2
       0        0        0     1 __bln_FLASH_IMAGE_START = __bl_FLASH_NS_IMAGE_START | ( ! DEFINED ( NS_OFFSET_START ) ? 0 : NS_OFFSET_START )
       0        0        0     1 __bln_FLASH_IMAGE_LENGTH = ! DEFINED ( FLASH_BOOTLOADER_LENGTH ) ? 0 : FLASH_APPLICATION_NS_LENGTH == 0 ? __bl_FLASH_IMAGE_END : FLASH_APPLICATION_NS_LENGTH - FLASH_BOOTLOADER_HEADER_LENGTH_2
       0        0        0     1 __XIP_SECONDARY_SLOT_IMAGE = DEFINED ( XIP_SECONDARY_SLOT_IMAGE ) ? XIP_SECONDARY_SLOT_IMAGE : 0
       0        0        0     1 __FLASH_IMAGE_START_FROM_MMF_REGION = ! DEFINED ( FLASH_IMAGE_START_FROM_MMF_REGION ) ? 0 : FLASH_IMAGE_START_FROM_MMF_REGION
       0        0        0     1 __MEMORY_MIRROR_REGION_START = ! DEFINED ( MEMORY_MIRROR_REGION_START ) ? 0 : MEMORY_MIRROR_REGION_START
       0        0        0     1 FLASH_ORIGIN = ! DEFINED ( FLASH_IMAGE_START ) ? FLASH_START : __XIP_SECONDARY_SLOT_IMAGE == 1 ? XIP_SECONDARY_FLASH_IMAGE_START : __FLASH_IMAGE_START_FROM_MMF_REGION == 1 ? __MEMORY_MIRROR_REGION_START : FLASH_IMAGE_START
       0        0        0     1 LIMITED_FLASH_LENGTH = DEFINED ( FLASH_IMAGE_LENGTH ) ? FLASH_IMAGE_LENGTH : DEFINED ( FLASH_BOOTLOADER_LENGTH ) ? FLASH_BOOTLOADER_LENGTH : FLASH_LENGTH
       0        0        0     1 OPTION_SETTING_SAS_SIZE = 0x34
       0        0        0     1 OPTION_SETTING_SAS_LENGTH = ! DEFINED ( OPTION_SETTING_LENGTH ) ? 0 : OPTION_SETTING_LENGTH == 0 ? 0 : OPTION_SETTING_LENGTH - OPTION_SETTING_SAS_SIZE
       0        0     6bf4     8 .text
       0        0        0     1         __tz_FLASH_S = ABSOLUTE ( FLASH_START )
       0        0        0     1         __ROM_Start = .
       0        0       40     4         ./ra/fsp/src/bsp/cmsis/Device/RENESAS/Source/startup.o:(.fixed_vectors)
       0        0       40     1                 __Vectors
      40       40       a8     4         ./ra_gen/vector_data.o:(.application_vectors)
      40       40       a8     1                 g_vector_table
      e8       e8        0     1         __Vectors_End = .
      e8       e8       40     4         ./ra/fsp/src/bsp/mcu/all/bsp_clocks.o:(.flash_gap)
      e8       e8        0     1                 $t.2
      e9       e9       40     1                 SystemCoreClockUpdate
     11c      11c        0     1                 $d.3
     128      128       54     4         ./ra/fsp/src/bsp/mcu/all/bsp_delay.o:(.flash_gap)
     128      128        0     1                 $t.0
     129      129       4c     1                 R_BSP_SoftwareDelay
     168      168        0     1                 $d.1
     174      174        0     1                 sw_delay_loop
     174      174        0     1                 $t.2
     175      175        8     1                 bsp_prv_software_delay_loop
     17c      17c       60     4         ./ra/fsp/src/bsp/mcu/all/bsp_group_irq.o:(.flash_gap)
     17c      17c        0     1                 $t.0
     17d      17d       10     1                 bsp_group_irq_call
     188      188        0     1                 $d.1
     18c      18c        0     1                 $t.2
     18d      18d       10     1                 R_BSP_GroupIrqWrite
     198      198        0     1                 $d.3
     19c      19c        0     1                 $t.4
     19d      19d       40     1                 NMI_Handler
     1d4      1d4        0     1                 $d.5
     1dc      1dc       b4     4         ./ra/fsp/src/bsp/mcu/all/bsp_irq.o:(.flash_gap)
     1dc      1dc        0     1                 $t.0
     1dd      1dd       18     1                 R_BSP_IrqClearPending
     1f0      1f0        0     1                 $d.1
     1f4      1f4        0     1                 $t.2
     1f5      1f5       34     1                 R_BSP_IrqCfg
     220      220        0     1                 $d.3
     228      228        0     1                 $t.4
     229      229       18     1                 R_BSP_IrqEnableNoClear
     23c      23c        0     1                 $d.5
     240      240        0     1                 $t.6
     241      241       18     1                 R_BSP_IrqEnable
     254      254        0     1                 $d.7
     258      258        0     1                 $t.8
     259      259       20     1                 R_BSP_IrqDisable
     274      274        0     1                 $d.9
     278      278        0     1                 $t.10
     279      279       16     1                 R_BSP_IrqCfgEnable
     28f      28f        2     1                 bsp_irq_cfg
     290      290       12     2         ./ra/fsp/src/bsp/cmsis/Device/RENESAS/Source/startup.o:(.flash_gap)
     290      290        0     1                 $t.0
     291      291        e     1                 Reset_Handler
     29f      29f        4     1                 Default_Handler
     29f      29f        4     1                 HardFault_Handler
     29f      29f        4     1                 MemManage_Handler
     29f      29f        4     1                 BusFault_Handler
     29f      29f        4     1                 UsageFault_Handler
     29f      29f        4     1                 SecureFault_Handler
     29f      29f        4     1                 SVC_Handler
     29f      29f        4     1                 DebugMon_Handler
     29f      29f        4     1                 PendSV_Handler
     2a2      2a2      15e     1         . = OPTION_SETTING_LENGTH > 0 ? . : __ROM_Start + 0x400
     400      400        8     4         ./ra/fsp/src/bsp/mcu/all/bsp_rom_registers.o:(.rom_registers)
     400      400        8     1                 g_bsp_rom_registers
     408      408       90     4         ./src/hal_entry.o:(.text.update_vent)
     408      408        0     1                 $t.1
     409      409       90     1                 update_vent
     48c      48c        0     1                 $d.2
     498      498       38     4         ./src/hal_entry.o:(.text.float_to_uint8)
     498      498        0     1                 $t.3
     499      499       38     1                 float_to_uint8
     4cc      4cc        0     1                 $d.4
     4d0      4d0      4ac     4         ./src/hal_entry.o:(.text.hal_entry)
     4d0      4d0        0     1                 $t.5
     4d1      4d1      4ac     1                 hal_entry
     880      880        0     1                 $d.6
     890      890        0     1                 $t.7
     8e8      8e8        0     1                 $d.8
     97c      97c       50     4         ./src/hal_entry.o:(.text.set_servo_angle)
     97c      97c        0     1                 $t.9
     97d      97d       50     1                 set_servo_angle
     9c0      9c0        0     1                 $d.10
     9cc      9cc       54     4         ./src/hal_entry.o:(.text.send_servo_pulse)
     9cc      9cc        0     1                 $t.11
     9cd      9cd       54     1                 send_servo_pulse
     a18      a18        0     1                 $d.12
     a20      a20       24     4         ./src/hal_entry.o:(.text.R_BSP_WarmStart)
     a20      a20        0     1                 $t.13
     a21      a21       24     1                 R_BSP_WarmStart
     a38      a38        0     1                 $d.14
     a44      a44       20     4         ./src/hal_entry.o:(.text.i2c_master_callback)
     a44      a44        0     1                 $t.15
     a45      a45       20     1                 i2c_master_callback
     a5c      a5c        0     1                 $d.16
     a64      a64        c     2         ./ra_gen/main.o:(.text.main)
     a64      a64        0     1                 $t.0
     a65      a65        c     1                 main
     a70      a70       c8     4         ./ra/fsp/src/r_uarta/r_uarta.o:(.text.R_UARTA_Open)
     a70      a70        0     1                 $t.0
     a71      a71       c8     1                 R_UARTA_Open
     b24      b24        0     1                 $d.1
     b38      b38       3a     2         ./ra/fsp/src/r_uarta/r_uarta.o:(.text.R_UARTA_Write)
     b38      b38        0     1                 $t.3
     b39      b39       3a     1                 R_UARTA_Write
     b74      b74       4c     4         ./ra/fsp/src/r_uarta/r_uarta.o:(.text.uarta_txi_isr)
     b74      b74        0     1                 $t.13
     b75      b75       4c     1                 uarta_txi_isr
     bbc      bbc        0     1                 $d.14
     bc0      bc0       4a     2         ./ra/fsp/src/r_uarta/r_uarta.o:(.text.r_uarta_call_callback)
     bc0      bc0        0     1                 $t.15
     bc1      bc1       4a     1                 r_uarta_call_callback
     c0c      c0c       5c     4         ./ra/fsp/src/r_uarta/r_uarta.o:(.text.uarta_rxi_isr)
     c0c      c0c        0     1                 $t.16
     c0d      c0d       5c     1                 uarta_rxi_isr
     c60      c60        0     1                 $d.17
     c68      c68       98     4         ./ra/fsp/src/r_tau/r_tau.o:(.text.R_TAU_Open)
     c68      c68        0     1                 $t.0
     c69      c69       98     1                 R_TAU_Open
     cf4      cf4        0     1                 $d.1
     d00      d00       10     4         ./ra/fsp/src/r_tau/r_tau.o:(.text.R_TAU_Start)
     d00      d00        0     1                 $t.2
     d01      d01       10     1                 R_TAU_Start
     d0c      d0c        0     1                 $d.3
     d10      d10        a     2         ./ra/fsp/src/r_tau/r_tau.o:(.text.r_tau_enable_irq)
     d10      d10        0     1                 $t.22
     d11      d11        a     1                 r_tau_enable_irq
     d1c      d1c       24     4         ./ra/fsp/src/r_tau/r_tau.o:(.text.r_tau_cnt_set)
     d1c      d1c        0     1                 $t.23
     d1d      d1d       24     1                 r_tau_cnt_set
     d3c      d3c        0     1                 $d.24
     d40      d40       18     4         ./ra/fsp/src/r_ioport/r_ioport.o:(.text.R_IOPORT_Open)
     d40      d40        0     1                 $t.0
     d41      d41       18     1                 R_IOPORT_Open
     d54      d54        0     1                 $d.1
     d58      d58       28     4         ./ra/fsp/src/r_ioport/r_ioport.o:(.text.R_IOPORT_PinWrite)
     d58      d58        0     1                 $t.11
     d59      d59       28     1                 R_IOPORT_PinWrite
     d7c      d7c        0     1                 $d.12
     d80      d80       40     4         ./ra/fsp/src/r_ioport/r_ioport.o:(.text.r_ioport_pins_config)
     d80      d80        0     1                 $t.22
     d81      d81       40     1                 r_ioport_pins_config
     dbc      dbc        0     1                 $d.23
     dc0      dc0       30     4         ./ra/fsp/src/r_ioport/r_ioport.o:(.text.R_BSP_PinAccessEnable)
     dc0      dc0        0     1                 $t.24
     dc1      dc1       30     1                 R_BSP_PinAccessEnable
     de8      de8        0     1                 $d.25
     df0      df0       34     4         ./ra/fsp/src/r_ioport/r_ioport.o:(.text.R_BSP_PinAccessDisable)
     df0      df0        0     1                 $t.26
     df1      df1       34     1                 R_BSP_PinAccessDisable
     e1c      e1c        0     1                 $d.27
     e24      e24       e0     4         ./ra/fsp/src/r_iica_master/r_iica_master.o:(.text.R_IICA_MASTER_Open)
     e24      e24        0     1                 $t.0
     e25      e25       e0     1                 R_IICA_MASTER_Open
     eec      eec        0     1                 $d.1
     f04      f04       12     2         ./ra/fsp/src/r_iica_master/r_iica_master.o:(.text.R_IICA_MASTER_Read)
     f04      f04        0     1                 $t.2
     f05      f05       12     1                 R_IICA_MASTER_Read
     f16      f16       14     2         ./ra/fsp/src/r_iica_master/r_iica_master.o:(.text.R_IICA_MASTER_Write)
     f16      f16        0     1                 $t.3
     f17      f17       14     1                 R_IICA_MASTER_Write
     f2c      f2c       58     4         ./ra/fsp/src/r_iica_master/r_iica_master.o:(.text.r_iica_master_read_write)
     f2c      f2c        0     1                 $t.11
     f2d      f2d       58     1                 r_iica_master_read_write
     f7c      f7c        0     1                 $d.12
     f84      f84       c4     4         ./ra/fsp/src/r_iica_master/r_iica_master.o:(.text.iica_master_txrxi_isr)
     f84      f84        0     1                 $t.15
     f85      f85       c4     1                 iica_master_txrxi_isr
    103c     103c        0     1                 $d.16
    1048     1048       30     4         ./ra/fsp/src/r_iica_master/r_iica_master.o:(.text.R_BSP_PinAccessEnable)
    1048     1048        0     1                 $t.17
    1049     1049       30     1                 R_BSP_PinAccessEnable
    1070     1070        0     1                 $d.18
    1078     1078       34     4         ./ra/fsp/src/r_iica_master/r_iica_master.o:(.text.R_BSP_PinAccessDisable)
    1078     1078        0     1                 $t.19
    1079     1079       34     1                 R_BSP_PinAccessDisable
    10a4     10a4        0     1                 $d.20
    10ac     10ac       26     2         ./ra/fsp/src/r_iica_master/r_iica_master.o:(.text.r_iica_master_notify)
    10ac     10ac        0     1                 $t.21
    10ad     10ad       26     1                 r_iica_master_notify
    10d4     10d4       38     4         ./ra/fsp/src/bsp/mcu/all/bsp_clocks.o:(.text.bsp_prv_operating_mode_set)
    10d4     10d4        0     1                 $t.0
    10d5     10d5       38     1                 bsp_prv_operating_mode_set
    1108     1108        0     1                 $d.1
    110c     110c       74     4         ./ra/fsp/src/bsp/mcu/all/bsp_clocks.o:(.text.bsp_prv_clock_set)
    110c     110c        0     1                 $t.6
    110d     110d       74     1                 bsp_prv_clock_set
    117c     117c        0     1                 $d.7
    1180     1180       b0     4         ./ra/fsp/src/bsp/mcu/all/bsp_clocks.o:(.text.bsp_clock_init)
    1180     1180        0     1                 $t.8
    1181     1181       b0     1                 bsp_clock_init
    120c     120c        0     1                 $d.9
    1230     1230        2     2         ./ra/fsp/src/bsp/mcu/all/bsp_clocks.o:(.text.R_BSP_SubClockStabilizeWaitAfterReset)
    1230     1230        0     1                 $t.11
    1231     1231        2     1                 R_BSP_SubClockStabilizeWaitAfterReset
    1232     1232        2     2         ./ra/fsp/src/bsp/mcu/all/bsp_clocks.o:(.text.R_BSP_Init_RTC)
    1232     1232        0     1                 $t.15
    1233     1233        2     1                 R_BSP_Init_RTC
    1234     1234       9c     4         ./ra/fsp/src/bsp/cmsis/Device/RENESAS/Source/system.o:(.text.SystemInit)
    1234     1234        0     1                 $t.0
    1235     1235       9c     1                 SystemInit
    12a8     12a8        0     1                 $d.1
    12d0     12d0        2     2         ./ra/board/ra0e1_fpb/board_init.o:(.text.bsp_init)
    12d0     12d0        0     1                 $t.0
    12d1     12d1        2     1                 bsp_init
    12d2     12d2       78     2         ./Modules/Serial_ASCII/ASCII_numbers.o:(.text.ConvertASCII2UINT16)
    12d2     12d2        0     1                 $t.0
    12d3     12d3       78     1                 ConvertASCII2UINT16
    134c     134c       c8     4         ./Modules/Serial_ASCII/Serial.o:(.text.SendString)
    134c     134c        0     1                 $t.0
    134d     134d       c8     1                 SendString
    140c     140c        0     1                 $d.1
    1414     1414       14     4         ./Modules/Serial_ASCII/Serial.o:(.text.RxBufferEmpty)
    1414     1414        0     1                 $t.4
    1415     1415       14     1                 RxBufferEmpty
    1424     1424        0     1                 $d.5
    1428     1428       9c     4         ./Modules/Serial_ASCII/Serial.o:(.text.UartA_CB)
    1428     1428        0     1                 $t.6
    1429     1429       9c     1                 UartA_CB
    14bc     14bc        0     1                 $d.7
    14c4     14c4       78     4         ./Modules/Serial_ASCII/Serial_user.o:(.text.ProcessReceiveBuffer)
    14c4     14c4        0     1                 $t.0
    14c5     14c5       78     1                 ProcessReceiveBuffer
    1530     1530        0     1                 $d.1
    153c     153c       b0     4         ./Modules/Serial_ASCII/Serial_user.o:(.text.ProcessPacket)
    153c     153c        0     1                 $t.2
    153d     153d       b0     1                 ProcessPacket
    15dc     15dc        0     1                 $d.3
    15ec     15ec       74     4         ./Modules/Scheduler/Scheduler.o:(.text.SysTick_Handler)
    15ec     15ec        0     1                 $t.0
    15ed     15ed       74     1                 SysTick_Handler
    1658     1658        0     1                 $d.1
    1660     1660       34     4         ./Modules/SSD1306/OLED/Src/ssd1306.o:(.text.ssd1306_I2C_Write)
    1660     1660        0     1                 $t.2
    1661     1661       34     1                 ssd1306_I2C_Write
    1688     1688        0     1                 $d.3
    1694     1694       40     4         ./Modules/SSD1306/OLED/Src/ssd1306.o:(.text.SSD1306_DrawPixel)
    1694     1694        0     1                 $t.13
    1695     1695       40     1                 SSD1306_DrawPixel
    16cc     16cc        0     1                 $d.14
    16d4     16d4      118     4         ./Modules/SSD1306/OLED/Src/ssd1306.o:(.text.SSD1306_Init)
    16d4     16d4        0     1                 $t.15
    16d5     16d5      118     1                 SSD1306_Init
    17e0     17e0        0     1                 $d.16
    17ec     17ec       1c     4         ./Modules/SSD1306/OLED/Src/ssd1306.o:(.text.SSD1306_Fill)
    17ec     17ec        0     1                 $t.17
    17ed     17ed       1c     1                 SSD1306_Fill
    1804     1804        0     1                 $d.18
    1808     1808       64     4         ./Modules/SSD1306/OLED/Src/ssd1306.o:(.text.SSD1306_UpdateScreen)
    1808     1808        0     1                 $t.19
    1809     1809       64     1                 SSD1306_UpdateScreen
    1864     1864        0     1                 $d.20
    186c     186c       48     4         ./Modules/SSD1306/OLED/Src/ssd1306.o:(.text.ssd1306_I2C_WriteMulti)
    186c     186c        0     1                 $t.21
    186d     186d       48     1                 ssd1306_I2C_WriteMulti
    18a4     18a4        0     1                 $d.22
    18b4     18b4        c     4         ./Modules/SSD1306/OLED/Src/ssd1306.o:(.text.SSD1306_GotoXY)
    18b4     18b4        0     1                 $t.25
    18b5     18b5        c     1                 SSD1306_GotoXY
    18bc     18bc        0     1                 $d.26
    18c0     18c0       94     4         ./Modules/SSD1306/OLED/Src/ssd1306.o:(.text.SSD1306_Putc)
    18c0     18c0        0     1                 $t.27
    18c1     18c1       94     1                 SSD1306_Putc
    1950     1950        0     1                 $d.28
    1954     1954       2c     2         ./Modules/SSD1306/OLED/Src/ssd1306.o:(.text.SSD1306_Puts)
    1954     1954        0     1                 $t.29
    1955     1955       2c     1                 SSD1306_Puts
    1980     1980       1c     4         ./Modules/SSD1306/OLED/Src/ssd1306.o:(.text.SSD1306_Clear)
    1980     1980        0     1                 $t.41
    1981     1981       1c     1                 SSD1306_Clear
    1998     1998        0     1                 $d.42
    199c     199c       2c     4         C:\Renesas\RA\e2studio_v2024-10_fsp_v5.6.0\toolchains\llvm_arm\LLVM-ET-Arm-18.1.3-Windows-x86_64\bin\..\lib\clang-runtimes/arm-none-eabi/armv6m_soft_nofp_exn_rtti\lib\libc.a(libc_picolib_inittls.c.o):(.text._init_tls)
    199c     199c        0     1                 $t.0
    199d     199d       2c     1                 _init_tls
    19b8     19b8        0     1                 $d.1
    19c8     19c8       14     4         C:\Renesas\RA\e2studio_v2024-10_fsp_v5.6.0\toolchains\llvm_arm\LLVM-ET-Arm-18.1.3-Windows-x86_64\bin\..\lib\clang-runtimes/arm-none-eabi/armv6m_soft_nofp_exn_rtti\lib\libc.a(libc_picolib_machine_arm_tls.c.o):(.text._set_tls)
    19c8     19c8        0     1                 $t.0
    19c9     19c9       14     1                 _set_tls
    19d4     19d4        0     1                 $d.1
    19dc     19dc       4c     4         C:\Renesas\RA\e2studio_v2024-10_fsp_v5.6.0\toolchains\llvm_arm\LLVM-ET-Arm-18.1.3-Windows-x86_64\bin\..\lib\clang-runtimes/arm-none-eabi/armv6m_soft_nofp_exn_rtti\lib\libc.a(libc_tinystdio_sprintf.c.o):(.text.sprintf)
    19dc     19dc        0     1                 $t.0
    19dd     19dd       4c     1                 sprintf
    1a20     1a20        0     1                 $d.1
    1a28     1a28       10     2         C:\Renesas\RA\e2studio_v2024-10_fsp_v5.6.0\toolchains\llvm_arm\LLVM-ET-Arm-18.1.3-Windows-x86_64\bin\..\lib\clang-runtimes/arm-none-eabi/armv6m_soft_nofp_exn_rtti\lib\libc.a(libc_tinystdio_filestrput.c.o):(.text.__file_str_put)
    1a28     1a28        0     1                 $t.0
    1a29     1a29       10     1                 __file_str_put
    1a38     1a38      b0c     4         C:\Renesas\RA\e2studio_v2024-10_fsp_v5.6.0\toolchains\llvm_arm\LLVM-ET-Arm-18.1.3-Windows-x86_64\bin\..\lib\clang-runtimes/arm-none-eabi/armv6m_soft_nofp_exn_rtti\lib\libc.a(libc_tinystdio_vfprintf.c.o):(.text.vfprintf)
    1a38     1a38        0     1                 $t.0
    1a39     1a39      b0c     1                 vfprintf
    1a39     1a39      b0c     1                 __d_vfprintf
    1ad8     1ad8        0     1                 $d.1
    1b00     1b00        0     1                 $t.2
    1cfc     1cfc        0     1                 $d.3
    1d18     1d18        0     1                 $t.4
    1d30     1d30        0     1                 $d.5
    1d34     1d34        0     1                 $t.6
    218c     218c        0     1                 $d.7
    2190     2190        0     1                 $t.8
    21b8     21b8        0     1                 $d.9
    21cc     21cc        0     1                 $t.10
    2538     2538        0     1                 $d.11
    2544     2544      158     4         C:\Renesas\RA\e2studio_v2024-10_fsp_v5.6.0\toolchains\llvm_arm\LLVM-ET-Arm-18.1.3-Windows-x86_64\bin\..\lib\clang-runtimes/arm-none-eabi/armv6m_soft_nofp_exn_rtti\lib\libc.a(libc_tinystdio_vfprintf.c.o):(.text.skip_to_arg)
    2544     2544        0     1                 $t.12
    2545     2545      158     1                 skip_to_arg
    2698     2698        0     1                 $d.13
    269c     269c       5a     2         C:\Renesas\RA\e2studio_v2024-10_fsp_v5.6.0\toolchains\llvm_arm\LLVM-ET-Arm-18.1.3-Windows-x86_64\bin\..\lib\clang-runtimes/arm-none-eabi/armv6m_soft_nofp_exn_rtti\lib\libc.a(libc_tinystdio_vfprintf.c.o):(.text.__ultoa_invert)
    269c     269c        0     1                 $t.14
    269d     269d       5a     1                 __ultoa_invert
    26f8     26f8      154     4         C:\Renesas\RA\e2studio_v2024-10_fsp_v5.6.0\toolchains\llvm_arm\LLVM-ET-Arm-18.1.3-Windows-x86_64\bin\..\lib\clang-runtimes/arm-none-eabi/armv6m_soft_nofp_exn_rtti\lib\libc.a(libc_tinystdio_dtox_engine.c.o):(.text.__dtox_engine)
    26f8     26f8        0     1                 $t.0
    26f9     26f9      154     1                 __dtox_engine
    2844     2844        0     1                 $d.1
    284c     284c       1e     2         C:\Renesas\RA\e2studio_v2024-10_fsp_v5.6.0\toolchains\llvm_arm\LLVM-ET-Arm-18.1.3-Windows-x86_64\bin\..\lib\clang-runtimes/arm-none-eabi/armv6m_soft_nofp_exn_rtti\lib\libc.a(libc_string_strnlen.c.o):(.text.strnlen)
    284c     284c        0     1                 $t.0
    284d     284d       1e     1                 strnlen
    286c     286c      4a4     4         C:\Renesas\RA\e2studio_v2024-10_fsp_v5.6.0\toolchains\llvm_arm\LLVM-ET-Arm-18.1.3-Windows-x86_64\bin\..\lib\clang-runtimes/arm-none-eabi/armv6m_soft_nofp_exn_rtti\lib\libc.a(libc_tinystdio_dtoa_ryu.c.o):(.text.__dtoa_engine)
    286c     286c        0     1                 $t.0
    286d     286d      4a4     1                 __dtoa_engine
    2c34     2c34        0     1                 $d.1
    2c40     2c40        0     1                 $t.2
    2d10     2d10       12     2         C:\Renesas\RA\e2studio_v2024-10_fsp_v5.6.0\toolchains\llvm_arm\LLVM-ET-Arm-18.1.3-Windows-x86_64\bin\..\lib\clang-runtimes/arm-none-eabi/armv6m_soft_nofp_exn_rtti\lib\libc.a(libc_tinystdio_dtoa_ryu.c.o):(.text.div10)
    2d10     2d10        0     1                 $t.3
    2d11     2d11       12     1                 div10
    2d24     2d24       20     4         C:\Renesas\RA\e2studio_v2024-10_fsp_v5.6.0\toolchains\llvm_arm\LLVM-ET-Arm-18.1.3-Windows-x86_64\bin\..\lib\clang-runtimes/arm-none-eabi/armv6m_soft_nofp_exn_rtti\lib\libc.a(libc_tinystdio_dtoa_ryu.c.o):(.text.umulh)
    2d24     2d24        0     1                 $t.4
    2d25     2d25       20     1                 umulh
    2d3c     2d3c        0     1                 $d.5
    2d44     2d44      216     2         C:\Renesas\RA\e2studio_v2024-10_fsp_v5.6.0\toolchains\llvm_arm\LLVM-ET-Arm-18.1.3-Windows-x86_64\bin\..\lib\clang-runtimes/arm-none-eabi/armv6m_soft_nofp_exn_rtti\lib\libc.a(libc_tinystdio_dtoa_ryu.c.o):(.text.mulShiftAll64)
    2d44     2d44        0     1                 $t.6
    2d45     2d45      216     1                 mulShiftAll64
    2f5a     2f5a       26     2         C:\Renesas\RA\e2studio_v2024-10_fsp_v5.6.0\toolchains\llvm_arm\LLVM-ET-Arm-18.1.3-Windows-x86_64\bin\..\lib\clang-runtimes/arm-none-eabi/armv6m_soft_nofp_exn_rtti\lib\libc.a(libc_tinystdio_dtoa_ryu.c.o):(.text.decimalLength17)
    2f5a     2f5a        0     1                 $t.7
    2f5b     2f5b       26     1                 decimalLength17
    2f80     2f80        c     4         C:\Renesas\RA\e2studio_v2024-10_fsp_v5.6.0\toolchains\llvm_arm\LLVM-ET-Arm-18.1.3-Windows-x86_64\bin\..\lib\clang-runtimes/arm-none-eabi/armv6m_soft_nofp_exn_rtti\lib\libc.a(libc_tinystdio_ryu_log10.c.o):(.text.__log10Pow2)
    2f80     2f80        0     1                 $t.0
    2f81     2f81        c     1                 __log10Pow2
    2f88     2f88        0     1                 $d.1
    2f8c     2f8c        c     4         C:\Renesas\RA\e2studio_v2024-10_fsp_v5.6.0\toolchains\llvm_arm\LLVM-ET-Arm-18.1.3-Windows-x86_64\bin\..\lib\clang-runtimes/arm-none-eabi/armv6m_soft_nofp_exn_rtti\lib\libc.a(libc_tinystdio_ryu_log10.c.o):(.text.__log10Pow5)
    2f8c     2f8c        0     1                 $t.2
    2f8d     2f8d        c     1                 __log10Pow5
    2f94     2f94        0     1                 $d.3
    2f98     2f98       10     4         C:\Renesas\RA\e2studio_v2024-10_fsp_v5.6.0\toolchains\llvm_arm\LLVM-ET-Arm-18.1.3-Windows-x86_64\bin\..\lib\clang-runtimes/arm-none-eabi/armv6m_soft_nofp_exn_rtti\lib\libc.a(libc_tinystdio_ryu_pow5bits.c.o):(.text.__pow5bits)
    2f98     2f98        0     1                 $t.0
    2f99     2f99       10     1                 __pow5bits
    2fa4     2fa4        0     1                 $d.1
    2fa8     2fa8       34     4         C:\Renesas\RA\e2studio_v2024-10_fsp_v5.6.0\toolchains\llvm_arm\LLVM-ET-Arm-18.1.3-Windows-x86_64\bin\..\lib\clang-runtimes/arm-none-eabi/armv6m_soft_nofp_exn_rtti\lib\libc.a(libc_tinystdio_ryu_table.c.o):(.text.__pow5Factor)
    2fa8     2fa8        0     1                 $t.0
    2fa9     2fa9       34     1                 __pow5Factor
    2fcc     2fcc        0     1                 $d.1
    2fdc     2fdc       f8     4         C:\Renesas\RA\e2studio_v2024-10_fsp_v5.6.0\toolchains\llvm_arm\LLVM-ET-Arm-18.1.3-Windows-x86_64\bin\..\lib\clang-runtimes/arm-none-eabi/armv6m_soft_nofp_exn_rtti\lib\libc.a(libc_tinystdio_ryu_table.c.o):(.text.__double_computePow5)
    2fdc     2fdc        0     1                 $t.2
    2fdd     2fdd       f8     1                 __double_computePow5
    30c8     30c8        0     1                 $d.3
    30d4     30d4       fc     4         C:\Renesas\RA\e2studio_v2024-10_fsp_v5.6.0\toolchains\llvm_arm\LLVM-ET-Arm-18.1.3-Windows-x86_64\bin\..\lib\clang-runtimes/arm-none-eabi/armv6m_soft_nofp_exn_rtti\lib\libc.a(libc_tinystdio_ryu_table.c.o):(.text.__double_computeInvPow5)
    30d4     30d4        0     1                 $t.4
    30d5     30d5       fc     1                 __double_computeInvPow5
    31c4     31c4        0     1                 $d.5
    31d0     31d0       6c     2         C:\Renesas\RA\e2studio_v2024-10_fsp_v5.6.0\toolchains\llvm_arm\LLVM-ET-Arm-18.1.3-Windows-x86_64\bin\..\lib\clang-runtimes/arm-none-eabi/armv6m_soft_nofp_exn_rtti\lib\libc.a(libc_tinystdio_ryu_umul128.c.o):(.text.__umul128)
    31d0     31d0        0     1                 $t.0
    31d1     31d1       6c     1                 __umul128
    323c     323c       28     2         C:\Renesas\RA\e2studio_v2024-10_fsp_v5.6.0\toolchains\llvm_arm\LLVM-ET-Arm-18.1.3-Windows-x86_64\bin\..\lib\clang-runtimes/arm-none-eabi/armv6m_soft_nofp_exn_rtti\lib\libc.a(libc_tinystdio_ryu_umul128.c.o):(.text.__shiftright128)
    323c     323c        0     1                 $t.1
    323d     323d       28     1                 __shiftright128
    3264     3264       10     2         C:\Renesas\RA\e2studio_v2024-10_fsp_v5.6.0\toolchains\llvm_arm\LLVM-ET-Arm-18.1.3-Windows-x86_64\bin\..\lib\clang-runtimes/arm-none-eabi/armv6m_soft_nofp_exn_rtti\lib\libc.a(aeabi_memset.c.o):(.text.__aeabi_memset)
    3264     3264        0     1                 $t.0
    3265     3265       10     1                 __aeabi_memset
    3265     3265       10     1                 __aeabi_memset4
    3265     3265       10     1                 __aeabi_memset8
    3274     3274        e     2         C:\Renesas\RA\e2studio_v2024-10_fsp_v5.6.0\toolchains\llvm_arm\LLVM-ET-Arm-18.1.3-Windows-x86_64\bin\..\lib\clang-runtimes/arm-none-eabi/armv6m_soft_nofp_exn_rtti\lib\libc.a(bzero.c.o):(.text.bzero)
    3274     3274        0     1                 $t.0
    3275     3275        e     1                 bzero
    3275     3275        e     1                 __aeabi_memclr4
    3275     3275        e     1                 __aeabi_memclr8
    3275     3275        e     1                 __aeabi_memclr
    3282     3282       14     2         C:\Renesas\RA\e2studio_v2024-10_fsp_v5.6.0\toolchains\llvm_arm\LLVM-ET-Arm-18.1.3-Windows-x86_64\bin\..\lib\clang-runtimes/arm-none-eabi/armv6m_soft_nofp_exn_rtti\lib\libc.a(memcpy.c.o):(.text.memcpy)
    3282     3282        0     1                 $t.0
    3283     3283       14     1                 memcpy
    3283     3283       14     1                 __aeabi_memcpy4
    3283     3283       14     1                 __aeabi_memcpy8
    3283     3283       14     1                 __aeabi_memcpy
    3296     3296        e     2         C:\Renesas\RA\e2studio_v2024-10_fsp_v5.6.0\toolchains\llvm_arm\LLVM-ET-Arm-18.1.3-Windows-x86_64\bin\..\lib\clang-runtimes/arm-none-eabi/armv6m_soft_nofp_exn_rtti\lib\libc.a(memset.c.o):(.text.memset)
    3296     3296        0     1                 $t.0
    3297     3297        e     1                 memset
    32a4     32a4      1a2     4         C:\Renesas\RA\e2studio_v2024-10_fsp_v5.6.0\toolchains\llvm_arm\LLVM-ET-Arm-18.1.3-Windows-x86_64\bin\..\lib\clang-runtimes/arm-none-eabi/armv6m_soft_nofp_exn_rtti\lib\libclang_rt.builtins.a(udivsi3.S.obj):(.text)
    32a4     32a4        0     1                 $t.0
    32a5     32a5      1a2     1                 __aeabi_uidiv
    32a5     32a5      1a2     1                 __udivsi3
    3448     3448      138     4         C:\Renesas\RA\e2studio_v2024-10_fsp_v5.6.0\toolchains\llvm_arm\LLVM-ET-Arm-18.1.3-Windows-x86_64\bin\..\lib\clang-runtimes/arm-none-eabi/armv6m_soft_nofp_exn_rtti\lib\libclang_rt.builtins.a(addsf3.S.obj):(.text)
    3448     3448        0     1                 $t.0
    3449     3449      138     1                 __aeabi_fadd
    3449     3449      138     1                 __addsf3
    3580     3580       2e     2         C:\Renesas\RA\e2studio_v2024-10_fsp_v5.6.0\toolchains\llvm_arm\LLVM-ET-Arm-18.1.3-Windows-x86_64\bin\..\lib\clang-runtimes/arm-none-eabi/armv6m_soft_nofp_exn_rtti\lib\libclang_rt.builtins.a(ashldi3.c.obj):(.text.__ashldi3)
    3580     3580        0     1                 $t.0
    3581     3581       2e     1                 __ashldi3
    3581     3581       2e     1                 __aeabi_llsl
    35ae     35ae       5c     2         C:\Renesas\RA\e2studio_v2024-10_fsp_v5.6.0\toolchains\llvm_arm\LLVM-ET-Arm-18.1.3-Windows-x86_64\bin\..\lib\clang-runtimes/arm-none-eabi/armv6m_soft_nofp_exn_rtti\lib\libclang_rt.builtins.a(clzsi2.c.obj):(.text.__clzsi2)
    35ae     35ae        0     1                 $t.0
    35af     35af       5c     1                 __clzsi2
    360c     360c      208     4         C:\Renesas\RA\e2studio_v2024-10_fsp_v5.6.0\toolchains\llvm_arm\LLVM-ET-Arm-18.1.3-Windows-x86_64\bin\..\lib\clang-runtimes/arm-none-eabi/armv6m_soft_nofp_exn_rtti\lib\libclang_rt.builtins.a(divsf3.c.obj):(.text.__divsf3)
    360c     360c        0     1                 $t.0
    360d     360d      208     1                 __divsf3
    360d     360d      208     1                 __aeabi_fdiv
    3808     3808        0     1                 $d.1
    3814     3814       60     4         C:\Renesas\RA\e2studio_v2024-10_fsp_v5.6.0\toolchains\llvm_arm\LLVM-ET-Arm-18.1.3-Windows-x86_64\bin\..\lib\clang-runtimes/arm-none-eabi/armv6m_soft_nofp_exn_rtti\lib\libclang_rt.builtins.a(fixsfsi.c.obj):(.text.__fixsfsi)
    3814     3814        0     1                 $t.0
    3815     3815       60     1                 __fixsfsi
    3815     3815       60     1                 __aeabi_f2iz
    386c     386c        0     1                 $d.1
    3874     3874       52     2         C:\Renesas\RA\e2studio_v2024-10_fsp_v5.6.0\toolchains\llvm_arm\LLVM-ET-Arm-18.1.3-Windows-x86_64\bin\..\lib\clang-runtimes/arm-none-eabi/armv6m_soft_nofp_exn_rtti\lib\libclang_rt.builtins.a(floatunsisf.c.obj):(.text.__floatunsisf)
    3874     3874        0     1                 $t.0
    3875     3875       52     1                 __floatunsisf
    3875     3875       52     1                 __aeabi_ui2f
    38c6     38c6       2e     2         C:\Renesas\RA\e2studio_v2024-10_fsp_v5.6.0\toolchains\llvm_arm\LLVM-ET-Arm-18.1.3-Windows-x86_64\bin\..\lib\clang-runtimes/arm-none-eabi/armv6m_soft_nofp_exn_rtti\lib\libclang_rt.builtins.a(lshrdi3.c.obj):(.text.__lshrdi3)
    38c6     38c6        0     1                 $t.0
    38c7     38c7       2e     1                 __lshrdi3
    38c7     38c7       2e     1                 __aeabi_llsr
    38f4     38f4       34     2         C:\Renesas\RA\e2studio_v2024-10_fsp_v5.6.0\toolchains\llvm_arm\LLVM-ET-Arm-18.1.3-Windows-x86_64\bin\..\lib\clang-runtimes/arm-none-eabi/armv6m_soft_nofp_exn_rtti\lib\libclang_rt.builtins.a(muldi3.c.obj):(.text.__muldi3)
    38f4     38f4        0     1                 $t.0
    38f5     38f5       34     1                 __muldi3
    38f5     38f5       34     1                 __aeabi_lmul
    3928     3928      17c     4         C:\Renesas\RA\e2studio_v2024-10_fsp_v5.6.0\toolchains\llvm_arm\LLVM-ET-Arm-18.1.3-Windows-x86_64\bin\..\lib\clang-runtimes/arm-none-eabi/armv6m_soft_nofp_exn_rtti\lib\libclang_rt.builtins.a(mulsf3.c.obj):(.text.__mulsf3)
    3928     3928        0     1                 $t.0
    3929     3929      17c     1                 __mulsf3
    3929     3929      17c     1                 __aeabi_fmul
    3a9c     3a9c        0     1                 $d.1
    3aa4     3aa4        e     2         C:\Renesas\RA\e2studio_v2024-10_fsp_v5.6.0\toolchains\llvm_arm\LLVM-ET-Arm-18.1.3-Windows-x86_64\bin\..\lib\clang-runtimes/arm-none-eabi/armv6m_soft_nofp_exn_rtti\lib\libclang_rt.builtins.a(subsf3.c.obj):(.text.__subsf3)
    3aa4     3aa4        0     1                 $t.0
    3aa5     3aa5        e     1                 __subsf3
    3aa5     3aa5        e     1                 __aeabi_fsub
    3ab2     3ab2        2     2         C:\Renesas\RA\e2studio_v2024-10_fsp_v5.6.0\toolchains\llvm_arm\LLVM-ET-Arm-18.1.3-Windows-x86_64\bin\..\lib\clang-runtimes/arm-none-eabi/armv6m_soft_nofp_exn_rtti\lib\libclang_rt.builtins.a(aeabi_div0.c.obj):(.text.__aeabi_idiv0)
    3ab2     3ab2        0     1                 $t.0
    3ab3     3ab3        2     1                 __aeabi_idiv0
    3ab4     3ab4       62     4         C:\Renesas\RA\e2studio_v2024-10_fsp_v5.6.0\toolchains\llvm_arm\LLVM-ET-Arm-18.1.3-Windows-x86_64\bin\..\lib\clang-runtimes/arm-none-eabi/armv6m_soft_nofp_exn_rtti\lib\libclang_rt.builtins.a(aeabi_fcmp.S.obj):(.text)
    3ab4     3ab4        0     1                 $t.0
    3ab5     3ab5       12     1                 __aeabi_fcmpeq
    3ac9     3ac9       12     1                 __aeabi_fcmplt
    3add     3add       12     1                 __aeabi_fcmple
    3af1     3af1       12     1                 __aeabi_fcmpge
    3b05     3b05       12     1                 __aeabi_fcmpgt
    3b18     3b18       8e     4         C:\Renesas\RA\e2studio_v2024-10_fsp_v5.6.0\toolchains\llvm_arm\LLVM-ET-Arm-18.1.3-Windows-x86_64\bin\..\lib\clang-runtimes/arm-none-eabi/armv6m_soft_nofp_exn_rtti\lib\libclang_rt.builtins.a(comparesf2.S.obj):(.text)
    3b18     3b18        0     1                 $t.0
    3b19     3b19       3a     1                 __eqsf2
    3b19     3b19       3a     1                 __lesf2
    3b19     3b19       3a     1                 __ltsf2
    3b19     3b19       3a     1                 __nesf2
    3b19     3b19       3a     1                 __cmpsf2
    3b55     3b55       3c     1                 __gtsf2
    3b55     3b55       3c     1                 __gesf2
    3b91     3b91       16     1                 __unordsf2
    3b91     3b91       16     1                 __aeabi_fcmpun
    3ba8     3ba8       14     4         C:\Renesas\RA\e2studio_v2024-10_fsp_v5.6.0\toolchains\llvm_arm\LLVM-ET-Arm-18.1.3-Windows-x86_64\bin\..\lib\clang-runtimes/arm-none-eabi/armv6m_soft_nofp_exn_rtti\lib\libclang_rt.builtins.a(aeabi_uldivmod.S.obj):(.text)
    3ba8     3ba8        0     1                 $t.0
    3ba9     3ba9       14     1                 __aeabi_uldivmod
    3bbc     3bbc      2b0     4         C:\Renesas\RA\e2studio_v2024-10_fsp_v5.6.0\toolchains\llvm_arm\LLVM-ET-Arm-18.1.3-Windows-x86_64\bin\..\lib\clang-runtimes/arm-none-eabi/armv6m_soft_nofp_exn_rtti\lib\libclang_rt.builtins.a(udivmoddi4.c.obj):(.text.__udivmoddi4)
    3bbc     3bbc        0     1                 $t.0
    3bbd     3bbd      2b0     1                 __udivmoddi4
    3e48     3e48        0     1                 $d.1
    3e6c     3e6c       4e     4         ./ra/fsp/src/bsp/mcu/all/bsp_common.o:(.version)
    3e6c     3e6c        4     1                 g_fsp_version
    3e70     3e70        6     1                 g_fsp_version_string
    3e76     3e76       44     1                 g_fsp_version_build_string
    3eba     3eba        2     1         ./src/hal_entry.o:(.rodata.cmdRead)
    3eba     3eba        2     1                 cmdRead
    3ebc     3ebc       43     1         <internal>:(.rodata.str1.1)
    3f00     3f00        c     2         ./ra_gen/hal_data.o:(.rodata.g_timer0_extend)
    3f00     3f00        c     1                 g_timer0_extend
    3f0c     3f0c       20     4         ./ra_gen/hal_data.o:(.rodata.g_timer0_cfg)
    3f0c     3f0c       20     1                 g_timer0_cfg
    3f2c     3f2c       18     4         ./ra_gen/hal_data.o:(.rodata.g_iica_master0_extend)
    3f2c     3f2c       18     1                 g_iica_master0_extend
    3f44     3f44       28     4         ./ra_gen/hal_data.o:(.rodata.g_iica_master0_cfg)
    3f44     3f44       28     1                 g_iica_master0_cfg
    3f6c     3f6c        8     4         ./ra_gen/hal_data.o:(.rodata.g_uart0_cfg_extend)
    3f6c     3f6c        8     1                 g_uart0_cfg_extend
    3f74     3f74       20     4         ./ra_gen/hal_data.o:(.rodata.g_uart0_cfg)
    3f74     3f74       20     1                 g_uart0_cfg
    3f94     3f94       e8     4         ./ra_gen/pin_data.o:(.rodata.g_bsp_pin_cfg_data)
    3f94     3f94       e8     1                 g_bsp_pin_cfg_data
    407c     407c        c     4         ./ra_gen/pin_data.o:(.rodata.g_bsp_pin_cfg)
    407c     407c        c     1                 g_bsp_pin_cfg
    4088     4088        4     1         <internal>:(.rodata.cst4)
    408c     408c        8     1         <internal>:(.rodata.cst8)
    4094     4094       10     2         <internal>:(.rodata.cst16)
    40a4     40a4      76c     2         ./Modules/SSD1306/OLED/Src/fonts.o:(.rodata.Font7x10)
    40a4     40a4      76c     1                 Font7x10
    4810     4810      d5c     2         ./Modules/SSD1306/OLED/Src/fonts.o:(.rodata.Font11x18)
    4810     4810      d5c     1                 Font11x18
    556c     556c     134c     2         ./Modules/SSD1306/OLED/Src/fonts.o:(.rodata.Font16x26)
    556c     556c     134c     1                 Font16x26
    68b8     68b8      33c     8         C:\Renesas\RA\e2studio_v2024-10_fsp_v5.6.0\toolchains\llvm_arm\LLVM-ET-Arm-18.1.3-Windows-x86_64\bin\..\lib\clang-runtimes/arm-none-eabi/armv6m_soft_nofp_exn_rtti\lib\libc.a(libc_tinystdio_ryu_table.c.o):(.rodata)
    68b8     68b8       d0     1                 DOUBLE_POW5_SPLIT2
    6988     6988       d0     1                 DOUBLE_POW5_TABLE
    6a58     6a58       54     1                 POW5_OFFSETS
    6ab0     6ab0       f0     1                 DOUBLE_POW5_INV_SPLIT2
    6ba0     6ba0       54     1                 POW5_INV_OFFSETS
    6bf4     6bf4        0     1         __usb_dev_descriptor_start_fs = .
    6bf4     6bf4        0     1         __usb_cfg_descriptor_start_fs = .
    6bf4     6bf4        0     1         __usb_interface_descriptor_start_fs = .
    6bf4     6bf4        0     1         __usb_descriptor_end_fs = .
    6bf4     6bf4        0     1         __usb_dev_descriptor_start_hs = .
    6bf4     6bf4        0     1         __usb_cfg_descriptor_start_hs = .
    6bf4     6bf4        0     1         __usb_interface_descriptor_start_hs = .
    6bf4     6bf4        0     1         __usb_descriptor_end_hs = .
    6bf4     6bf4        0     1         __ROM_End = .
    6bf4     6bf4        0     1 __Vectors_Size = __Vectors_End - __Vectors
    6bf4     6bf4        0     1 . = .
    6bf4     6bf4        0     1 __itcm_data_pre_location = .
    6bf4     6bf4        0     1 ITCM_BYTE_ALIGN_VALUE = ( __ITCM_LENGTH > 0 ) ? 16 : 4
       0        0        0     4 .itcm_data
       0        0        0     1         __tz_ITCM_S = ABSOLUTE ( __ITCM_START )
       0        0        0     1         __itcm_data_start = .
       0        0        0     1         . = ALIGN ( 8 )
       0        0        0     1         __itcm_data_end = .
       0        0        0     1         __tz_ITCM_N = DEFINED ( ITCM_NS_START ) ? ABSOLUTE ( ITCM_NS_START ) : ALIGN ( __itcm_data_end , 8192 )
       0        0        0     1 __itcm_data_init_start = LOADADDR ( .itcm_data )
       0        0        0     1 __itcm_data_init_end = LOADADDR ( .itcm_data ) + SIZEOF ( .itcm_data )
       0        0        0     1 
       0        0        0     1 
       0        0        0     1 
       0        0        0     1 
       0        0     6bf4     1 . = ( SIZEOF ( .itcm_data ) > 0 ) ? __itcm_data_init_end : __itcm_data_pre_location
    6bf4     6bf4        0     1 __exidx_start = .
    6bf4     6bf4        0     1 __exidx_end = .
    6bf4     6bf4        0     1 __tz_RAM_S = ORIGIN ( RAM )
20004000 20004000        0     1 .fsp_dtc_vector_table
20004000 20004000        0     1         . = ORIGIN ( RAM )
20004000     6bf4       50     4 .data
20004000     6bf4        0     1         __data_start__ = .
20004000     6bf4        0     1         . = ALIGN ( 4 )
20004000     6bf4        0     1         __Code_In_RAM_Start = .
20004000     6bf4        0     1         __Code_In_RAM_End = .
20004000     6bf4        1     1         ./src/hal_entry.o:(.data.i2c_event)
20004000     6bf4        1     1                 i2c_event
20004004     6bf8       28     4         ./src/hal_entry.o:(.data..L_MergedGlobals)
20004004     6bf8        1     1                 currentTempF
20004005     6bf9        1     1                 currentHum
20004006     6bfa        1     1                 fan
20004007     6bfb        1     1                 noBytestoRW
20004008     6bfc        1     1                 tenSecCounter
20004009     6bfd        1     1                 flashEnable
2000400a     6bfe        2     1                 pulse_width_us
2000400c     6c00        2     1                 desiredTempF
2000400e     6c02        2     1                 tempcheck
20004010     6c04        2     1                 flashDelaySeed
20004012     6c06        2     1                 flashDelay
20004014     6c08        2     1                 temp
20004018     6c0c        4     1                 Kp
2000401c     6c10        4     1                 Ki
20004020     6c14        4     1                 Kd
20004024     6c18        8     1                 readEEpromValues
2000402c     6c20        4     2         ./ra_gen/hal_data.o:(.data.g_uart0_baud_setting)
2000402c     6c20        4     1                 g_uart0_baud_setting
20004030     6c24        8     2         ./Modules/Scheduler/Scheduler.o:(.data..L_MergedGlobals)
20004030     6c24        2     1                 ten_mS_Counter
20004032     6c26        2     1                 twentyfive_mS_Counter
20004034     6c28        2     1                 hundred_mS_Counter
20004036     6c2a        2     1                 one_S_Counter
20004038     6c2c        8     4         ./Modules/SSD1306/OLED/Src/fonts.o:(.data.Font_7x10)
20004038     6c2c        8     1                 Font_7x10
20004040     6c34        8     4         ./Modules/SSD1306/OLED/Src/fonts.o:(.data.Font_11x18)
20004040     6c34        8     1                 Font_11x18
20004048     6c3c        8     4         ./Modules/SSD1306/OLED/Src/fonts.o:(.data.Font_16x26)
20004048     6c3c        8     1                 Font_16x26
20004050     6c44        0     1         . = ALIGN ( 4 )
20004050     6c44        0     1         . = ALIGN ( 4 )
20004050     6c44        0     1         PROVIDE_HIDDEN ( __init_array_start = . )
20004050     6c44        0     1         PROVIDE_HIDDEN ( __init_array_end = . )
20004050     6c44        0     1         . = ALIGN ( 4 )
20004050     6c44        0     1         . = ALIGN ( 4 )
20004050     6c44        0     1         __data_end__ = .
20004050     6c44        0     1 __etext = LOADADDR ( .data )
20004050     6c44        1     1 .tdata
20004050     6c44        1     1         BYTE ( 0xFF )
20004051     6c45        0     1 PROVIDE ( __tls_base = ADDR ( .tdata ) )
20004051     6c45        0     1 PROVIDE ( __tdata_source = LOADADDR ( .tdata ) )
20004051     6c45        0     1 PROVIDE ( __tdata_size = SIZEOF ( .tdata ) )
20004051     6c45        0     1 PROVIDE ( __tls_align = MAX ( ALIGNOF ( .tdata ) , ALIGNOF ( .tbss ) ) )
20004051 20004051        0     1 .tbss
20004051 20004051        0     1         PROVIDE ( __tls_end = . )
20004051 20004051        0     1 PROVIDE ( __tbss_offset = ADDR ( .tbss ) - ADDR ( .tdata ) )
20004051 20004051        0     1 PROVIDE ( __tbss_size = SIZEOF ( .tbss ) )
20004051 20004051        0     1 PROVIDE ( __arm32_tls_tcb_offset = MAX ( 8 , __tls_align ) )
20004051 20004051        0     1 . = .
20004051 20004051        0     1 __dtcm_data_pre_location = LOADADDR ( .tdata ) + SIZEOF ( .tdata )
20004051 20004051        0     1 DTCM_BYTE_ALIGN_VALUE = ( __DTCM_LENGTH > 0 ) ? 16 : 4
       0        0        0     4 .dtcm_data
       0        0        0     1         __tz_DTCM_S = ABSOLUTE ( __DTCM_START )
       0        0        0     1         __dtcm_data_start = .
       0        0        0     1         . = ALIGN ( 8 )
       0        0        0     1         __dtcm_data_end = .
       0        0        0     1 . = __dtcm_data_end
       0        0        0     1 .dtcm_bss
       0        0        0     1         __dtcm_bss_start = .
       0        0        0     1         . = ALIGN ( 8 )
       0        0        0     1         __dtcm_bss_end = .
       0        0        0     1         __tz_DTCM_N = DEFINED ( DTCM_NS_START ) ? ABSOLUTE ( DTCM_NS_START ) : ALIGN ( __dtcm_bss_end , 8192 )
       0        0        0     1 __dtcm_data_init_start = LOADADDR ( .dtcm_data )
       0        0        0     1 __dtcm_data_init_end = LOADADDR ( .dtcm_data ) + SIZEOF ( .dtcm_data )
       0        0        0     1 
       0        0        0     1 
       0        0        0     1 
       0        0        0     1 
       0        0        0     1 
       0        0        0     1 
       0        0        0     1 
       0        0        0     1 
       0        0     6c45     1 . = ( SIZEOF ( .dtcm_data ) > 0 ) ? __dtcm_data_init_end : __dtcm_data_pre_location
    6c45     6c45        0     1 sgstubs_pre_location = .
    6c45     6c45        0     1 SGSTUBS_LOC = ( DEFINED ( PROJECT_SECURE ) && DEFINED ( FLASH_NSC_START ) ) ? ABSOLUTE ( FLASH_NSC_START ) : ALIGN ( 1024 )
    7000     7000        0  1024 .gnu.sgstubs
    7000     7000        0     1         __tz_FLASH_C = DEFINED ( FLASH_NSC_START ) ? ABSOLUTE ( FLASH_NSC_START ) : __RESERVE_NS_RAM ? ABSOLUTE ( FLASH_START + FLASH_LENGTH ) : ALIGN ( 1024 )
    7000     7000        0     1         _start_sg = .
    7000     7000        0     1         . = ALIGN ( 32 )
    7000     7000        0     1         _end_sg = .
    7000     7000        0     1 __tz_FLASH_N = DEFINED ( FLASH_NS_START ) ? ABSOLUTE ( FLASH_NS_START ) : __RESERVE_NS_RAM ? ABSOLUTE ( FLASH_START + FLASH_LENGTH ) : FLASH_LENGTH < 32768 ? FLASH_LENGTH : ALIGN ( 32768 )
    7000     7000        0     1 __tz_QSPI_FLASH_S = ORIGIN ( QSPI_FLASH )
60000000 60000000        0     1 .qspi_flash
60000000 60000000        0     1         __qspi_flash_start__ = .
60000000 60000000        0     1         __qspi_flash_end__ = .
60000000 60000000        0     1 __qspi_flash_code_size__ = __qspi_flash_end__ - __qspi_flash_start__
60000000 60000000        0     1 __qspi_flash_code_addr__ = sgstubs_pre_location
60000000 60000000        0     1 .qspi_non_retentive
60000000 60000000        0     1         __qspi_non_retentive_start__ = .
60000000 60000000        0     1         __qspi_non_retentive_end__ = .
60000000 60000000        0     1 __qspi_non_retentive_size__ = __qspi_non_retentive_end__ - __qspi_non_retentive_start__
60000000 60000000        0     1 __qspi_region_max_size__ = 0x4000000
60000000 60000000        0     1 __qspi_region_start_address__ = __qspi_flash_start__
60000000 60000000        0     1 __qspi_region_end_address__ = __qspi_flash_start__ + __qspi_region_max_size__
60000000 60000000        0     1 __tz_QSPI_FLASH_N = __qspi_non_retentive_end__
80020000 80020000        0     1 .OSPI_DEVICE_0_NO_LOAD
80020000 80020000        0     1         . = ALIGN ( 4 )
80020000 80020000        0     1         __ospi_device_0_start__ = .
80020000 80020000        0     1         . = ALIGN ( 4 )
80020000 80020000        0     1         __ospi_device_0_end__ = .
80030000 80030000        0     1 .OSPI_DEVICE_1_NO_LOAD
80030000 80030000        0     1         . = ALIGN ( 4 )
80030000 80030000        0     1         __ospi_device_1_start__ = .
80030000 80030000        0     1         . = ALIGN ( 4 )
80030000 80030000        0     1         __ospi_device_1_end__ = .
80030000 80030000        0     1 __tz_OSPI_DEVICE_0_S = ORIGIN ( OSPI_DEVICE_0 )
80020000 80020000        0     1 .OSPI_DEVICE_0
80020000 80020000        0     1         __ospi_device_0_start__ = .
80020000 80020000        0     1         __ospi_device_0_end__ = .
80020000 80020000        0     1 __ospi_device_0_code_size__ = __ospi_device_0_end__ - __ospi_device_0_start__
80020000 80020000        0     1 __ospi_device_0_code_addr__ = sgstubs_pre_location + ( SIZEOF ( .qspi_non_retentive ) )
80020000 80020000        0     1 .ospi_device_0_non_retentive
80020000 80020000        0     1         __ospi_device_0_non_retentive_start__ = .
80020000 80020000        0     1         __ospi_device_0_non_retentive_end__ = .
80020000 80020000        0     1 __ospi_device_0_non_retentive_size__ = __ospi_device_0_non_retentive_end__ - __ospi_device_0_non_retentive_start__
80020000 80020000        0     1 __ospi_device_0_region_max_size__ = 0x8000000
80020000 80020000        0     1 __ospi_device_0_region_start_address__ = __ospi_device_0_start__
80020000 80020000        0     1 __ospi_device_0_region_end_address__ = __ospi_device_0_start__ + __ospi_device_0_region_max_size__
80020000 80020000        0     1 __tz_OSPI_DEVICE_0_N = __ospi_device_0_non_retentive_end__
80020000 80020000        0     1 __tz_OSPI_DEVICE_1_S = ORIGIN ( OSPI_DEVICE_1 )
80030000 80030000        0     1 .OSPI_DEVICE_1
80030000 80030000        0     1         __ospi_device_1_start__ = .
80030000 80030000        0     1         __ospi_device_1_end__ = .
80030000 80030000        0     1 __ospi_device_1_code_size__ = __ospi_device_1_end__ - __ospi_device_1_start__
80030000 80030000        0     1 __ospi_device_1_code_addr__ = sgstubs_pre_location + ( SIZEOF ( .qspi_non_retentive ) + SIZEOF ( .ospi_device_0_non_retentive ) )
80030000 80030000        0     1 .ospi_device_1_non_retentive
80030000 80030000        0     1         __ospi_device_1_non_retentive_start__ = .
80030000 80030000        0     1         __ospi_device_1_non_retentive_end__ = .
80030000 80030000        0     1 __ospi_device_1_non_retentive_size__ = __ospi_device_1_non_retentive_end__ - __ospi_device_1_non_retentive_start__
80030000 80030000        0     1 __ospi_device_1_region_max_size__ = 0x10000000
80030000 80030000        0     1 __ospi_device_1_region_start_address__ = __ospi_device_1_start__
80030000 80030000        0     1 __ospi_device_1_region_end_address__ = __ospi_device_1_start__ + __ospi_device_1_region_max_size__
80030000 80030000        0     1 __tz_OSPI_DEVICE_1_N = __ospi_device_1_non_retentive_end__
20004054 20004054       14     4 .noinit
20004054 20004054        0     1         . = ALIGN ( 4 )
20004054 20004054        0     1         __noinit_start = .
20004054 20004054       14     4         ./ra/fsp/src/bsp/mcu/all/bsp_clocks.o:(.noinit)
20004054 20004054       14     1                 g_clock_freq
20004068 20004068        0     1         . = ALIGN ( 8 )
20004068 20004068        0     1         __noinit_end = .
20004070 20004070      774    16 .bss
20004070 20004070        0     1         . = ALIGN ( 4 )
20004070 20004070        0     1         __bss_start__ = .
20004070 20004070        1     1         ./src/hal_entry.o:(.bss.i2cBusy)
20004070 20004070        1     1                 i2cBusy
20004071 20004071        1     1         ./src/hal_entry.o:(.bss.zoneNumber)
20004071 20004071        1     1                 zoneNumber
20004074 20004074       7c     4         ./src/hal_entry.o:(.bss..L_MergedGlobals.8)
20004074 20004074        1     1                 x
20004075 20004075        1     1                 getTempHum
20004076 20004076        1     1                 getTempHumState
20004077 20004077        1     1                 five_seconds
20004078 20004078        1     1                 readEEPROM
20004079 20004079        1     1                 writeEEPROM
2000407a 2000407a        1     1                 eepromReadWriteState
2000407b 2000407b        1     1                 y
2000407c 2000407c        1     1                 z
2000407d 2000407d        1     1                 cmdArray
2000407e 2000407e        2     1                 readWriteStartingRegister
20004080 20004080        4     1                 err
20004084 20004084        4     1                 prev_error
20004088 20004088        4     1                 integral
2000408c 2000408c        4     1                 vent
20004090 20004090        4     1                 zone
20004094 20004094        4     1                 target
20004098 20004098        4     1                 seconds
2000409c 2000409c        6     1                 sensorRegisters
200040a2 200040a2        6     1                 prevRegisters
200040a8 200040a8        8     1                 writeEEpromValues
200040b0 200040b0       10     1                 str1
200040c0 200040c0       10     1                 str2
200040d0 200040d0       10     1                 str4
200040e0 200040e0       10     1                 str3
200040f0 200040f0        8     4         ./ra_gen/common_data.o:(.bss.g_ioport_ctrl)
200040f0 200040f0        8     1                 g_ioport_ctrl
200040f8 200040f8       14     4         ./ra_gen/hal_data.o:(.bss.g_timer0_ctrl)
200040f8 200040f8       14     1                 g_timer0_ctrl
2000410c 2000410c       34     4         ./ra_gen/hal_data.o:(.bss.g_iica_master0_ctrl)
2000410c 2000410c       34     1                 g_iica_master0_ctrl
20004140 20004140       2c     4         ./ra_gen/hal_data.o:(.bss.g_uart0_ctrl)
20004140 20004140       2c     1                 g_uart0_ctrl
2000416c 2000416c       24     4         ./ra/fsp/src/bsp/mcu/all/bsp_group_irq.o:(.bss.g_bsp_group_irq_sources)
2000416c 2000416c       24     1                 g_bsp_group_irq_sources
20004190 20004190        4     4         ./ra/fsp/src/bsp/mcu/all/bsp_io.o:(.bss.g_protect_pfswe_counter)
20004190 20004190        4     1                 g_protect_pfswe_counter
20004194 20004194       a8     4         ./ra/fsp/src/bsp/mcu/all/bsp_irq.o:(.bss.gp_renesas_isr_context)
20004194 20004194       a8     1                 gp_renesas_isr_context
2000423c 2000423c        4     4         ./ra/fsp/src/bsp/cmsis/Device/RENESAS/Source/system.o:(.bss.SystemCoreClock)
2000423c 2000423c        4     1                 SystemCoreClock
20004240 20004240       6a     2         ./Modules/Serial_ASCII/Serial.o:(.bss..L_MergedGlobals)
20004240 20004240        1     1                 nextSerialTxOut
20004241 20004241        1     1                 nextSerialTxIn
20004242 20004242        1     1                 nextSerialRxIn
20004243 20004243        1     1                 nextSerialRx2Proc
20004244 20004244        2     1                 commError
20004246 20004246       32     1                 txBuffer
20004278 20004278       32     1                 rxBuffer
200042aa 200042aa       1a     2         ./Modules/Serial_ASCII/Serial_user.o:(.bss..L_MergedGlobals)
200042aa 200042aa        1     1                 inPacket
200042ab 200042ab        1     1                 nextPacketChar
200042ac 200042ac        1     1                 processPacket
200042ad 200042ad        1     1                 pin_level2
200042ae 200042ae        2     1                 tempValue
200042b0 200042b0       14     1                 packetBuffer
200042c4 200042c4        8     2         ./Modules/Scheduler/Scheduler.o:(.bss..L_MergedGlobals.1)
200042c4 200042c4        1     1                 ten_mS_Flag
200042c5 200042c5        1     1                 twentyfive_mS_Flag
200042c6 200042c6        1     1                 hundred_mS_Flag
200042c7 200042c7        1     1                 one_S_Flag
200042c8 200042c8        1     1                 i2c_timeout_Flag
200042ca 200042ca        2     1                 i2c_timeout_Counter
200042cc 200042cc        1     2         ./Modules/SSD1306/OLED/Src/ssd1306.o:(.bss.SSD1306.2)
200042cc 200042cc        1     1                 SSD1306.2
200042d0 200042d0      400     4         ./Modules/SSD1306/OLED/Src/ssd1306.o:(.bss.SSD1306_Buffer)
200042d0 200042d0      400     1                 SSD1306_Buffer
200046d0 200046d0      100     1         ./Modules/SSD1306/OLED/Src/ssd1306.o:(.bss.m_dt)
200046d0 200046d0      100     1                 m_dt
200047d0 200047d0        4     2         ./Modules/SSD1306/OLED/Src/ssd1306.o:(.bss..L_MergedGlobals)
200047d0 200047d0        2     1                 SSD1306.0
200047d2 200047d2        2     1                 SSD1306.1
200047e0 200047e0        4    16         C:\Renesas\RA\e2studio_v2024-10_fsp_v5.6.0\toolchains\llvm_arm\LLVM-ET-Arm-18.1.3-Windows-x86_64\bin\..\lib\clang-runtimes/arm-none-eabi/armv6m_soft_nofp_exn_rtti\lib\libc.a(libc_picolib_machine_arm_read_tp.S.o):(.bss)
200047e0 200047e0        4     1                 __tls
200047e4 200047e4        0     1         . = ALIGN ( 4 )
200047e4 200047e4        0     1         __bss_end__ = .
200047e4 200047e4        4     1 .heap
200047e4 200047e4        4     1         . = ALIGN ( 8 )
200047e8 200047e8        0     1         __HeapBase = .
200047e8 200047e8        0     1         __HeapLimit = .
200047e8 200047e8        0     1 PROVIDE ( __heap_start = __HeapBase )
200047e8 200047e8        0     1 PROVIDE ( __heap_end = __HeapLimit )
200047e8 200047e8      400     8 .stack_dummy
200047e8 200047e8        0     1         . = ALIGN ( 8 )
200047e8 200047e8        0     1         __StackLimit = .
200047e8 200047e8      400     8         ./ra/fsp/src/bsp/cmsis/Device/RENESAS/Source/startup.o:(.stack)
200047e8 200047e8      400     1                 g_main_stack
20004be8 20004be8        0     1         __StackTop = .
20004be8 20004be8        0     1         __StackTopAll = .
20004be8 20004be8        0     1 __RAM_segment_used_end__ = ALIGN ( __StackTopAll , 4 )
20004be8 20004be8        0     1 __tz_RAM_C = DEFINED ( RAM_NSC_START ) ? ABSOLUTE ( RAM_NSC_START - RAM_NS_BUFFER_BLOCK_LENGTH ) : __RESERVE_NS_RAM ? ABSOLUTE ( RAM_NS_BUFFER_BLOCK_START ) : ALIGN ( __RAM_segment_used_end__ , 1024 )
20004be8 20004be8        0     1 __tz_RAM_N = DEFINED ( RAM_NS_START ) ? ABSOLUTE ( RAM_NS_START - RAM_NS_BUFFER_BLOCK_LENGTH ) : __RESERVE_NS_RAM ? ABSOLUTE ( RAM_NS_BUFFER_BLOCK_START ) : ALIGN ( __tz_RAM_C , 8192 )
20004be8 20004be8        0     1 .ns_buffer
20004be8 20004be8        0     1         . = __RESERVE_NS_RAM ? ABSOLUTE ( RAM_NS_BUFFER_START & 0xFFFFFFE0 ) : .
40100000 40100000        0     1 .data_flash
40100000 40100000        0     1         . = ORIGIN ( DATA_FLASH )
40100000 40100000        0     1         __tz_DATA_FLASH_S = .
40100000 40100000        0     1         __Data_Flash_Start = .
40100000 40100000        0     1         __Data_Flash_End = .
40100000 40100000        0     1         __tz_DATA_FLASH_N = DEFINED ( DATA_FLASH_NS_START ) ? ABSOLUTE ( DATA_FLASH_NS_START ) : __RESERVE_NS_RAM ? ABSOLUTE ( DATA_FLASH_START + DATA_FLASH_LENGTH ) : ALIGN ( 1024 )
40100000 40100000        0     1 __tz_SDRAM_S = ORIGIN ( SDRAM )
80010000 80010000        0     1 .sdram
80010000 80010000        0     1         __SDRAM_Start = .
80010000 80010000        0     1         __SDRAM_End = .
80010000 80010000        0     1 __tz_SDRAM_N = __SDRAM_End
80010000 80010000        0     1 __tz_ID_CODE_S = ORIGIN ( ID_CODE )
80010000 80010000        0     1 __tz_ID_CODE_N = __tz_ID_CODE_S
 1010018  1010018       1c     4 .id_code
 1010018  1010018        0     1         __ID_Code_Start = .
 1010018  1010018       1c     4         ./ra/fsp/src/bsp/mcu/all/bsp_rom_registers.o:(.id_code)
 1010018  1010018       1c     1                 g_bsp_id_codes
 1010034  1010034        0     1         __ID_Code_End = .
 1010034  1010034        0     1 __tz_OPTION_SETTING_S = ORIGIN ( OPTION_SETTING_OFS )
       0        0        0     1 .option_setting_ofs
       0        0        0     1         __OPTION_SETTING_OFS_Start = .
       0        0        0     1         . = PROJECT_SECURE_OR_FLAT ? __OPTION_SETTING_OFS_Start + 0x04 : __OPTION_SETTING_OFS_Start
       0        0        0     1         . = PROJECT_SECURE_OR_FLAT ? __OPTION_SETTING_OFS_Start + 0x10 : __OPTION_SETTING_OFS_Start
       0        0        0     1         __OPTION_SETTING_OFS_End = .
      34       34        0     1 .option_setting_sas
      34       34        0     1         __OPTION_SETTING_SAS_Start = .
      34       34        0     1         __OPTION_SETTING_SAS_End = .
      34       34        0     1 __tz_OPTION_SETTING_N = ABSOLUTE ( OPTION_SETTING_START_NS )
       0        0        0     1 .option_setting_ns
       0        0        0     1         __OPTION_SETTING_NS_Start = .
       0        0        0     1         . = USE_OPTION_SETTING_NS ? __OPTION_SETTING_NS_Start + 0x04 : __OPTION_SETTING_NS_Start
       0        0        0     1         . = USE_OPTION_SETTING_NS ? __OPTION_SETTING_NS_Start + 0x10 : __OPTION_SETTING_NS_Start
       0        0        0     1         . = USE_OPTION_SETTING_NS ? __OPTION_SETTING_NS_Start + 0x40 : __OPTION_SETTING_NS_Start
       0        0        0     1         . = USE_OPTION_SETTING_NS ? __OPTION_SETTING_NS_Start + 0x44 : __OPTION_SETTING_NS_Start
       0        0        0     1         . = USE_OPTION_SETTING_NS ? __OPTION_SETTING_NS_Start + 0x48 : __OPTION_SETTING_NS_Start
       0        0        0     1         . = USE_OPTION_SETTING_NS ? __OPTION_SETTING_NS_Start + 0x4C : __OPTION_SETTING_NS_Start
       0        0        0     1         . = USE_OPTION_SETTING_NS ? __OPTION_SETTING_NS_Start + 0x60 : __OPTION_SETTING_NS_Start
       0        0        0     1         . = USE_OPTION_SETTING_NS ? __OPTION_SETTING_NS_Start + 0x64 : __OPTION_SETTING_NS_Start
       0        0        0     1         . = USE_OPTION_SETTING_NS ? __OPTION_SETTING_NS_Start + 0x68 : __OPTION_SETTING_NS_Start
       0        0        0     1         . = USE_OPTION_SETTING_NS ? __OPTION_SETTING_NS_Start + 0x6C : __OPTION_SETTING_NS_Start
       0        0        0     1         __OPTION_SETTING_NS_End = .
       0        0        0     1 __tz_OPTION_SETTING_S_S = ORIGIN ( OPTION_SETTING_S )
80000000 80000000        0     1 .option_setting_s
80000000 80000000        0     1         __OPTION_SETTING_S_Start = .
80000000 80000000        0     1         . = PROJECT_SECURE_OR_FLAT ? __OPTION_SETTING_S_Start + 0x04 : __OPTION_SETTING_S_Start
80000000 80000000        0     1         . = PROJECT_SECURE_OR_FLAT ? __OPTION_SETTING_S_Start + 0x10 : __OPTION_SETTING_S_Start
80000000 80000000        0     1         . = PROJECT_SECURE_OR_FLAT ? __OPTION_SETTING_S_Start + 0x40 : __OPTION_SETTING_S_Start
80000000 80000000        0     1         . = PROJECT_SECURE_OR_FLAT ? __OPTION_SETTING_S_Start + 0x44 : __OPTION_SETTING_S_Start
80000000 80000000        0     1         . = PROJECT_SECURE_OR_FLAT ? __OPTION_SETTING_S_Start + 0x48 : __OPTION_SETTING_S_Start
80000000 80000000        0     1         . = PROJECT_SECURE_OR_FLAT ? __OPTION_SETTING_S_Start + 0x4C : __OPTION_SETTING_S_Start
80000000 80000000        0     1         . = PROJECT_SECURE_OR_FLAT ? __OPTION_SETTING_S_Start + 0x60 : __OPTION_SETTING_S_Start
80000000 80000000        0     1         . = PROJECT_SECURE_OR_FLAT ? __OPTION_SETTING_S_Start + 0x64 : __OPTION_SETTING_S_Start
80000000 80000000        0     1         . = PROJECT_SECURE_OR_FLAT ? __OPTION_SETTING_S_Start + 0x68 : __OPTION_SETTING_S_Start
80000000 80000000        0     1         . = PROJECT_SECURE_OR_FLAT ? __OPTION_SETTING_S_Start + 0x6C : __OPTION_SETTING_S_Start
80000000 80000000        0     1         . = PROJECT_SECURE_OR_FLAT ? __OPTION_SETTING_S_Start + 0x80 : __OPTION_SETTING_S_Start
80000000 80000000        0     1         . = PROJECT_SECURE_OR_FLAT ? __OPTION_SETTING_S_Start + 0x84 : __OPTION_SETTING_S_Start
80000000 80000000        0     1         . = PROJECT_SECURE_OR_FLAT ? __OPTION_SETTING_S_Start + 0x90 : __OPTION_SETTING_S_Start
80000000 80000000        0     1         . = PROJECT_SECURE_OR_FLAT ? __OPTION_SETTING_S_Start + 0xC0 : __OPTION_SETTING_S_Start
80000000 80000000        0     1         . = PROJECT_SECURE_OR_FLAT ? __OPTION_SETTING_S_Start + 0xC4 : __OPTION_SETTING_S_Start
80000000 80000000        0     1         . = PROJECT_SECURE_OR_FLAT ? __OPTION_SETTING_S_Start + 0xC8 : __OPTION_SETTING_S_Start
80000000 80000000        0     1         . = PROJECT_SECURE_OR_FLAT ? __OPTION_SETTING_S_Start + 0xCC : __OPTION_SETTING_S_Start
80000000 80000000        0     1         __OPTION_SETTING_S_End = .
80000000 80000000        0     1 __tz_OPTION_SETTING_S_N = __OPTION_SETTING_S_End
       0        0     5374     1 .debug_loclists
       0        0       2c     1         ./src/adc_hal.o:(.debug_loclists)
      2c       2c      213     1         ./src/hal_entry.o:(.debug_loclists)
     23f      23f      488     1         ./ra/fsp/src/r_uarta/r_uarta.o:(.debug_loclists)
     6c7      6c7      31b     1         ./ra/fsp/src/r_tau/r_tau.o:(.debug_loclists)
     9e2      9e2      32f     1         ./ra/fsp/src/r_ioport/r_ioport.o:(.debug_loclists)
     d11      d11      37b     1         ./ra/fsp/src/r_iica_master/r_iica_master.o:(.debug_loclists)
    108c     108c      116     1         ./ra/fsp/src/r_elc/r_elc.o:(.debug_loclists)
    11a2     11a2      208     1         ./ra/fsp/src/r_dtc/r_dtc.o:(.debug_loclists)
    13aa     13aa      2fc     1         ./ra/fsp/src/r_adc_d/r_adc_d.o:(.debug_loclists)
    16a6     16a6       df     1         ./ra/fsp/src/bsp/mcu/all/bsp_clocks.o:(.debug_loclists)
    1785     1785       20     1         ./ra/fsp/src/bsp/mcu/all/bsp_common.o:(.debug_loclists)
    17a5     17a5       af     1         ./ra/fsp/src/bsp/mcu/all/bsp_delay.o:(.debug_loclists)
    1854     1854       38     1         ./ra/fsp/src/bsp/mcu/all/bsp_group_irq.o:(.debug_loclists)
    188c     188c       d1     1         ./ra/fsp/src/bsp/mcu/all/bsp_irq.o:(.debug_loclists)
    195d     195d       64     1         ./ra/fsp/src/bsp/mcu/all/bsp_register_protection.o:(.debug_loclists)
    19c1     19c1       3e     1         ./ra/fsp/src/bsp/mcu/all/bsp_sbrk.o:(.debug_loclists)
    19ff     19ff       18     1         ./ra/fsp/src/bsp/cmsis/Device/RENESAS/Source/system.o:(.debug_loclists)
    1a17     1a17       a1     1         ./Modules/Serial_ASCII/ASCII_numbers.o:(.debug_loclists)
    1ab8     1ab8      129     1         ./Modules/Serial_ASCII/Serial.o:(.debug_loclists)
    1be1     1be1       2d     1         ./Modules/Serial_ASCII/Serial_user.o:(.debug_loclists)
    1c0e     1c0e       41     1         ./Modules/SSD1306/OLED/Src/fonts.o:(.debug_loclists)
    1c4f     1c4f      ad5     1         ./Modules/SSD1306/OLED/Src/ssd1306.o:(.debug_loclists)
    2724     2724       2a     1         C:\Renesas\RA\e2studio_v2024-10_fsp_v5.6.0\toolchains\llvm_arm\LLVM-ET-Arm-18.1.3-Windows-x86_64\bin\..\lib\clang-runtimes/arm-none-eabi/armv6m_soft_nofp_exn_rtti\lib\libc.a(libc_picolib_inittls.c.o):(.debug_loclists)
    274e     274e       3f     1         C:\Renesas\RA\e2studio_v2024-10_fsp_v5.6.0\toolchains\llvm_arm\LLVM-ET-Arm-18.1.3-Windows-x86_64\bin\..\lib\clang-runtimes/arm-none-eabi/armv6m_soft_nofp_exn_rtti\lib\libc.a(libc_tinystdio_sprintf.c.o):(.debug_loclists)
    278d     278d     1051     1         C:\Renesas\RA\e2studio_v2024-10_fsp_v5.6.0\toolchains\llvm_arm\LLVM-ET-Arm-18.1.3-Windows-x86_64\bin\..\lib\clang-runtimes/arm-none-eabi/armv6m_soft_nofp_exn_rtti\lib\libc.a(libc_tinystdio_vfprintf.c.o):(.debug_loclists)
    37de     37de      1e2     1         C:\Renesas\RA\e2studio_v2024-10_fsp_v5.6.0\toolchains\llvm_arm\LLVM-ET-Arm-18.1.3-Windows-x86_64\bin\..\lib\clang-runtimes/arm-none-eabi/armv6m_soft_nofp_exn_rtti\lib\libc.a(libc_tinystdio_dtox_engine.c.o):(.debug_loclists)
    39c0     39c0       25     1         C:\Renesas\RA\e2studio_v2024-10_fsp_v5.6.0\toolchains\llvm_arm\LLVM-ET-Arm-18.1.3-Windows-x86_64\bin\..\lib\clang-runtimes/arm-none-eabi/armv6m_soft_nofp_exn_rtti\lib\libc.a(libc_string_strnlen.c.o):(.debug_loclists)
    39e5     39e5     104e     1         C:\Renesas\RA\e2studio_v2024-10_fsp_v5.6.0\toolchains\llvm_arm\LLVM-ET-Arm-18.1.3-Windows-x86_64\bin\..\lib\clang-runtimes/arm-none-eabi/armv6m_soft_nofp_exn_rtti\lib\libc.a(libc_tinystdio_dtoa_ryu.c.o):(.debug_loclists)
    4a33     4a33       34     1         C:\Renesas\RA\e2studio_v2024-10_fsp_v5.6.0\toolchains\llvm_arm\LLVM-ET-Arm-18.1.3-Windows-x86_64\bin\..\lib\clang-runtimes/arm-none-eabi/armv6m_soft_nofp_exn_rtti\lib\libc.a(libc_tinystdio_ryu_log10.c.o):(.debug_loclists)
    4a67     4a67       1e     1         C:\Renesas\RA\e2studio_v2024-10_fsp_v5.6.0\toolchains\llvm_arm\LLVM-ET-Arm-18.1.3-Windows-x86_64\bin\..\lib\clang-runtimes/arm-none-eabi/armv6m_soft_nofp_exn_rtti\lib\libc.a(libc_tinystdio_ryu_pow5bits.c.o):(.debug_loclists)
    4a85     4a85      279     1         C:\Renesas\RA\e2studio_v2024-10_fsp_v5.6.0\toolchains\llvm_arm\LLVM-ET-Arm-18.1.3-Windows-x86_64\bin\..\lib\clang-runtimes/arm-none-eabi/armv6m_soft_nofp_exn_rtti\lib\libc.a(libc_tinystdio_ryu_table.c.o):(.debug_loclists)
    4cfe     4cfe      53f     1         C:\Renesas\RA\e2studio_v2024-10_fsp_v5.6.0\toolchains\llvm_arm\LLVM-ET-Arm-18.1.3-Windows-x86_64\bin\..\lib\clang-runtimes/arm-none-eabi/armv6m_soft_nofp_exn_rtti\lib\libc.a(libc_tinystdio_ryu_umul128.c.o):(.debug_loclists)
    523d     523d       41     1         C:\Renesas\RA\e2studio_v2024-10_fsp_v5.6.0\toolchains\llvm_arm\LLVM-ET-Arm-18.1.3-Windows-x86_64\bin\..\lib\clang-runtimes/arm-none-eabi/armv6m_soft_nofp_exn_rtti\lib\libc.a(aeabi_memset.c.o):(.debug_loclists)
    527e     527e       2d     1         C:\Renesas\RA\e2studio_v2024-10_fsp_v5.6.0\toolchains\llvm_arm\LLVM-ET-Arm-18.1.3-Windows-x86_64\bin\..\lib\clang-runtimes/arm-none-eabi/armv6m_soft_nofp_exn_rtti\lib\libc.a(bzero.c.o):(.debug_loclists)
[...]
                                                  ./ra/fsp/src/bsp/cmsis/Device/RENESAS/Source/system.o
HardFault_Handler                                 ./ra/fsp/src/bsp/cmsis/Device/RENESAS/Source/startup.o
MemManage_Handler                                 ./ra/fsp/src/bsp/cmsis/Device/RENESAS/Source/startup.o
BusFault_Handler                                  ./ra/fsp/src/bsp/cmsis/Device/RENESAS/Source/startup.o
UsageFault_Handler                                ./ra/fsp/src/bsp/cmsis/Device/RENESAS/Source/startup.o
SecureFault_Handler                               ./ra/fsp/src/bsp/cmsis/Device/RENESAS/Source/startup.o
SVC_Handler                                       ./ra/fsp/src/bsp/cmsis/Device/RENESAS/Source/startup.o
DebugMon_Handler                                  ./ra/fsp/src/bsp/cmsis/Device/RENESAS/Source/startup.o
PendSV_Handler                                    ./ra/fsp/src/bsp/cmsis/Device/RENESAS/Source/startup.o
SysTick_Handler                                   ./Modules/Scheduler/Scheduler.o
                                                  ./ra/fsp/src/bsp/cmsis/Device/RENESAS/Source/startup.o
__aeabi_memclr4                                   C:\Renesas\RA\e2studio_v2024-10_fsp_v5.6.0\toolchains\llvm_arm\LLVM-ET-Arm-18.1.3-Windows-x86_64\bin\..\lib\clang-runtimes/arm-none-eabi/armv6m_soft_nofp_exn_rtti\lib\libc.a(bzero.c.o)
                                                  ./ra/fsp/src/bsp/cmsis/Device/RENESAS/Source/system.o
                                                  ./Modules/SSD1306/OLED/Src/ssd1306.o
__aeabi_memcpy4                                   C:\Renesas\RA\e2studio_v2024-10_fsp_v5.6.0\toolchains\llvm_arm\LLVM-ET-Arm-18.1.3-Windows-x86_64\bin\..\lib\clang-runtimes/arm-none-eabi/armv6m_soft_nofp_exn_rtti\lib\libc.a(memcpy.c.o)
                                                  ./ra/fsp/src/bsp/cmsis/Device/RENESAS/Source/system.o
_init_tls                                         C:\Renesas\RA\e2studio_v2024-10_fsp_v5.6.0\toolchains\llvm_arm\LLVM-ET-Arm-18.1.3-Windows-x86_64\bin\..\lib\clang-runtimes/arm-none-eabi/armv6m_soft_nofp_exn_rtti\lib\libc.a(libc_picolib_inittls.c.o)
                                                  ./ra/fsp/src/bsp/cmsis/Device/RENESAS/Source/system.o
_set_tls                                          C:\Renesas\RA\e2studio_v2024-10_fsp_v5.6.0\toolchains\llvm_arm\LLVM-ET-Arm-18.1.3-Windows-x86_64\bin\..\lib\clang-runtimes/arm-none-eabi/armv6m_soft_nofp_exn_rtti\lib\libc.a(libc_picolib_machine_arm_tls.c.o)
                                                  ./ra/fsp/src/bsp/cmsis/Device/RENESAS/Source/system.o
__bss_start__                                     C:\Users\artor\OneDrive\workspace\RA0_TokenNet_Device-0/script\fsp.lld:628
                                                  ./ra/fsp/src/bsp/cmsis/Device/RENESAS/Source/system.o
__bss_end__                                       C:\Users\artor\OneDrive\workspace\RA0_TokenNet_Device-0/script\fsp.lld:632
                                                  ./ra/fsp/src/bsp/cmsis/Device/RENESAS/Source/system.o
__data_start__                                    C:\Users\artor\OneDrive\workspace\RA0_TokenNet_Device-0/script\fsp.lld:336
                                                  ./ra/fsp/src/bsp/cmsis/Device/RENESAS/Source/system.o
__data_end__                                      C:\Users\artor\OneDrive\workspace\RA0_TokenNet_Device-0/script\fsp.lld:375
                                                  ./ra/fsp/src/bsp/cmsis/Device/RENESAS/Source/system.o
__etext                                           C:\Users\artor\OneDrive\workspace\RA0_TokenNet_Device-0/script\fsp.lld:378
                                                  ./ra/fsp/src/bsp/cmsis/Device/RENESAS/Source/system.o
__tls_base                                        C:\Users\artor\OneDrive\workspace\RA0_TokenNet_Device-0/script\fsp.lld:396
                                                  ./ra/fsp/src/bsp/cmsis/Device/RENESAS/Source/system.o
ConvertASCII2UINT16                               ./Modules/Serial_ASCII/ASCII_numbers.o
                                                  ./Modules/Serial_ASCII/Serial_user.o
SendString                                        ./Modules/Serial_ASCII/Serial.o
                                                  ./Modules/Serial_ASCII/Serial_user.o
nextSerialTxOut                                   ./Modules/Serial_ASCII/Serial.o
nextSerialTxIn                                    ./Modules/Serial_ASCII/Serial.o
nextSerialRxIn                                    ./Modules/Serial_ASCII/Serial.o
nextSerialRx2Proc                                 ./Modules/Serial_ASCII/Serial.o
                                                  ./Modules/Serial_ASCII/Serial_user.o
commError                                         ./Modules/Serial_ASCII/Serial.o
txBuffer                                          ./Modules/Serial_ASCII/Serial.o
rxBuffer                                          ./Modules/Serial_ASCII/Serial.o
                                                  ./Modules/Serial_ASCII/Serial_user.o
inPacket                                          ./Modules/Serial_ASCII/Serial_user.o
nextPacketChar                                    ./Modules/Serial_ASCII/Serial_user.o
pin_level2                                        ./Modules/Serial_ASCII/Serial_user.o
tempValue                                         ./Modules/Serial_ASCII/Serial_user.o
packetBuffer                                      ./Modules/Serial_ASCII/Serial_user.o
ten_mS_Counter                                    ./Modules/Scheduler/Scheduler.o
twentyfive_mS_Counter                             ./Modules/Scheduler/Scheduler.o
hundred_mS_Counter                                ./Modules/Scheduler/Scheduler.o
one_S_Counter                                     ./Modules/Scheduler/Scheduler.o
i2c_timeout_Flag                                  ./Modules/Scheduler/Scheduler.o
i2c_timeout_Counter                               ./Modules/Scheduler/Scheduler.o
Font7x10                                          ./Modules/SSD1306/OLED/Src/fonts.o
Font11x18                                         ./Modules/SSD1306/OLED/Src/fonts.o
Font16x26                                         ./Modules/SSD1306/OLED/Src/fonts.o
ssd1306_I2C_Write                                 ./Modules/SSD1306/OLED/Src/ssd1306.o
SSD1306_DrawPixel                                 ./Modules/SSD1306/OLED/Src/ssd1306.o
__aeabi_memset4                                   C:\Renesas\RA\e2studio_v2024-10_fsp_v5.6.0\toolchains\llvm_arm\LLVM-ET-Arm-18.1.3-Windows-x86_64\bin\..\lib\clang-runtimes/arm-none-eabi/armv6m_soft_nofp_exn_rtti\lib\libc.a(aeabi_memset.c.o)
                                                  ./Modules/SSD1306/OLED/Src/ssd1306.o
ssd1306_I2C_WriteMulti                            ./Modules/SSD1306/OLED/Src/ssd1306.o
m_dt                                              ./Modules/SSD1306/OLED/Src/ssd1306.o
SSD1306_Putc                                      ./Modules/SSD1306/OLED/Src/ssd1306.o
__aeabi_memcpy                                    C:\Renesas\RA\e2studio_v2024-10_fsp_v5.6.0\toolchains\llvm_arm\LLVM-ET-Arm-18.1.3-Windows-x86_64\bin\..\lib\clang-runtimes/arm-none-eabi/armv6m_soft_nofp_exn_rtti\lib\libc.a(memcpy.c.o)
                                                  C:\Renesas\RA\e2studio_v2024-10_fsp_v5.6.0\toolchains\llvm_arm\LLVM-ET-Arm-18.1.3-Windows-x86_64\bin\..\lib\clang-runtimes/arm-none-eabi/armv6m_soft_nofp_exn_rtti\lib\libc.a(libc_picolib_inittls.c.o)
__aeabi_memclr                                    C:\Renesas\RA\e2studio_v2024-10_fsp_v5.6.0\toolchains\llvm_arm\LLVM-ET-Arm-18.1.3-Windows-x86_64\bin\..\lib\clang-runtimes/arm-none-eabi/armv6m_soft_nofp_exn_rtti\lib\libc.a(bzero.c.o)
                                                  C:\Renesas\RA\e2studio_v2024-10_fsp_v5.6.0\toolchains\llvm_arm\LLVM-ET-Arm-18.1.3-Windows-x86_64\bin\..\lib\clang-runtimes/arm-none-eabi/armv6m_soft_nofp_exn_rtti\lib\libc.a(libc_picolib_inittls.c.o)
__tdata_source                                    C:\Users\artor\OneDrive\workspace\RA0_TokenNet_Device-0/script\fsp.lld:398
                                                  C:\Renesas\RA\e2studio_v2024-10_fsp_v5.6.0\toolchains\llvm_arm\LLVM-ET-Arm-18.1.3-Windows-x86_64\bin\..\lib\clang-runtimes/arm-none-eabi/armv6m_soft_nofp_exn_rtti\lib\libc.a(libc_picolib_inittls.c.o)
__tdata_size                                      C:\Users\artor\OneDrive\workspace\RA0_TokenNet_Device-0/script\fsp.lld:399
                                                  C:\Renesas\RA\e2studio_v2024-10_fsp_v5.6.0\toolchains\llvm_arm\LLVM-ET-Arm-18.1.3-Windows-x86_64\bin\..\lib\clang-runtimes/arm-none-eabi/armv6m_soft_nofp_exn_rtti\lib\libc.a(libc_picolib_inittls.c.o)
__tbss_offset                                     C:\Users\artor\OneDrive\workspace\RA0_TokenNet_Device-0/script\fsp.lld:410
                                                  C:\Renesas\RA\e2studio_v2024-10_fsp_v5.6.0\toolchains\llvm_arm\LLVM-ET-Arm-18.1.3-Windows-x86_64\bin\..\lib\clang-runtimes/arm-none-eabi/armv6m_soft_nofp_exn_rtti\lib\libc.a(libc_picolib_inittls.c.o)
__tbss_size                                       C:\Users\artor\OneDrive\workspace\RA0_TokenNet_Device-0/script\fsp.lld:411
                                                  C:\Renesas\RA\e2studio_v2024-10_fsp_v5.6.0\toolchains\llvm_arm\LLVM-ET-Arm-18.1.3-Windows-x86_64\bin\..\lib\clang-runtimes/arm-none-eabi/armv6m_soft_nofp_exn_rtti\lib\libc.a(libc_picolib_inittls.c.o)
__arm32_tls_tcb_offset                            C:\Users\artor\OneDrive\workspace\RA0_TokenNet_Device-0/script\fsp.lld:414
                                                  C:\Renesas\RA\e2studio_v2024-10_fsp_v5.6.0\toolchains\llvm_arm\LLVM-ET-Arm-18.1.3-Windows-x86_64\bin\..\lib\clang-runtimes/arm-none-eabi/armv6m_soft_nofp_exn_rtti\lib\libc.a(libc_picolib_machine_arm_tls.c.o)
__tls                                             C:\Renesas\RA\e2studio_v2024-10_fsp_v5.6.0\toolchains\llvm_arm\LLVM-ET-Arm-18.1.3-Windows-x86_64\bin\..\lib\clang-runtimes/arm-none-eabi/armv6m_soft_nofp_exn_rtti\lib\libc.a(libc_picolib_machine_arm_read_tp.S.o)
                                                  C:\Renesas\RA\e2studio_v2024-10_fsp_v5.6.0\toolchains\llvm_arm\LLVM-ET-Arm-18.1.3-Windows-x86_64\bin\..\lib\clang-runtimes/arm-none-eabi/armv6m_soft_nofp_exn_rtti\lib\libc.a(libc_picolib_machine_arm_tls.c.o)
vfprintf                                          C:\Renesas\RA\e2studio_v2024-10_fsp_v5.6.0\toolchains\llvm_arm\LLVM-ET-Arm-18.1.3-Windows-x86_64\bin\..\lib\clang-runtimes/arm-none-eabi/armv6m_soft_nofp_exn_rtti\lib\libc.a(libc_tinystdio_vfprintf.c.o)
                                                  C:\Renesas\RA\e2studio_v2024-10_fsp_v5.6.0\toolchains\llvm_arm\LLVM-ET-Arm-18.1.3-Windows-x86_64\bin\..\lib\clang-runtimes/arm-none-eabi/armv6m_soft_nofp_exn_rtti\lib\libc.a(libc_tinystdio_sprintf.c.o)
__file_str_put                                    C:\Renesas\RA\e2studio_v2024-10_fsp_v5.6.0\toolchains\llvm_arm\LLVM-ET-Arm-18.1.3-Windows-x86_64\bin\..\lib\clang-runtimes/arm-none-eabi/armv6m_soft_nofp_exn_rtti\lib\libc.a(libc_tinystdio_filestrput.c.o)
                                                  C:\Renesas\RA\e2studio_v2024-10_fsp_v5.6.0\toolchains\llvm_arm\LLVM-ET-Arm-18.1.3-Windows-x86_64\bin\..\lib\clang-runtimes/arm-none-eabi/armv6m_soft_nofp_exn_rtti\lib\libc.a(libc_tinystdio_sprintf.c.o)
__dtox_engine                                     C:\Renesas\RA\e2studio_v2024-10_fsp_v5.6.0\toolchains\llvm_arm\LLVM-ET-Arm-18.1.3-Windows-x86_64\bin\..\lib\clang-runtimes/arm-none-eabi/armv6m_soft_nofp_exn_rtti\lib\libc.a(libc_tinystdio_dtox_engine.c.o)
                                                  C:\Renesas\RA\e2studio_v2024-10_fsp_v5.6.0\toolchains\llvm_arm\LLVM-ET-Arm-18.1.3-Windows-x86_64\bin\..\lib\clang-runtimes/arm-none-eabi/armv6m_soft_nofp_exn_rtti\lib\libc.a(libc_tinystdio_vfprintf.c.o)
__dtoa_engine                                     C:\Renesas\RA\e2studio_v2024-10_fsp_v5.6.0\toolchains\llvm_arm\LLVM-ET-Arm-18.1.3-Windows-x86_64\bin\..\lib\clang-runtimes/arm-none-eabi/armv6m_soft_nofp_exn_rtti\lib\libc.a(libc_tinystdio_dtoa_ryu.c.o)
                                                  C:\Renesas\RA\e2studio_v2024-10_fsp_v5.6.0\toolchains\llvm_arm\LLVM-ET-Arm-18.1.3-Windows-x86_64\bin\..\lib\clang-runtimes/arm-none-eabi/armv6m_soft_nofp_exn_rtti\lib\libc.a(libc_tinystdio_vfprintf.c.o)
strnlen                                           C:\Renesas\RA\e2studio_v2024-10_fsp_v5.6.0\toolchains\llvm_arm\LLVM-ET-Arm-18.1.3-Windows-x86_64\bin\..\lib\clang-runtimes/arm-none-eabi/armv6m_soft_nofp_exn_rtti\lib\libc.a(libc_string_strnlen.c.o)
                                                  C:\Renesas\RA\e2studio_v2024-10_fsp_v5.6.0\toolchains\llvm_arm\LLVM-ET-Arm-18.1.3-Windows-x86_64\bin\..\lib\clang-runtimes/arm-none-eabi/armv6m_soft_nofp_exn_rtti\lib\libc.a(libc_tinystdio_vfprintf.c.o)
__d_vfprintf                                      C:\Renesas\RA\e2studio_v2024-10_fsp_v5.6.0\toolchains\llvm_arm\LLVM-ET-Arm-18.1.3-Windows-x86_64\bin\..\lib\clang-runtimes/arm-none-eabi/armv6m_soft_nofp_exn_rtti\lib\libc.a(libc_tinystdio_vfprintf.c.o)
__log10Pow2                                       C:\Renesas\RA\e2studio_v2024-10_fsp_v5.6.0\toolchains\llvm_arm\LLVM-ET-Arm-18.1.3-Windows-x86_64\bin\..\lib\clang-runtimes/arm-none-eabi/armv6m_soft_nofp_exn_rtti\lib\libc.a(libc_tinystdio_ryu_log10.c.o)
                                                  C:\Renesas\RA\e2studio_v2024-10_fsp_v5.6.0\toolchains\llvm_arm\LLVM-ET-Arm-18.1.3-Windows-x86_64\bin\..\lib\clang-runtimes/arm-none-eabi/armv6m_soft_nofp_exn_rtti\lib\libc.a(libc_tinystdio_dtoa_ryu.c.o)
__pow5bits                                        C:\Renesas\RA\e2studio_v2024-10_fsp_v5.6.0\toolchains\llvm_arm\LLVM-ET-Arm-18.1.3-Windows-x86_64\bin\..\lib\clang-runtimes/arm-none-eabi/armv6m_soft_nofp_exn_rtti\lib\libc.a(libc_tinystdio_ryu_pow5bits.c.o)
                                                  C:\Renesas\RA\e2studio_v2024-10_fsp_v5.6.0\toolchains\llvm_arm\LLVM-ET-Arm-18.1.3-Windows-x86_64\bin\..\lib\clang-runtimes/arm-none-eabi/armv6m_soft_nofp_exn_rtti\lib\libc.a(libc_tinystdio_dtoa_ryu.c.o)
                                                  C:\Renesas\RA\e2studio_v2024-10_fsp_v5.6.0\toolchains\llvm_arm\LLVM-ET-Arm-18.1.3-Windows-x86_64\bin\..\lib\clang-runtimes/arm-none-eabi/armv6m_soft_nofp_exn_rtti\lib\libc.a(libc_tinystdio_ryu_table.c.o)
__double_computeInvPow5                           C:\Renesas\RA\e2studio_v2024-10_fsp_v5.6.0\toolchains\llvm_arm\LLVM-ET-Arm-18.1.3-Windows-x86_64\bin\..\lib\clang-runtimes/arm-none-eabi/armv6m_soft_nofp_exn_rtti\lib\libc.a(libc_tinystdio_ryu_table.c.o)
                                                  C:\Renesas\RA\e2studio_v2024-10_fsp_v5.6.0\toolchains\llvm_arm\LLVM-ET-Arm-18.1.3-Windows-x86_64\bin\..\lib\clang-runtimes/arm-none-eabi/armv6m_soft_nofp_exn_rtti\lib\libc.a(libc_tinystdio_dtoa_ryu.c.o)
__pow5Factor                                      C:\Renesas\RA\e2studio_v2024-10_fsp_v5.6.0\toolchains\llvm_arm\LLVM-ET-Arm-18.1.3-Windows-x86_64\bin\..\lib\clang-runtimes/arm-none-eabi/armv6m_soft_nofp_exn_rtti\lib\libc.a(libc_tinystdio_ryu_table.c.o)
                                                  C:\Renesas\RA\e2studio_v2024-10_fsp_v5.6.0\toolchains\llvm_arm\LLVM-ET-Arm-18.1.3-Windows-x86_64\bin\..\lib\clang-runtimes/arm-none-eabi/armv6m_soft_nofp_exn_rtti\lib\libc.a(libc_tinystdio_dtoa_ryu.c.o)
__log10Pow5                                       C:\Renesas\RA\e2studio_v2024-10_fsp_v5.6.0\toolchains\llvm_arm\LLVM-ET-Arm-18.1.3-Windows-x86_64\bin\..\lib\clang-runtimes/arm-none-eabi/armv6m_soft_nofp_exn_rtti\lib\libc.a(libc_tinystdio_ryu_log10.c.o)
                                                  C:\Renesas\RA\e2studio_v2024-10_fsp_v5.6.0\toolchains\llvm_arm\LLVM-ET-Arm-18.1.3-Windows-x86_64\bin\..\lib\clang-runtimes/arm-none-eabi/armv6m_soft_nofp_exn_rtti\lib\libc.a(libc_tinystdio_dtoa_ryu.c.o)
__double_computePow5                              C:\Renesas\RA\e2studio_v2024-10_fsp_v5.6.0\toolchains\llvm_arm\LLVM-ET-Arm-18.1.3-Windows-x86_64\bin\..\lib\clang-runtimes/arm-none-eabi/armv6m_soft_nofp_exn_rtti\lib\libc.a(libc_tinystdio_ryu_table.c.o)
                                                  C:\Renesas\RA\e2studio_v2024-10_fsp_v5.6.0\toolchains\llvm_arm\LLVM-ET-Arm-18.1.3-Windows-x86_64\bin\..\lib\clang-runtimes/arm-none-eabi/armv6m_soft_nofp_exn_rtti\lib\libc.a(libc_tinystdio_dtoa_ryu.c.o)
__umul128                                         C:\Renesas\RA\e2studio_v2024-10_fsp_v5.6.0\toolchains\llvm_arm\LLVM-ET-Arm-18.1.3-Windows-x86_64\bin\..\lib\clang-runtimes/arm-none-eabi/armv6m_soft_nofp_exn_rtti\lib\libc.a(libc_tinystdio_ryu_umul128.c.o)
                                                  C:\Renesas\RA\e2studio_v2024-10_fsp_v5.6.0\toolchains\llvm_arm\LLVM-ET-Arm-18.1.3-Windows-x86_64\bin\..\lib\clang-runtimes/arm-none-eabi/armv6m_soft_nofp_exn_rtti\lib\libc.a(libc_tinystdio_dtoa_ryu.c.o)
                                                  C:\Renesas\RA\e2studio_v2024-10_fsp_v5.6.0\toolchains\llvm_arm\LLVM-ET-Arm-18.1.3-Windows-x86_64\bin\..\lib\clang-runtimes/arm-none-eabi/armv6m_soft_nofp_exn_rtti\lib\libc.a(libc_tinystdio_ryu_table.c.o)
__shiftright128                                   C:\Renesas\RA\e2studio_v2024-10_fsp_v5.6.0\toolchains\llvm_arm\LLVM-ET-Arm-18.1.3-Windows-x86_64\bin\..\lib\clang-runtimes/arm-none-eabi/armv6m_soft_nofp_exn_rtti\lib\libc.a(libc_tinystdio_ryu_umul128.c.o)
                                                  C:\Renesas\RA\e2studio_v2024-10_fsp_v5.6.0\toolchains\llvm_arm\LLVM-ET-Arm-18.1.3-Windows-x86_64\bin\..\lib\clang-runtimes/arm-none-eabi/armv6m_soft_nofp_exn_rtti\lib\libc.a(libc_tinystdio_dtoa_ryu.c.o)
                                                  C:\Renesas\RA\e2studio_v2024-10_fsp_v5.6.0\toolchains\llvm_arm\LLVM-ET-Arm-18.1.3-Windows-x86_64\bin\..\lib\clang-runtimes/arm-none-eabi/armv6m_soft_nofp_exn_rtti\lib\libc.a(libc_tinystdio_ryu_table.c.o)
__aeabi_memset                                    C:\Renesas\RA\e2studio_v2024-10_fsp_v5.6.0\toolchains\llvm_arm\LLVM-ET-Arm-18.1.3-Windows-x86_64\bin\..\lib\clang-runtimes/arm-none-eabi/armv6m_soft_nofp_exn_rtti\lib\libc.a(aeabi_memset.c.o)
memset                                            C:\Renesas\RA\e2studio_v2024-10_fsp_v5.6.0\toolchains\llvm_arm\LLVM-ET-Arm-18.1.3-Windows-x86_64\bin\..\lib\clang-runtimes/arm-none-eabi/armv6m_soft_nofp_exn_rtti\lib\libc.a(memset.c.o)
                                                  C:\Renesas\RA\e2studio_v2024-10_fsp_v5.6.0\toolchains\llvm_arm\LLVM-ET-Arm-18.1.3-Windows-x86_64\bin\..\lib\clang-runtimes/arm-none-eabi/armv6m_soft_nofp_exn_rtti\lib\libc.a(aeabi_memset.c.o)
                                                  C:\Renesas\RA\e2studio_v2024-10_fsp_v5.6.0\toolchains\llvm_arm\LLVM-ET-Arm-18.1.3-Windows-x86_64\bin\..\lib\clang-runtimes/arm-none-eabi/armv6m_soft_nofp_exn_rtti\lib\libc.a(bzero.c.o)
__aeabi_memset8                                   C:\Renesas\RA\e2studio_v2024-10_fsp_v5.6.0\toolchains\llvm_arm\LLVM-ET-Arm-18.1.3-Windows-x86_64\bin\..\lib\clang-runtimes/arm-none-eabi/armv6m_soft_nofp_exn_rtti\lib\libc.a(aeabi_memset.c.o)
bzero                                             C:\Renesas\RA\e2studio_v2024-10_fsp_v5.6.0\toolchains\llvm_arm\LLVM-ET-Arm-18.1.3-Windows-x86_64\bin\..\lib\clang-runtimes/arm-none-eabi/armv6m_soft_nofp_exn_rtti\lib\libc.a(bzero.c.o)
memcpy                                            C:\Renesas\RA\e2studio_v2024-10_fsp_v5.6.0\toolchains\llvm_arm\LLVM-ET-Arm-18.1.3-Windows-x86_64\bin\..\lib\clang-runtimes/arm-none-eabi/armv6m_soft_nofp_exn_rtti\lib\libc.a(memcpy.c.o)
__aeabi_memcpy8                                   C:\Renesas\RA\e2studio_v2024-10_fsp_v5.6.0\toolchains\llvm_arm\LLVM-ET-Arm-18.1.3-Windows-x86_64\bin\..\lib\clang-runtimes/arm-none-eabi/armv6m_soft_nofp_exn_rtti\lib\libc.a(memcpy.c.o)
