     VMA      LMA     Size Align Out     In      Symbol
       0        0        0     1 RAM_START = 0x20004000
       0        0        0     1 RAM_LENGTH = 0x3000
       0        0        0     1 FLASH_START = 0x00000000
       0        0        0     1 FLASH_LENGTH = 0x10000
       0        0        0     1 DATA_FLASH_START = 0x40100000
       0        0        0     1 DATA_FLASH_LENGTH = 0x400
       0        0        0     1 OPTION_SETTING_START = 0x00000000
       0        0        0     1 OPTION_SETTING_LENGTH = 0x0
       0        0        0     1 OPTION_SETTING_S_START = 0x80000000
       0        0        0     1 OPTION_SETTING_S_LENGTH = 0x0
       0        0        0     1 ID_CODE_START = 0x01010018
       0        0        0     1 ID_CODE_LENGTH = 0x20
       0        0        0     1 SDRAM_START = 0x80010000
       0        0        0     1 SDRAM_LENGTH = 0x0
       0        0        0     1 QSPI_FLASH_START = 0x60000000
       0        0        0     1 QSPI_FLASH_LENGTH = 0x0
       0        0        0     1 OSPI_DEVICE_0_START = 0x80020000
       0        0        0     1 OSPI_DEVICE_0_LENGTH = 0x0
       0        0        0     1 OSPI_DEVICE_1_START = 0x80030000
       0        0        0     1 OSPI_DEVICE_1_LENGTH = 0x0
       0        0        0     1 QSPI_FLASH_PRV_LENGTH = DEFINED ( QSPI_FLASH_SIZE ) ? ABSOLUTE ( QSPI_FLASH_SIZE ) : ABSOLUTE ( QSPI_FLASH_LENGTH )
       0        0        0     1 OSPI_DEVICE_0_PRV_LENGTH = DEFINED ( OSPI_DEVICE_0_SIZE ) ? ABSOLUTE ( OSPI_DEVICE_0_SIZE ) : ABSOLUTE ( OSPI_DEVICE_0_LENGTH )
       0        0        0     1 OSPI_DEVICE_1_PRV_LENGTH = DEFINED ( OSPI_DEVICE_1_SIZE ) ? ABSOLUTE ( OSPI_DEVICE_1_SIZE ) : ABSOLUTE ( OSPI_DEVICE_1_LENGTH )
       0        0        0     1 __RESERVE_NS_RAM = ! DEFINED ( PROJECT_NONSECURE ) && DEFINED ( RAM_NS_BUFFER_LENGTH ) && ( OPTION_SETTING_S_LENGTH != 0 )
       0        0        0     1 __ITCM_START = DEFINED ( ITCM_START ) ? ITCM_START : 0
       0        0        0     1 __ITCM_LENGTH = DEFINED ( ITCM_LENGTH ) ? ITCM_LENGTH : 0
       0        0        0     1 __DTCM_START = DEFINED ( DTCM_START ) ? DTCM_START : 0
       0        0        0     1 __DTCM_LENGTH = DEFINED ( DTCM_LENGTH ) ? DTCM_LENGTH : 0
       0        0        0     1 RAM_NS_BUFFER_BLOCK_LENGTH = DEFINED ( RAM_NS_BUFFER_LENGTH ) ? ALIGN ( RAM_NS_BUFFER_LENGTH , 8192 ) : 0
       0        0        0     1 __RAM_NS_BUFFER_LENGTH = DEFINED ( RAM_NS_BUFFER_LENGTH ) ? RAM_NS_BUFFER_LENGTH : 0
       0        0        0     1 RAM_NS_BUFFER_START = RAM_START + RAM_LENGTH - __RAM_NS_BUFFER_LENGTH
       0        0        0     1 RAM_NS_BUFFER_BLOCK_START = RAM_START + RAM_LENGTH - RAM_NS_BUFFER_BLOCK_LENGTH
       0        0        0     1 OPTION_SETTING_START_NS = DEFINED ( PROJECT_NONSECURE ) ? OPTION_SETTING_START : OPTION_SETTING_START + 0x80
       0        0        0     1 __bl_FSP_BOOTABLE_IMAGE = 1
       0        0        0     1 __bln_FSP_BOOTABLE_IMAGE = 1
       0        0        0     1 PROJECT_SECURE_OR_FLAT = ( ! DEFINED ( PROJECT_NONSECURE ) || DEFINED ( PROJECT_SECURE ) ) && OPTION_SETTING_LENGTH && ! DEFINED ( FSP_BOOTABLE_IMAGE )
       0        0        0     1 USE_OPTION_SETTING_NS = DEFINED ( PROJECT_NONSECURE ) && ! DEFINED ( FSP_BOOTABLE_IMAGE )
       0        0        0     1 __bl_FLASH_IMAGE_START = ! DEFINED ( FLASH_BOOTLOADER_LENGTH ) ? 0 : FLASH_APPLICATION_IMAGE_NUMBER == 1 ? FLASH_START + FLASH_BOOTLOADER_LENGTH + FLASH_BOOTLOADER_HEADER_LENGTH : ( DEFINED ( BOOTLOADER_SECONDARY_USE_QSPI ) || DEFINED ( BOOTLOADER_SECONDARY_USE_OSPI_B ) ) ? FLASH_START + FLASH_BOOTLOADER_LENGTH + FLASH_BOOTLOADER_SCRATCH_LENGTH + FLASH_BOOTLOADER_HEADER_LENGTH : FLASH_START + FLASH_BOOTLOADER_LENGTH + FLASH_BOOTLOADER_SCRATCH_LENGTH + FLASH_APPLICATION_S_LENGTH + FLASH_BOOTLOADER_HEADER_LENGTH
       0        0        0     1 __bl_FLASH_IMAGE_START = ! DEFINED ( BOOT_IMAGE_FROM_MMF_REGION ) ? __bl_FLASH_IMAGE_START : BOOT_IMAGE_FROM_MMF_REGION != 1 ? __bl_FLASH_IMAGE_START : MMF_REGION_START_ADDR
       0        0        0     1 __bl_FLASH_IMAGE_LENGTH = ! DEFINED ( FLASH_BOOTLOADER_LENGTH ) ? 0 : FLASH_APPLICATION_S_LENGTH - FLASH_BOOTLOADER_HEADER_LENGTH
       0        0        0     1 __bl_FLASH_IMAGE_END = __bl_FLASH_IMAGE_START + __bl_FLASH_IMAGE_LENGTH
       0        0        0     1 __bl_XIP_SECONDARY_FLASH_IMAGE_START = ! DEFINED ( FLASH_BOOTLOADER_LENGTH ) ? 0 : FLASH_START + FLASH_BOOTLOADER_LENGTH + FLASH_APPLICATION_S_LENGTH + FLASH_BOOTLOADER_HEADER_LENGTH
       0        0        0     1 __bl_XIP_SECONDARY_FLASH_IMAGE_END = __bl_XIP_SECONDARY_FLASH_IMAGE_START + __bl_FLASH_IMAGE_LENGTH
       0        0        0     1 __bl_FLASH_IMAGE_START_FROM_MMF_REGION = DEFINED ( BOOT_IMAGE_FROM_MMF_REGION ) ? BOOT_IMAGE_FROM_MMF_REGION : 0
       0        0        0     1 __bl_MEMORY_MIRROR_REGION_START = DEFINED ( MMF_REGION_START_ADDR ) ? MMF_REGION_START_ADDR : 0
       0        0        0     1 __bl_FLASH_NS_START = ! DEFINED ( FLASH_BOOTLOADER_LENGTH ) ? 0 : FLASH_APPLICATION_NS_LENGTH == 0 ? __bl_FLASH_IMAGE_END : __bl_FLASH_IMAGE_START - FLASH_BOOTLOADER_HEADER_LENGTH + FLASH_APPLICATION_S_LENGTH
       0        0        0     1 __bl_FLASH_NSC_START = ! DEFINED ( FLASH_BOOTLOADER_LENGTH ) ? 0 : FLASH_APPLICATION_NS_LENGTH == 0 ? __bl_FLASH_IMAGE_END : __bl_FLASH_IMAGE_END - FLASH_APPLICATION_NSC_LENGTH
       0        0        0     1 __bl_RAM_NS_START = ! DEFINED ( FLASH_BOOTLOADER_LENGTH ) ? 0 : FLASH_APPLICATION_NS_LENGTH == 0 ? RAM_START + RAM_LENGTH : RAM_START + RAM_LENGTH - RAM_APPLICATION_NS_LENGTH
       0        0        0     1 __bl_RAM_NSC_START = ! DEFINED ( FLASH_BOOTLOADER_LENGTH ) ? 0 : FLASH_APPLICATION_NS_LENGTH == 0 ? RAM_START + RAM_LENGTH : __bl_RAM_NS_START - RAM_APPLICATION_NSC_LENGTH
       0        0        0     1 __bl_FLASH_NS_IMAGE_START = ! DEFINED ( FLASH_BOOTLOADER_LENGTH ) ? 0 : FLASH_APPLICATION_NS_LENGTH == 0 ? __bl_FLASH_IMAGE_END : __bl_FLASH_NS_START + FLASH_BOOTLOADER_HEADER_LENGTH_2
       0        0        0     1 __bln_FLASH_IMAGE_START = __bl_FLASH_NS_IMAGE_START | ( ! DEFINED ( NS_OFFSET_START ) ? 0 : NS_OFFSET_START )
       0        0        0     1 __bln_FLASH_IMAGE_LENGTH = ! DEFINED ( FLASH_BOOTLOADER_LENGTH ) ? 0 : FLASH_APPLICATION_NS_LENGTH == 0 ? __bl_FLASH_IMAGE_END : FLASH_APPLICATION_NS_LENGTH - FLASH_BOOTLOADER_HEADER_LENGTH_2
       0        0        0     1 __XIP_SECONDARY_SLOT_IMAGE = DEFINED ( XIP_SECONDARY_SLOT_IMAGE ) ? XIP_SECONDARY_SLOT_IMAGE : 0
       0        0        0     1 __FLASH_IMAGE_START_FROM_MMF_REGION = ! DEFINED ( FLASH_IMAGE_START_FROM_MMF_REGION ) ? 0 : FLASH_IMAGE_START_FROM_MMF_REGION
       0        0        0     1 __MEMORY_MIRROR_REGION_START = ! DEFINED ( MEMORY_MIRROR_REGION_START ) ? 0 : MEMORY_MIRROR_REGION_START
       0        0        0     1 FLASH_ORIGIN = ! DEFINED ( FLASH_IMAGE_START ) ? FLASH_START : __XIP_SECONDARY_SLOT_IMAGE == 1 ? XIP_SECONDARY_FLASH_IMAGE_START : __FLASH_IMAGE_START_FROM_MMF_REGION == 1 ? __MEMORY_MIRROR_REGION_START : FLASH_IMAGE_START
       0        0        0     1 LIMITED_FLASH_LENGTH = DEFINED ( FLASH_IMAGE_LENGTH ) ? FLASH_IMAGE_LENGTH : DEFINED ( FLASH_BOOTLOADER_LENGTH ) ? FLASH_BOOTLOADER_LENGTH : FLASH_LENGTH
       0        0        0     1 OPTION_SETTING_SAS_SIZE = 0x34
       0        0        0     1 OPTION_SETTING_SAS_LENGTH = ! DEFINED ( OPTION_SETTING_LENGTH ) ? 0 : OPTION_SETTING_LENGTH == 0 ? 0 : OPTION_SETTING_LENGTH - OPTION_SETTING_SAS_SIZE
       0        0      e88     4 .text
       0        0        0     1         __tz_FLASH_S = ABSOLUTE ( FLASH_START )
       0        0        0     1         __ROM_Start = .
       0        0       40     4         ./ra/fsp/src/bsp/cmsis/Device/RENESAS/Source/startup.o:(.fixed_vectors)
       0        0       40     1                 __Vectors
      40       40       a8     4         ./ra_gen/vector_data.o:(.application_vectors)
      40       40       a8     1                 g_vector_table
      e8       e8        0     1         __Vectors_End = .
      e8       e8       40     4         ./ra/fsp/src/bsp/mcu/all/bsp_clocks.o:(.flash_gap)
      e8       e8        0     1                 $t.2
      e9       e9       40     1                 SystemCoreClockUpdate
     11c      11c        0     1                 $d.3
     128      128       54     4         ./ra/fsp/src/bsp/mcu/all/bsp_delay.o:(.flash_gap)
     128      128        0     1                 $t.0
     129      129       4c     1                 R_BSP_SoftwareDelay
     168      168        0     1                 $d.1
     174      174        0     1                 sw_delay_loop
     174      174        0     1                 $t.2
     175      175        8     1                 bsp_prv_software_delay_loop
     17c      17c       60     4         ./ra/fsp/src/bsp/mcu/all/bsp_group_irq.o:(.flash_gap)
     17c      17c        0     1                 $t.0
     17d      17d       10     1                 bsp_group_irq_call
     188      188        0     1                 $d.1
     18c      18c        0     1                 $t.2
     18d      18d       10     1                 R_BSP_GroupIrqWrite
     198      198        0     1                 $d.3
     19c      19c        0     1                 $t.4
     19d      19d       40     1                 NMI_Handler
     1d4      1d4        0     1                 $d.5
     1dc      1dc       b4     4         ./ra/fsp/src/bsp/mcu/all/bsp_irq.o:(.flash_gap)
     1dc      1dc        0     1                 $t.0
     1dd      1dd       18     1                 R_BSP_IrqClearPending
     1f0      1f0        0     1                 $d.1
     1f4      1f4        0     1                 $t.2
     1f5      1f5       34     1                 R_BSP_IrqCfg
     220      220        0     1                 $d.3
     228      228        0     1                 $t.4
     229      229       18     1                 R_BSP_IrqEnableNoClear
     23c      23c        0     1                 $d.5
     240      240        0     1                 $t.6
     241      241       18     1                 R_BSP_IrqEnable
     254      254        0     1                 $d.7
     258      258        0     1                 $t.8
     259      259       20     1                 R_BSP_IrqDisable
     274      274        0     1                 $d.9
     278      278        0     1                 $t.10
     279      279       16     1                 R_BSP_IrqCfgEnable
     28f      28f        2     1                 bsp_irq_cfg
     290      290       12     2         ./ra/fsp/src/bsp/cmsis/Device/RENESAS/Source/startup.o:(.flash_gap)
     290      290        0     1                 $t.0
     291      291        e     1                 Reset_Handler
     29f      29f        4     1                 Default_Handler
     29f      29f        4     1                 HardFault_Handler
     29f      29f        4     1                 MemManage_Handler
     29f      29f        4     1                 BusFault_Handler
     29f      29f        4     1                 UsageFault_Handler
     29f      29f        4     1                 SecureFault_Handler
     29f      29f        4     1                 SVC_Handler
     29f      29f        4     1                 DebugMon_Handler
     29f      29f        4     1                 PendSV_Handler
     2a2      2a2      15e     1         . = OPTION_SETTING_LENGTH > 0 ? . : __ROM_Start + 0x400
     400      400        8     4         ./ra/fsp/src/bsp/mcu/all/bsp_rom_registers.o:(.rom_registers)
     400      400        8     1                 g_bsp_rom_registers
     408      408       c8     4         ./src/hal_entry.o:(.text.hal_entry)
     408      408        0     1                 $t.0
     409      409       c8     1                 hal_entry
     49c      49c        0     1                 $d.1
     4d0      4d0       24     4         ./src/hal_entry.o:(.text.R_BSP_WarmStart)
     4d0      4d0        0     1                 $t.2
     4d1      4d1       24     1                 R_BSP_WarmStart
     4e8      4e8        0     1                 $d.3
     4f4      4f4        c     2         ./ra_gen/main.o:(.text.main)
     4f4      4f4        0     1                 $t.0
     4f5      4f5        c     1                 main
     500      500       c8     4         ./ra/fsp/src/r_uarta/r_uarta.o:(.text.R_UARTA_Open)
     500      500        0     1                 $t.0
     501      501       c8     1                 R_UARTA_Open
     5b4      5b4        0     1                 $d.1
     5c8      5c8       3a     2         ./ra/fsp/src/r_uarta/r_uarta.o:(.text.R_UARTA_Write)
     5c8      5c8        0     1                 $t.3
     5c9      5c9       3a     1                 R_UARTA_Write
     604      604       4c     4         ./ra/fsp/src/r_uarta/r_uarta.o:(.text.uarta_txi_isr)
     604      604        0     1                 $t.13
     605      605       4c     1                 uarta_txi_isr
     64c      64c        0     1                 $d.14
     650      650       4a     2         ./ra/fsp/src/r_uarta/r_uarta.o:(.text.r_uarta_call_callback)
     650      650        0     1                 $t.15
     651      651       4a     1                 r_uarta_call_callback
     69c      69c       5c     4         ./ra/fsp/src/r_uarta/r_uarta.o:(.text.uarta_rxi_isr)
     69c      69c        0     1                 $t.16
     69d      69d       5c     1                 uarta_rxi_isr
     6f0      6f0        0     1                 $d.17
     6f8      6f8       18     4         ./ra/fsp/src/r_ioport/r_ioport.o:(.text.R_IOPORT_Open)
     6f8      6f8        0     1                 $t.0
     6f9      6f9       18     1                 R_IOPORT_Open
     70c      70c        0     1                 $d.1
     710      710       40     4         ./ra/fsp/src/r_ioport/r_ioport.o:(.text.r_ioport_pins_config)
     710      710        0     1                 $t.22
     711      711       40     1                 r_ioport_pins_config
     74c      74c        0     1                 $d.23
     750      750       30     4         ./ra/fsp/src/r_ioport/r_ioport.o:(.text.R_BSP_PinAccessEnable)
     750      750        0     1                 $t.24
     751      751       30     1                 R_BSP_PinAccessEnable
     778      778        0     1                 $d.25
     780      780       34     4         ./ra/fsp/src/r_ioport/r_ioport.o:(.text.R_BSP_PinAccessDisable)
     780      780        0     1                 $t.26
     781      781       34     1                 R_BSP_PinAccessDisable
     7ac      7ac        0     1                 $d.27
     7b4      7b4       38     4         ./ra/fsp/src/bsp/mcu/all/bsp_clocks.o:(.text.bsp_prv_operating_mode_set)
     7b4      7b4        0     1                 $t.0
     7b5      7b5       38     1                 bsp_prv_operating_mode_set
     7e8      7e8        0     1                 $d.1
     7ec      7ec       74     4         ./ra/fsp/src/bsp/mcu/all/bsp_clocks.o:(.text.bsp_prv_clock_set)
     7ec      7ec        0     1                 $t.6
     7ed      7ed       74     1                 bsp_prv_clock_set
     85c      85c        0     1                 $d.7
     860      860       b0     4         ./ra/fsp/src/bsp/mcu/all/bsp_clocks.o:(.text.bsp_clock_init)
     860      860        0     1                 $t.8
     861      861       b0     1                 bsp_clock_init
     8ec      8ec        0     1                 $d.9
     910      910        2     2         ./ra/fsp/src/bsp/mcu/all/bsp_clocks.o:(.text.R_BSP_SubClockStabilizeWaitAfterReset)
     910      910        0     1                 $t.11
     911      911        2     1                 R_BSP_SubClockStabilizeWaitAfterReset
     912      912        2     2         ./ra/fsp/src/bsp/mcu/all/bsp_clocks.o:(.text.R_BSP_Init_RTC)
     912      912        0     1                 $t.15
     913      913        2     1                 R_BSP_Init_RTC
     914      914       9c     4         ./ra/fsp/src/bsp/cmsis/Device/RENESAS/Source/system.o:(.text.SystemInit)
     914      914        0     1                 $t.0
     915      915       9c     1                 SystemInit
     988      988        0     1                 $d.1
     9b0      9b0        2     2         ./ra/board/ra0e1_fpb/board_init.o:(.text.bsp_init)
     9b0      9b0        0     1                 $t.0
     9b1      9b1        2     1                 bsp_init
     9b4      9b4       c8     4         ./Modules/Serial_ASCII/Serial.o:(.text.SendString)
     9b4      9b4        0     1                 $t.0
     9b5      9b5       c8     1                 SendString
     a74      a74        0     1                 $d.1
     a7c      a7c       14     4         ./Modules/Serial_ASCII/Serial.o:(.text.RxBufferEmpty)
     a7c      a7c        0     1                 $t.4
     a7d      a7d       14     1                 RxBufferEmpty
     a8c      a8c        0     1                 $d.5
     a90      a90       9c     4         ./Modules/Serial_ASCII/Serial.o:(.text.UartA_CB)
     a90      a90        0     1                 $t.6
     a91      a91       9c     1                 UartA_CB
     b24      b24        0     1                 $d.7
     b2c      b2c       78     4         ./Modules/Serial_ASCII/Serial_user.o:(.text.ProcessReceiveBuffer)
     b2c      b2c        0     1                 $t.0
     b2d      b2d       78     1                 ProcessReceiveBuffer
     b98      b98        0     1                 $d.1
     ba4      ba4       88     4         ./Modules/Serial_ASCII/Serial_user.o:(.text.ProcessPacket)
     ba4      ba4        0     1                 $t.2
     ba5      ba5       88     1                 ProcessPacket
     c24      c24        0     1                 $d.3
     c2c      c2c       74     4         ./Modules/Scheduler/Scheduler.o:(.text.SysTick_Handler)
     c2c      c2c        0     1                 $t.0
     c2d      c2d       74     1                 SysTick_Handler
     c98      c98        0     1                 $d.1
     ca0      ca0       2c     4         C:\Renesas\e2_studio\toolchains\llvm_arm\LLVM-ET-Arm-18.1.3-Windows-x86_64\bin\..\lib\clang-runtimes/arm-none-eabi/armv6m_soft_nofp_exn_rtti\lib\libc.a(libc_picolib_inittls.c.o):(.text._init_tls)
     ca0      ca0        0     1                 $t.0
     ca1      ca1       2c     1                 _init_tls
     cbc      cbc        0     1                 $d.1
     ccc      ccc       14     4         C:\Renesas\e2_studio\toolchains\llvm_arm\LLVM-ET-Arm-18.1.3-Windows-x86_64\bin\..\lib\clang-runtimes/arm-none-eabi/armv6m_soft_nofp_exn_rtti\lib\libc.a(libc_picolib_machine_arm_tls.c.o):(.text._set_tls)
     ccc      ccc        0     1                 $t.0
     ccd      ccd       14     1                 _set_tls
     cd8      cd8        0     1                 $d.1
     ce0      ce0        e     2         C:\Renesas\e2_studio\toolchains\llvm_arm\LLVM-ET-Arm-18.1.3-Windows-x86_64\bin\..\lib\clang-runtimes/arm-none-eabi/armv6m_soft_nofp_exn_rtti\lib\libc.a(bzero.c.o):(.text.bzero)
     ce0      ce0        0     1                 $t.0
     ce1      ce1        e     1                 bzero
     ce1      ce1        e     1                 __aeabi_memclr4
     ce1      ce1        e     1                 __aeabi_memclr8
     ce1      ce1        e     1                 __aeabi_memclr
     cee      cee       14     2         C:\Renesas\e2_studio\toolchains\llvm_arm\LLVM-ET-Arm-18.1.3-Windows-x86_64\bin\..\lib\clang-runtimes/arm-none-eabi/armv6m_soft_nofp_exn_rtti\lib\libc.a(memcpy.c.o):(.text.memcpy)
     cee      cee        0     1                 $t.0
     cef      cef       14     1                 memcpy
     cef      cef       14     1                 __aeabi_memcpy4
     cef      cef       14     1                 __aeabi_memcpy8
     cef      cef       14     1                 __aeabi_memcpy
     d02      d02        e     2         C:\Renesas\e2_studio\toolchains\llvm_arm\LLVM-ET-Arm-18.1.3-Windows-x86_64\bin\..\lib\clang-runtimes/arm-none-eabi/armv6m_soft_nofp_exn_rtti\lib\libc.a(memset.c.o):(.text.memset)
     d02      d02        0     1                 $t.0
     d03      d03        e     1                 memset
     d10      d10       4e     4         ./ra/fsp/src/bsp/mcu/all/bsp_common.o:(.version)
     d10      d10        4     1                 g_fsp_version
     d14      d14        6     1                 g_fsp_version_string
     d1a      d1a       44     1                 g_fsp_version_build_string
     d60      d60        8     4         ./ra_gen/hal_data.o:(.rodata.g_uart0_cfg_extend)
     d60      d60        8     1                 g_uart0_cfg_extend
     d68      d68       20     4         ./ra_gen/hal_data.o:(.rodata.g_uart0_cfg)
     d68      d68       20     1                 g_uart0_cfg
     d88      d88       e8     4         ./ra_gen/pin_data.o:(.rodata.g_bsp_pin_cfg_data)
     d88      d88       e8     1                 g_bsp_pin_cfg_data
     e70      e70        c     4         ./ra_gen/pin_data.o:(.rodata.g_bsp_pin_cfg)
     e70      e70        c     1                 g_bsp_pin_cfg
     e7c      e7c        4     1         <internal>:(.rodata.cst4)
     e80      e80        8     1         <internal>:(.rodata.cst8)
     e88      e88        0     1         __usb_dev_descriptor_start_fs = .
     e88      e88        0     1         __usb_cfg_descriptor_start_fs = .
     e88      e88        0     1         __usb_interface_descriptor_start_fs = .
     e88      e88        0     1         __usb_descriptor_end_fs = .
     e88      e88        0     1         __usb_dev_descriptor_start_hs = .
     e88      e88        0     1         __usb_cfg_descriptor_start_hs = .
     e88      e88        0     1         __usb_interface_descriptor_start_hs = .
     e88      e88        0     1         __usb_descriptor_end_hs = .
     e88      e88        0     1         __ROM_End = .
     e88      e88        0     1 __Vectors_Size = __Vectors_End - __Vectors
     e88      e88        0     1 . = .
     e88      e88        0     1 __itcm_data_pre_location = .
     e88      e88        0     1 ITCM_BYTE_ALIGN_VALUE = ( __ITCM_LENGTH > 0 ) ? 16 : 4
       0        0        0     4 .itcm_data
       0        0        0     1         __tz_ITCM_S = ABSOLUTE ( __ITCM_START )
       0        0        0     1         __itcm_data_start = .
       0        0        0     1         . = ALIGN ( 8 )
       0        0        0     1         __itcm_data_end = .
       0        0        0     1         __tz_ITCM_N = DEFINED ( ITCM_NS_START ) ? ABSOLUTE ( ITCM_NS_START ) : ALIGN ( __itcm_data_end , 8192 )
       0        0        0     1 __itcm_data_init_start = LOADADDR ( .itcm_data )
       0        0        0     1 __itcm_data_init_end = LOADADDR ( .itcm_data ) + SIZEOF ( .itcm_data )
       0        0        0     1 
       0        0        0     1 
       0        0        0     1 
       0        0        0     1 
       0        0      e88     1 . = ( SIZEOF ( .itcm_data ) > 0 ) ? __itcm_data_init_end : __itcm_data_pre_location
     e88      e88        0     1 __exidx_start = .
     e88      e88        0     1 __exidx_end = .
     e88      e88        0     1 __tz_RAM_S = ORIGIN ( RAM )
20004000 20004000        0     1 .fsp_dtc_vector_table
20004000 20004000        0     1         . = ORIGIN ( RAM )
20004000      e88        c     2 .data
20004000      e88        0     1         __data_start__ = .
20004000      e88        0     1         . = ALIGN ( 4 )
20004000      e88        0     1         __Code_In_RAM_Start = .
20004000      e88        0     1         __Code_In_RAM_End = .
20004000      e88        4     2         ./ra_gen/hal_data.o:(.data.g_uart0_baud_setting)
20004000      e88        4     1                 g_uart0_baud_setting
20004004      e8c        8     2         ./Modules/Scheduler/Scheduler.o:(.data..L_MergedGlobals)
20004004      e8c        2     1                 ten_mS_Counter
20004006      e8e        2     1                 twentyfive_mS_Counter
20004008      e90        2     1                 hundred_mS_Counter
2000400a      e92        2     1                 one_S_Counter
2000400c      e94        0     1         . = ALIGN ( 4 )
2000400c      e94        0     1         . = ALIGN ( 4 )
2000400c      e94        0     1         PROVIDE_HIDDEN ( __init_array_start = . )
2000400c      e94        0     1         PROVIDE_HIDDEN ( __init_array_end = . )
2000400c      e94        0     1         . = ALIGN ( 4 )
2000400c      e94        0     1         . = ALIGN ( 4 )
2000400c      e94        0     1         __data_end__ = .
2000400c      e94        0     1 __etext = LOADADDR ( .data )
2000400c      e94        1     1 .tdata
2000400c      e94        1     1         BYTE ( 0xFF )
2000400d      e95        0     1 PROVIDE ( __tls_base = ADDR ( .tdata ) )
2000400d      e95        0     1 PROVIDE ( __tdata_source = LOADADDR ( .tdata ) )
2000400d      e95        0     1 PROVIDE ( __tdata_size = SIZEOF ( .tdata ) )
2000400d      e95        0     1 PROVIDE ( __tls_align = MAX ( ALIGNOF ( .tdata ) , ALIGNOF ( .tbss ) ) )
2000400d 2000400d        0     1 .tbss
2000400d 2000400d        0     1         PROVIDE ( __tls_end = . )
2000400d 2000400d        0     1 PROVIDE ( __tbss_offset = ADDR ( .tbss ) - ADDR ( .tdata ) )
2000400d 2000400d        0     1 PROVIDE ( __tbss_size = SIZEOF ( .tbss ) )
2000400d 2000400d        0     1 PROVIDE ( __arm32_tls_tcb_offset = MAX ( 8 , __tls_align ) )
2000400d 2000400d        0     1 . = .
2000400d 2000400d        0     1 __dtcm_data_pre_location = LOADADDR ( .tdata ) + SIZEOF ( .tdata )
2000400d 2000400d        0     1 DTCM_BYTE_ALIGN_VALUE = ( __DTCM_LENGTH > 0 ) ? 16 : 4
       0        0        0     4 .dtcm_data
       0        0        0     1         __tz_DTCM_S = ABSOLUTE ( __DTCM_START )
       0        0        0     1         __dtcm_data_start = .
       0        0        0     1         . = ALIGN ( 8 )
       0        0        0     1         __dtcm_data_end = .
       0        0        0     1 . = __dtcm_data_end
       0        0        0     1 .dtcm_bss
       0        0        0     1         __dtcm_bss_start = .
       0        0        0     1         . = ALIGN ( 8 )
       0        0        0     1         __dtcm_bss_end = .
       0        0        0     1         __tz_DTCM_N = DEFINED ( DTCM_NS_START ) ? ABSOLUTE ( DTCM_NS_START ) : ALIGN ( __dtcm_bss_end , 8192 )
       0        0        0     1 __dtcm_data_init_start = LOADADDR ( .dtcm_data )
       0        0        0     1 __dtcm_data_init_end = LOADADDR ( .dtcm_data ) + SIZEOF ( .dtcm_data )
       0        0        0     1 
       0        0        0     1 
       0        0        0     1 
       0        0        0     1 
       0        0        0     1 
       0        0        0     1 
       0        0        0     1 
       0        0        0     1 
       0        0      e95     1 . = ( SIZEOF ( .dtcm_data ) > 0 ) ? __dtcm_data_init_end : __dtcm_data_pre_location
     e95      e95        0     1 sgstubs_pre_location = .
     e95      e95        0     1 SGSTUBS_LOC = ( DEFINED ( PROJECT_SECURE ) && DEFINED ( FLASH_NSC_START ) ) ? ABSOLUTE ( FLASH_NSC_START ) : ALIGN ( 1024 )
    1000     1000        0  1024 .gnu.sgstubs
    1000     1000        0     1         __tz_FLASH_C = DEFINED ( FLASH_NSC_START ) ? ABSOLUTE ( FLASH_NSC_START ) : __RESERVE_NS_RAM ? ABSOLUTE ( FLASH_START + FLASH_LENGTH ) : ALIGN ( 1024 )
    1000     1000        0     1         _start_sg = .
    1000     1000        0     1         . = ALIGN ( 32 )
    1000     1000        0     1         _end_sg = .
    1000     1000        0     1 __tz_FLASH_N = DEFINED ( FLASH_NS_START ) ? ABSOLUTE ( FLASH_NS_START ) : __RESERVE_NS_RAM ? ABSOLUTE ( FLASH_START + FLASH_LENGTH ) : FLASH_LENGTH < 32768 ? FLASH_LENGTH : ALIGN ( 32768 )
    1000     1000        0     1 __tz_QSPI_FLASH_S = ORIGIN ( QSPI_FLASH )
60000000 60000000        0     1 .qspi_flash
60000000 60000000        0     1         __qspi_flash_start__ = .
60000000 60000000        0     1         __qspi_flash_end__ = .
60000000 60000000        0     1 __qspi_flash_code_size__ = __qspi_flash_end__ - __qspi_flash_start__
60000000 60000000        0     1 __qspi_flash_code_addr__ = sgstubs_pre_location
60000000 60000000        0     1 .qspi_non_retentive
60000000 60000000        0     1         __qspi_non_retentive_start__ = .
60000000 60000000        0     1         __qspi_non_retentive_end__ = .
60000000 60000000        0     1 __qspi_non_retentive_size__ = __qspi_non_retentive_end__ - __qspi_non_retentive_start__
60000000 60000000        0     1 __qspi_region_max_size__ = 0x4000000
60000000 60000000        0     1 __qspi_region_start_address__ = __qspi_flash_start__
60000000 60000000        0     1 __qspi_region_end_address__ = __qspi_flash_start__ + __qspi_region_max_size__
60000000 60000000        0     1 __tz_QSPI_FLASH_N = __qspi_non_retentive_end__
80020000 80020000        0     1 .OSPI_DEVICE_0_NO_LOAD
80020000 80020000        0     1         . = ALIGN ( 4 )
80020000 80020000        0     1         __ospi_device_0_start__ = .
80020000 80020000        0     1         . = ALIGN ( 4 )
80020000 80020000        0     1         __ospi_device_0_end__ = .
80030000 80030000        0     1 .OSPI_DEVICE_1_NO_LOAD
80030000 80030000        0     1         . = ALIGN ( 4 )
80030000 80030000        0     1         __ospi_device_1_start__ = .
80030000 80030000        0     1         . = ALIGN ( 4 )
80030000 80030000        0     1         __ospi_device_1_end__ = .
80030000 80030000        0     1 __tz_OSPI_DEVICE_0_S = ORIGIN ( OSPI_DEVICE_0 )
80020000 80020000        0     1 .OSPI_DEVICE_0
80020000 80020000        0     1         __ospi_device_0_start__ = .
80020000 80020000        0     1         __ospi_device_0_end__ = .
80020000 80020000        0     1 __ospi_device_0_code_size__ = __ospi_device_0_end__ - __ospi_device_0_start__
80020000 80020000        0     1 __ospi_device_0_code_addr__ = sgstubs_pre_location + ( SIZEOF ( .qspi_non_retentive ) )
80020000 80020000        0     1 .ospi_device_0_non_retentive
80020000 80020000        0     1         __ospi_device_0_non_retentive_start__ = .
80020000 80020000        0     1         __ospi_device_0_non_retentive_end__ = .
80020000 80020000        0     1 __ospi_device_0_non_retentive_size__ = __ospi_device_0_non_retentive_end__ - __ospi_device_0_non_retentive_start__
80020000 80020000        0     1 __ospi_device_0_region_max_size__ = 0x8000000
80020000 80020000        0     1 __ospi_device_0_region_start_address__ = __ospi_device_0_start__
80020000 80020000        0     1 __ospi_device_0_region_end_address__ = __ospi_device_0_start__ + __ospi_device_0_region_max_size__
80020000 80020000        0     1 __tz_OSPI_DEVICE_0_N = __ospi_device_0_non_retentive_end__
80020000 80020000        0     1 __tz_OSPI_DEVICE_1_S = ORIGIN ( OSPI_DEVICE_1 )
80030000 80030000        0     1 .OSPI_DEVICE_1
80030000 80030000        0     1         __ospi_device_1_start__ = .
80030000 80030000        0     1         __ospi_device_1_end__ = .
80030000 80030000        0     1 __ospi_device_1_code_size__ = __ospi_device_1_end__ - __ospi_device_1_start__
80030000 80030000        0     1 __ospi_device_1_code_addr__ = sgstubs_pre_location + ( SIZEOF ( .qspi_non_retentive ) + SIZEOF ( .ospi_device_0_non_retentive ) )
80030000 80030000        0     1 .ospi_device_1_non_retentive
80030000 80030000        0     1         __ospi_device_1_non_retentive_start__ = .
80030000 80030000        0     1         __ospi_device_1_non_retentive_end__ = .
80030000 80030000        0     1 __ospi_device_1_non_retentive_size__ = __ospi_device_1_non_retentive_end__ - __ospi_device_1_non_retentive_start__
80030000 80030000        0     1 __ospi_device_1_region_max_size__ = 0x10000000
80030000 80030000        0     1 __ospi_device_1_region_start_address__ = __ospi_device_1_start__
80030000 80030000        0     1 __ospi_device_1_region_end_address__ = __ospi_device_1_start__ + __ospi_device_1_region_max_size__
80030000 80030000        0     1 __tz_OSPI_DEVICE_1_N = __ospi_device_1_non_retentive_end__
20004010 20004010       18     4 .noinit
20004010 20004010        0     1         . = ALIGN ( 4 )
20004010 20004010        0     1         __noinit_start = .
20004010 20004010       14     4         ./ra/fsp/src/bsp/mcu/all/bsp_clocks.o:(.noinit)
20004010 20004010       14     1                 g_clock_freq
20004024 20004024        4     1         . = ALIGN ( 8 )
20004028 20004028        0     1         __noinit_end = .
20004030 20004030      1a4    16 .bss
20004030 20004030        0     1         . = ALIGN ( 4 )
20004030 20004030        0     1         __bss_start__ = .
20004030 20004030        8     4         ./ra_gen/common_data.o:(.bss.g_ioport_ctrl)
20004030 20004030        8     1                 g_ioport_ctrl
20004038 20004038       2c     4         ./ra_gen/hal_data.o:(.bss.g_uart0_ctrl)
20004038 20004038       2c     1                 g_uart0_ctrl
20004064 20004064       24     4         ./ra/fsp/src/bsp/mcu/all/bsp_group_irq.o:(.bss.g_bsp_group_irq_sources)
20004064 20004064       24     1                 g_bsp_group_irq_sources
20004088 20004088        4     4         ./ra/fsp/src/bsp/mcu/all/bsp_io.o:(.bss.g_protect_pfswe_counter)
20004088 20004088        4     1                 g_protect_pfswe_counter
2000408c 2000408c       a8     4         ./ra/fsp/src/bsp/mcu/all/bsp_irq.o:(.bss.gp_renesas_isr_context)
2000408c 2000408c       a8     1                 gp_renesas_isr_context
20004134 20004134        4     4         ./ra/fsp/src/bsp/cmsis/Device/RENESAS/Source/system.o:(.bss.SystemCoreClock)
20004134 20004134        4     1                 SystemCoreClock
20004138 20004138       6a     2         ./Modules/Serial_ASCII/Serial.o:(.bss..L_MergedGlobals)
20004138 20004138        1     1                 nextSerialTxOut
20004139 20004139        1     1                 nextSerialTxIn
2000413a 2000413a        1     1                 nextSerialRxIn
2000413b 2000413b        1     1                 nextSerialRx2Proc
2000413c 2000413c        2     1                 commError
2000413e 2000413e       32     1                 txBuffer
20004170 20004170       32     1                 rxBuffer
200041a2 200041a2       18     1         ./Modules/Serial_ASCII/Serial_user.o:(.bss..L_MergedGlobals)
200041a2 200041a2        1     1                 inPacket
200041a3 200041a3        1     1                 nextPacketChar
200041a4 200041a4        1     1                 processPacket
200041a5 200041a5        1     1                 pin_level2
200041a6 200041a6       14     1                 packetBuffer
200041ba 200041ba        8     2         ./Modules/Scheduler/Scheduler.o:(.bss..L_MergedGlobals.1)
200041ba 200041ba        1     1                 ten_mS_Flag
200041bb 200041bb        1     1                 twentyfive_mS_Flag
200041bc 200041bc        1     1                 hundred_mS_Flag
200041bd 200041bd        1     1                 one_S_Flag
200041be 200041be        1     1                 i2c_timeout_Flag
200041c0 200041c0        2     1                 i2c_timeout_Counter
200041d0 200041d0        4    16         C:\Renesas\e2_studio\toolchains\llvm_arm\LLVM-ET-Arm-18.1.3-Windows-x86_64\bin\..\lib\clang-runtimes/arm-none-eabi/armv6m_soft_nofp_exn_rtti\lib\libc.a(libc_picolib_machine_arm_read_tp.S.o):(.bss)
200041d0 200041d0        4     1                 __tls
200041d4 200041d4        0     1         . = ALIGN ( 4 )
200041d4 200041d4        0     1         __bss_end__ = .
200041d4 200041d4        4     1 .heap
200041d4 200041d4        4     1         . = ALIGN ( 8 )
200041d8 200041d8        0     1         __HeapBase = .
200041d8 200041d8        0     1         __HeapLimit = .
200041d8 200041d8        0     1 PROVIDE ( __heap_start = __HeapBase )
200041d8 200041d8        0     1 PROVIDE ( __heap_end = __HeapLimit )
200041d8 200041d8      400     8 .stack_dummy
200041d8 200041d8        0     1         . = ALIGN ( 8 )
200041d8 200041d8        0     1         __StackLimit = .
200041d8 200041d8      400     8         ./ra/fsp/src/bsp/cmsis/Device/RENESAS/Source/startup.o:(.stack)
200041d8 200041d8      400     1                 g_main_stack
200045d8 200045d8        0     1         __StackTop = .
200045d8 200045d8        0     1         __StackTopAll = .
200045d8 200045d8        0     1 __RAM_segment_used_end__ = ALIGN ( __StackTopAll , 4 )
200045d8 200045d8        0     1 __tz_RAM_C = DEFINED ( RAM_NSC_START ) ? ABSOLUTE ( RAM_NSC_START - RAM_NS_BUFFER_BLOCK_LENGTH ) : __RESERVE_NS_RAM ? ABSOLUTE ( RAM_NS_BUFFER_BLOCK_START ) : ALIGN ( __RAM_segment_used_end__ , 1024 )
200045d8 200045d8        0     1 __tz_RAM_N = DEFINED ( RAM_NS_START ) ? ABSOLUTE ( RAM_NS_START - RAM_NS_BUFFER_BLOCK_LENGTH ) : __RESERVE_NS_RAM ? ABSOLUTE ( RAM_NS_BUFFER_BLOCK_START ) : ALIGN ( __tz_RAM_C , 8192 )
200045d8 200045d8        0     1 .ns_buffer
200045d8 200045d8        0     1         . = __RESERVE_NS_RAM ? ABSOLUTE ( RAM_NS_BUFFER_START & 0xFFFFFFE0 ) : .
40100000 40100000        0     1 .data_flash
40100000 40100000        0     1         . = ORIGIN ( DATA_FLASH )
40100000 40100000        0     1         __tz_DATA_FLASH_S = .
40100000 40100000        0     1         __Data_Flash_Start = .
40100000 40100000        0     1         __Data_Flash_End = .
40100000 40100000        0     1         __tz_DATA_FLASH_N = DEFINED ( DATA_FLASH_NS_START ) ? ABSOLUTE ( DATA_FLASH_NS_START ) : __RESERVE_NS_RAM ? ABSOLUTE ( DATA_FLASH_START + DATA_FLASH_LENGTH ) : ALIGN ( 1024 )
40100000 40100000        0     1 __tz_SDRAM_S = ORIGIN ( SDRAM )
80010000 80010000        0     1 .sdram
80010000 80010000        0     1         __SDRAM_Start = .
80010000 80010000        0     1         __SDRAM_End = .
80010000 80010000        0     1 __tz_SDRAM_N = __SDRAM_End
80010000 80010000        0     1 __tz_ID_CODE_S = ORIGIN ( ID_CODE )
80010000 80010000        0     1 __tz_ID_CODE_N = __tz_ID_CODE_S
 1010018  1010018       1c     4 .id_code
 1010018  1010018        0     1         __ID_Code_Start = .
 1010018  1010018       1c     4         ./ra/fsp/src/bsp/mcu/all/bsp_rom_registers.o:(.id_code)
 1010018  1010018       1c     1                 g_bsp_id_codes
 1010034  1010034        0     1         __ID_Code_End = .
 1010034  1010034        0     1 __tz_OPTION_SETTING_S = ORIGIN ( OPTION_SETTING_OFS )
       0        0        0     1 .option_setting_ofs
       0        0        0     1         __OPTION_SETTING_OFS_Start = .
       0        0        0     1         . = PROJECT_SECURE_OR_FLAT ? __OPTION_SETTING_OFS_Start + 0x04 : __OPTION_SETTING_OFS_Start
       0        0        0     1         . = PROJECT_SECURE_OR_FLAT ? __OPTION_SETTING_OFS_Start + 0x10 : __OPTION_SETTING_OFS_Start
       0        0        0     1         __OPTION_SETTING_OFS_End = .
      34       34        0     1 .option_setting_sas
      34       34        0     1         __OPTION_SETTING_SAS_Start = .
      34       34        0     1         __OPTION_SETTING_SAS_End = .
      34       34        0     1 __tz_OPTION_SETTING_N = ABSOLUTE ( OPTION_SETTING_START_NS )
       0        0        0     1 .option_setting_ns
       0        0        0     1         __OPTION_SETTING_NS_Start = .
       0        0        0     1         . = USE_OPTION_SETTING_NS ? __OPTION_SETTING_NS_Start + 0x04 : __OPTION_SETTING_NS_Start
       0        0        0     1         . = USE_OPTION_SETTING_NS ? __OPTION_SETTING_NS_Start + 0x10 : __OPTION_SETTING_NS_Start
       0        0        0     1         . = USE_OPTION_SETTING_NS ? __OPTION_SETTING_NS_Start + 0x40 : __OPTION_SETTING_NS_Start
       0        0        0     1         . = USE_OPTION_SETTING_NS ? __OPTION_SETTING_NS_Start + 0x44 : __OPTION_SETTING_NS_Start
       0        0        0     1         . = USE_OPTION_SETTING_NS ? __OPTION_SETTING_NS_Start + 0x48 : __OPTION_SETTING_NS_Start
       0        0        0     1         . = USE_OPTION_SETTING_NS ? __OPTION_SETTING_NS_Start + 0x4C : __OPTION_SETTING_NS_Start
       0        0        0     1         . = USE_OPTION_SETTING_NS ? __OPTION_SETTING_NS_Start + 0x60 : __OPTION_SETTING_NS_Start
       0        0        0     1         . = USE_OPTION_SETTING_NS ? __OPTION_SETTING_NS_Start + 0x64 : __OPTION_SETTING_NS_Start
       0        0        0     1         . = USE_OPTION_SETTING_NS ? __OPTION_SETTING_NS_Start + 0x68 : __OPTION_SETTING_NS_Start
       0        0        0     1         . = USE_OPTION_SETTING_NS ? __OPTION_SETTING_NS_Start + 0x6C : __OPTION_SETTING_NS_Start
       0        0        0     1         __OPTION_SETTING_NS_End = .
       0        0        0     1 __tz_OPTION_SETTING_S_S = ORIGIN ( OPTION_SETTING_S )
80000000 80000000        0     1 .option_setting_s
80000000 80000000        0     1         __OPTION_SETTING_S_Start = .
80000000 80000000        0     1         . = PROJECT_SECURE_OR_FLAT ? __OPTION_SETTING_S_Start + 0x04 : __OPTION_SETTING_S_Start
80000000 80000000        0     1         . = PROJECT_SECURE_OR_FLAT ? __OPTION_SETTING_S_Start + 0x10 : __OPTION_SETTING_S_Start
80000000 80000000        0     1         . = PROJECT_SECURE_OR_FLAT ? __OPTION_SETTING_S_Start + 0x40 : __OPTION_SETTING_S_Start
80000000 80000000        0     1         . = PROJECT_SECURE_OR_FLAT ? __OPTION_SETTING_S_Start + 0x44 : __OPTION_SETTING_S_Start
80000000 80000000        0     1         . = PROJECT_SECURE_OR_FLAT ? __OPTION_SETTING_S_Start + 0x48 : __OPTION_SETTING_S_Start
80000000 80000000        0     1         . = PROJECT_SECURE_OR_FLAT ? __OPTION_SETTING_S_Start + 0x4C : __OPTION_SETTING_S_Start
80000000 80000000        0     1         . = PROJECT_SECURE_OR_FLAT ? __OPTION_SETTING_S_Start + 0x60 : __OPTION_SETTING_S_Start
80000000 80000000        0     1         . = PROJECT_SECURE_OR_FLAT ? __OPTION_SETTING_S_Start + 0x64 : __OPTION_SETTING_S_Start
80000000 80000000        0     1         . = PROJECT_SECURE_OR_FLAT ? __OPTION_SETTING_S_Start + 0x68 : __OPTION_SETTING_S_Start
80000000 80000000        0     1         . = PROJECT_SECURE_OR_FLAT ? __OPTION_SETTING_S_Start + 0x6C : __OPTION_SETTING_S_Start
80000000 80000000        0     1         . = PROJECT_SECURE_OR_FLAT ? __OPTION_SETTING_S_Start + 0x80 : __OPTION_SETTING_S_Start
80000000 80000000        0     1         . = PROJECT_SECURE_OR_FLAT ? __OPTION_SETTING_S_Start + 0x84 : __OPTION_SETTING_S_Start
80000000 80000000        0     1         . = PROJECT_SECURE_OR_FLAT ? __OPTION_SETTING_S_Start + 0x90 : __OPTION_SETTING_S_Start
80000000 80000000        0     1         . = PROJECT_SECURE_OR_FLAT ? __OPTION_SETTING_S_Start + 0xC0 : __OPTION_SETTING_S_Start
80000000 80000000        0     1         . = PROJECT_SECURE_OR_FLAT ? __OPTION_SETTING_S_Start + 0xC4 : __OPTION_SETTING_S_Start
80000000 80000000        0     1         . = PROJECT_SECURE_OR_FLAT ? __OPTION_SETTING_S_Start + 0xC8 : __OPTION_SETTING_S_Start
80000000 80000000        0     1         . = PROJECT_SECURE_OR_FLAT ? __OPTION_SETTING_S_Start + 0xCC : __OPTION_SETTING_S_Start
80000000 80000000        0     1         __OPTION_SETTING_S_End = .
80000000 80000000        0     1 __tz_OPTION_SETTING_S_N = __OPTION_SETTING_S_End
       0        0      e7d     1 .debug_loclists
       0        0       51     1         ./src/hal_entry.o:(.debug_loclists)
      51       51      488     1         ./ra/fsp/src/r_uarta/r_uarta.o:(.debug_loclists)
     4d9      4d9      32f     1         ./ra/fsp/src/r_ioport/r_ioport.o:(.debug_loclists)
     808      808       df     1         ./ra/fsp/src/bsp/mcu/all/bsp_clocks.o:(.debug_loclists)
     8e7      8e7       20     1         ./ra/fsp/src/bsp/mcu/all/bsp_common.o:(.debug_loclists)
     907      907       af     1         ./ra/fsp/src/bsp/mcu/all/bsp_delay.o:(.debug_loclists)
     9b6      9b6       38     1         ./ra/fsp/src/bsp/mcu/all/bsp_group_irq.o:(.debug_loclists)
     9ee      9ee       d1     1         ./ra/fsp/src/bsp/mcu/all/bsp_irq.o:(.debug_loclists)
     abf      abf       64     1         ./ra/fsp/src/bsp/mcu/all/bsp_register_protection.o:(.debug_loclists)
     b23      b23       3e     1         ./ra/fsp/src/bsp/mcu/all/bsp_sbrk.o:(.debug_loclists)
     b61      b61       18     1         ./ra/fsp/src/bsp/cmsis/Device/RENESAS/Source/system.o:(.debug_loclists)
     b79      b79       a1     1         ./Modules/Serial_ASCII/ASCII_numbers.o:(.debug_loclists)
     c1a      c1a      129     1         ./Modules/Serial_ASCII/Serial.o:(.debug_loclists)
     d43      d43       1a     1         ./Modules/Serial_ASCII/Serial_user.o:(.debug_loclists)
     d5d      d5d       2a     1         C:\Renesas\e2_studio\toolchains\llvm_arm\LLVM-ET-Arm-18.1.3-Windows-x86_64\bin\..\lib\clang-runtimes/arm-none-eabi/armv6m_soft_nofp_exn_rtti\lib\libc.a(libc_picolib_inittls.c.o):(.debug_loclists)
     d87      d87       2d     1         C:\Renesas\e2_studio\toolchains\llvm_arm\LLVM-ET-Arm-18.1.3-Windows-x86_64\bin\..\lib\clang-runtimes/arm-none-eabi/armv6m_soft_nofp_exn_rtti\lib\libc.a(bzero.c.o):(.debug_loclists)
     db4      db4       7a     1         C:\Renesas\e2_studio\toolchains\llvm_arm\LLVM-ET-Arm-18.1.3-Windows-x86_64\bin\..\lib\clang-runtimes/arm-none-eabi/armv6m_soft_nofp_exn_rtti\lib\libc.a(memcpy.c.o):(.debug_loclists)
     e2e      e2e       4f     1         C:\Renesas\e2_studio\toolchains\llvm_arm\LLVM-ET-Arm-18.1.3-Windows-x86_64\bin\..\lib\clang-runtimes/arm-none-eabi/armv6m_soft_nofp_exn_rtti\lib\libc.a(memset.c.o):(.debug_loclists)
       0        0     21b8     1 .debug_abbrev
       0        0      248     1         ./src/hal_entry.o:(.debug_abbrev)
     248      248      108     1         ./ra_gen/common_data.o:(.debug_abbrev)
     350      350      21a     1         ./ra_gen/hal_data.o:(.debug_abbrev)
     56a      56a       3c     1         ./ra_gen/main.o:(.debug_abbrev)
     5a6      5a6       e6     1         ./ra_gen/pin_data.o:(.debug_abbrev)
     68c      68c       62     1         ./ra_gen/vector_data.o:(.debug_abbrev)
     6ee      6ee      3bf     1         ./ra/fsp/src/r_uarta/r_uarta.o:(.debug_abbrev)
     aad      aad      2bb     1         ./ra/fsp/src/r_ioport/r_ioport.o:(.debug_abbrev)
     d68      d68      29d     1         ./ra/fsp/src/bsp/mcu/all/bsp_clocks.o:(.debug_abbrev)
    1005     1005      149     1         ./ra/fsp/src/bsp/mcu/all/bsp_common.o:(.debug_abbrev)
    114e     114e       ab     1         ./ra/fsp/src/bsp/mcu/all/bsp_delay.o:(.debug_abbrev)
    11f9     11f9      20f     1         ./ra/fsp/src/bsp/mcu/all/bsp_group_irq.o:(.debug_abbrev)
    1408     1408       44     1         ./ra/fsp/src/bsp/mcu/all/bsp_io.o:(.debug_abbrev)
    144c     144c      1b8     1         ./ra/fsp/src/bsp/mcu/all/bsp_irq.o:(.debug_abbrev)
    1604     1604      1ab     1         ./ra/fsp/src/bsp/mcu/all/bsp_register_protection.o:(.debug_abbrev)
    17af     17af       5d     1         ./ra/fsp/src/bsp/mcu/all/bsp_rom_registers.o:(.debug_abbrev)
    180c     180c       80     1         ./ra/fsp/src/bsp/mcu/all/bsp_sbrk.o:(.debug_abbrev)
    188c     188c       a3     1         ./ra/fsp/src/bsp/cmsis/Device/RENESAS/Source/startup.o:(.debug_abbrev)
    192f     192f      143     1         ./ra/fsp/src/bsp/cmsis/Device/RENESAS/Source/system.o:(.debug_abbrev)
    1a72     1a72       43     1         ./ra/board/ra0e1_fpb/board_init.o:(.debug_abbrev)
    1ab5     1ab5       91     1         ./ra/board/ra0e1_fpb/board_leds.o:(.debug_abbrev)
    1b46     1b46       7f     1         ./Modules/Serial_ASCII/ASCII_numbers.o:(.debug_abbrev)
    1bc5     1bc5      189     1         ./Modules/Serial_ASCII/Serial.o:(.debug_abbrev)
    1d4e     1d4e      13b     1         ./Modules/Serial_ASCII/Serial_user.o:(.debug_abbrev)
    1e89     1e89       87     1         ./Modules/Scheduler/Scheduler.o:(.debug_abbrev)
    1f10     1f10       2e     1         C:\Renesas\e2_studio\toolchains\llvm_arm\LLVM-ET-Arm-18.1.3-Windows-x86_64\bin\..\lib\clang-runtimes/arm-none-eabi/armv6m_soft_nofp_exn_rtti\lib\libc.a(libc_errno_errno.c.o):(.debug_abbrev)
    1f3e     1f3e       74     1         C:\Renesas\e2_studio\toolchains\llvm_arm\LLVM-ET-Arm-18.1.3-Windows-x86_64\bin\..\lib\clang-runtimes/arm-none-eabi/armv6m_soft_nofp_exn_rtti\lib\libc.a(libc_picolib_inittls.c.o):(.debug_abbrev)
    1fb2     1fb2       62     1         C:\Renesas\e2_studio\toolchains\llvm_arm\LLVM-ET-Arm-18.1.3-Windows-x86_64\bin\..\lib\clang-runtimes/arm-none-eabi/armv6m_soft_nofp_exn_rtti\lib\libc.a(libc_picolib_machine_arm_tls.c.o):(.debug_abbrev)
    2014     2014       21     1         C:\Renesas\e2_studio\toolchains\llvm_arm\LLVM-ET-Arm-18.1.3-Windows-x86_64\bin\..\lib\clang-runtimes/arm-none-eabi/armv6m_soft_nofp_exn_rtti\lib\libc.a(libc_picolib_machine_arm_read_tp.S.o):(.debug_abbrev)
    2035     2035       5e     1         C:\Renesas\e2_studio\toolchains\llvm_arm\LLVM-ET-Arm-18.1.3-Windows-x86_64\bin\..\lib\clang-runtimes/arm-none-eabi/armv6m_soft_nofp_exn_rtti\lib\libc.a(bzero.c.o):(.debug_abbrev)
    2093     2093       a0     1         C:\Renesas\e2_studio\toolchains\llvm_arm\LLVM-ET-Arm-18.1.3-Windows-x86_64\bin\..\lib\clang-runtimes/arm-none-eabi/armv6m_soft_nofp_exn_rtti\lib\libc.a(memcpy.c.o):(.debug_abbrev)
    2133     2133       85     1         C:\Renesas\e2_studio\toolchains\llvm_arm\LLVM-ET-Arm-18.1.3-Windows-x86_64\bin\..\lib\clang-runtimes/arm-none-eabi/armv6m_soft_nofp_exn_rtti\lib\libc.a(memset.c.o):(.debug_abbrev)
       0        0     da68     1 .debug_info
       0        0     2067     1         ./src/hal_entry.o:(.debug_info)
    2067     2067      bd0     1         ./ra_gen/common_data.o:(.debug_info)
    2c37     2c37      fc5     1         ./ra_gen/hal_data.o:(.debug_info)
    3bfc     3bfc       37     1         ./ra_gen/main.o:(.debug_info)
    3c33     3c33      49b     1         ./ra_gen/pin_data.o:(.debug_info)
    40ce     40ce       4e     1         ./ra_gen/vector_data.o:(.debug_info)
    411c     411c     2023     1         ./ra/fsp/src/r_uarta/r_uarta.o:(.debug_info)
    613f     613f     18d3     1         ./ra/fsp/src/r_ioport/r_ioport.o:(.debug_info)
    7a12     7a12     23b4     1         ./ra/fsp/src/bsp/mcu/all/bsp_clocks.o:(.debug_info)
    9dc6     9dc6      579     1         ./ra/fsp/src/bsp/mcu/all/bsp_common.o:(.debug_info)
    a33f     a33f       e7     1         ./ra/fsp/src/bsp/mcu/all/bsp_delay.o:(.debug_info)
    a426     a426     122e     1         ./ra/fsp/src/bsp/mcu/all/bsp_group_irq.o:(.debug_info)
    b654     b654       43     1         ./ra/fsp/src/bsp/mcu/all/bsp_io.o:(.debug_info)
    b697     b697      361     1         ./ra/fsp/src/bsp/mcu/all/bsp_irq.o:(.debug_info)
    b9f8     b9f8      9dd     1         ./ra/fsp/src/bsp/mcu/all/bsp_register_protection.o:(.debug_info)
    c3d5     c3d5       6a     1         ./ra/fsp/src/bsp/mcu/all/bsp_rom_registers.o:(.debug_info)
    c43f     c43f       87     1         ./ra/fsp/src/bsp/mcu/all/bsp_sbrk.o:(.debug_info)
    c4c6     c4c6       95     1         ./ra/fsp/src/bsp/cmsis/Device/RENESAS/Source/startup.o:(.debug_info)
    c55b     c55b      159     1         ./ra/fsp/src/bsp/cmsis/Device/RENESAS/Source/system.o:(.debug_info)
    c6b4     c6b4       3b     1         ./ra/board/ra0e1_fpb/board_init.o:(.debug_info)
    c6ef     c6ef       88     1         ./ra/board/ra0e1_fpb/board_leds.o:(.debug_info)
    c777     c777       c0     1         ./Modules/Serial_ASCII/ASCII_numbers.o:(.debug_info)
    c837     c837      656     1         ./Modules/Serial_ASCII/Serial.o:(.debug_info)
    ce8d     ce8d      770     1         ./Modules/Serial_ASCII/Serial_user.o:(.debug_info)
    d5fd     d5fd       f4     1         ./Modules/Scheduler/Scheduler.o:(.debug_info)
    d6f1     d6f1       2e     1         C:\Renesas\e2_studio\toolchains\llvm_arm\LLVM-ET-Arm-18.1.3-Windows-x86_64\bin\..\lib\clang-runtimes/arm-none-eabi/armv6m_soft_nofp_exn_rtti\lib\libc.a(libc_errno_errno.c.o):(.debug_info)
    d71f     d71f       64     1         C:\Renesas\e2_studio\toolchains\llvm_arm\LLVM-ET-Arm-18.1.3-Windows-x86_64\bin\..\lib\clang-runtimes/arm-none-eabi/armv6m_soft_nofp_exn_rtti\lib\libc.a(libc_picolib_inittls.c.o):(.debug_info)
    d783     d783       60     1         C:\Renesas\e2_studio\toolchains\llvm_arm\LLVM-ET-Arm-18.1.3-Windows-x86_64\bin\..\lib\clang-runtimes/arm-none-eabi/armv6m_soft_nofp_exn_rtti\lib\libc.a(libc_picolib_machine_arm_tls.c.o):(.debug_info)
    d7e3     d7e3      123     1         C:\Renesas\e2_studio\toolchains\llvm_arm\LLVM-ET-Arm-18.1.3-Windows-x86_64\bin\..\lib\clang-runtimes/arm-none-eabi/armv6m_soft_nofp_exn_rtti\lib\libc.a(libc_picolib_machine_arm_read_tp.S.o):(.debug_info)
    d906     d906       53     1         C:\Renesas\e2_studio\toolchains\llvm_arm\LLVM-ET-Arm-18.1.3-Windows-x86_64\bin\..\lib\clang-runtimes/arm-none-eabi/armv6m_soft_nofp_exn_rtti\lib\libc.a(bzero.c.o):(.debug_info)
    d959     d959       97     1         C:\Renesas\e2_studio\toolchains\llvm_arm\LLVM-ET-Arm-18.1.3-Windows-x86_64\bin\..\lib\clang-runtimes/arm-none-eabi/armv6m_soft_nofp_exn_rtti\lib\libc.a(memcpy.c.o):(.debug_info)
    d9f0     d9f0       78     1         C:\Renesas\e2_studio\toolchains\llvm_arm\LLVM-ET-Arm-18.1.3-Windows-x86_64\bin\..\lib\clang-runtimes/arm-none-eabi/armv6m_soft_nofp_exn_rtti\lib\libc.a(memset.c.o):(.debug_info)
       0        0      17b     1 .debug_rnglists
       0        0       18     1         ./src/hal_entry.o:(.debug_rnglists)
      18       18       58     1         ./ra/fsp/src/r_uarta/r_uarta.o:(.debug_rnglists)
      70       70       5b     1         ./ra/fsp/src/r_ioport/r_ioport.o:(.debug_rnglists)
      cb       cb       30     1         ./ra/fsp/src/bsp/mcu/all/bsp_clocks.o:(.debug_rnglists)
      fb       fb       1a     1         ./ra/fsp/src/bsp/mcu/all/bsp_common.o:(.debug_rnglists)
     115      115       18     1         ./ra/fsp/src/bsp/cmsis/Device/RENESAS/Source/system.o:(.debug_rnglists)
     12d      12d       1f     1         ./Modules/Serial_ASCII/Serial.o:(.debug_rnglists)
     14c      14c       18     1         ./Modules/Serial_ASCII/Serial_user.o:(.debug_rnglists)
     164      164       17     1         ./Modules/Scheduler/Scheduler.o:(.debug_rnglists)
       0        0     5fd0     1 .debug_str_offsets
       0        0      e74     1         ./src/hal_entry.o:(.debug_str_offsets)
     e74      e74      8a8     1         ./ra_gen/common_data.o:(.debug_str_offsets)
    171c     171c      7a4     1         ./ra_gen/hal_data.o:(.debug_str_offsets)
    1ec0     1ec0       1c     1         ./ra_gen/main.o:(.debug_str_offsets)
    1edc     1edc      428     1         ./ra_gen/pin_data.o:(.debug_str_offsets)
    2304     2304       20     1         ./ra_gen/vector_data.o:(.debug_str_offsets)
    2324     2324      c04     1         ./ra/fsp/src/r_uarta/r_uarta.o:(.debug_str_offsets)
    2f28     2f28      bc4     1         ./ra/fsp/src/r_ioport/r_ioport.o:(.debug_str_offsets)
    3aec     3aec      94c     1         ./ra/fsp/src/bsp/mcu/all/bsp_clocks.o:(.debug_str_offsets)
    4438     4438      450     1         ./ra/fsp/src/bsp/mcu/all/bsp_common.o:(.debug_str_offsets)
    4888     4888       6c     1         ./ra/fsp/src/bsp/mcu/all/bsp_delay.o:(.debug_str_offsets)
    48f4     48f4      818     1         ./ra/fsp/src/bsp/mcu/all/bsp_group_irq.o:(.debug_str_offsets)
    510c     510c       24     1         ./ra/fsp/src/bsp/mcu/all/bsp_io.o:(.debug_str_offsets)
    5130     5130      1a0     1         ./ra/fsp/src/bsp/mcu/all/bsp_irq.o:(.debug_str_offsets)
    52d0     52d0      258     1         ./ra/fsp/src/bsp/mcu/all/bsp_register_protection.o:(.debug_str_offsets)
    5528     5528       2c     1         ./ra/fsp/src/bsp/mcu/all/bsp_rom_registers.o:(.debug_str_offsets)
    5554     5554       40     1         ./ra/fsp/src/bsp/mcu/all/bsp_sbrk.o:(.debug_str_offsets)
    5594     5594       38     1         ./ra/fsp/src/bsp/cmsis/Device/RENESAS/Source/startup.o:(.debug_str_offsets)
    55cc     55cc       8c     1         ./ra/fsp/src/bsp/cmsis/Device/RENESAS/Source/system.o:(.debug_str_offsets)
    5658     5658       1c     1         ./ra/board/ra0e1_fpb/board_init.o:(.debug_str_offsets)
    5674     5674       3c     1         ./ra/board/ra0e1_fpb/board_leds.o:(.debug_str_offsets)
    56b0     56b0       54     1         ./Modules/Serial_ASCII/ASCII_numbers.o:(.debug_str_offsets)
    5704     5704      4b8     1         ./Modules/Serial_ASCII/Serial.o:(.debug_str_offsets)
    5bbc     5bbc      29c     1         ./Modules/Serial_ASCII/Serial_user.o:(.debug_str_offsets)
    5e58     5e58       60     1         ./Modules/Scheduler/Scheduler.o:(.debug_str_offsets)
    5eb8     5eb8       1c     1         C:\Renesas\e2_studio\toolchains\llvm_arm\LLVM-ET-Arm-18.1.3-Windows-x86_64\bin\..\lib\clang-runtimes/arm-none-eabi/armv6m_soft_nofp_exn_rtti\lib\libc.a(libc_errno_errno.c.o):(.debug_str_offsets)
    5ed4     5ed4       30     1         C:\Renesas\e2_studio\toolchains\llvm_arm\LLVM-ET-Arm-18.1.3-Windows-x86_64\bin\..\lib\clang-runtimes/arm-none-eabi/armv6m_soft_nofp_exn_rtti\lib\libc.a(libc_picolib_inittls.c.o):(.debug_str_offsets)
    5f04     5f04       30     1         C:\Renesas\e2_studio\toolchains\llvm_arm\LLVM-ET-Arm-18.1.3-Windows-x86_64\bin\..\lib\clang-runtimes/arm-none-eabi/armv6m_soft_nofp_exn_rtti\lib\libc.a(libc_picolib_machine_arm_tls.c.o):(.debug_str_offsets)
    5f34     5f34       28     1         C:\Renesas\e2_studio\toolchains\llvm_arm\LLVM-ET-Arm-18.1.3-Windows-x86_64\bin\..\lib\clang-runtimes/arm-none-eabi/armv6m_soft_nofp_exn_rtti\lib\libc.a(bzero.c.o):(.debug_str_offsets)
    5f5c     5f5c       3c     1         C:\Renesas\e2_studio\toolchains\llvm_arm\LLVM-ET-Arm-18.1.3-Windows-x86_64\bin\..\lib\clang-runtimes/arm-none-eabi/armv6m_soft_nofp_exn_rtti\lib\libc.a(memcpy.c.o):(.debug_str_offsets)
    5f98     5f98       38     1         C:\Renesas\e2_studio\toolchains\llvm_arm\LLVM-ET-Arm-18.1.3-Windows-x86_64\bin\..\lib\clang-runtimes/arm-none-eabi/armv6m_soft_nofp_exn_rtti\lib\libc.a(memset.c.o):(.debug_str_offsets)
       0        0     79b2     1 .debug_str
       0        0     79b2     1         <internal>:(.debug_str)
       0        0      39c     1 .debug_addr
       0        0       1c     1         ./src/hal_entry.o:(.debug_addr)
      1c       1c       14     1         ./ra_gen/common_data.o:(.debug_addr)
      30       30       20     1         ./ra_gen/hal_data.o:(.debug_addr)
      50       50        c     1         ./ra_gen/main.o:(.debug_addr)
      5c       5c       10     1         ./ra_gen/pin_data.o:(.debug_addr)
      6c       6c        c     1         ./ra_gen/vector_data.o:(.debug_addr)
      78       78       8c     1         ./ra/fsp/src/r_uarta/r_uarta.o:(.debug_addr)
     104      104       64     1         ./ra/fsp/src/r_ioport/r_ioport.o:(.debug_addr)
     168      168       4c     1         ./ra/fsp/src/bsp/mcu/all/bsp_clocks.o:(.debug_addr)
     1b4      1b4       20     1         ./ra/fsp/src/bsp/mcu/all/bsp_common.o:(.debug_addr)
     1d4      1d4       1c     1         ./ra/fsp/src/bsp/mcu/all/bsp_delay.o:(.debug_addr)
     1f0      1f0       24     1         ./ra/fsp/src/bsp/mcu/all/bsp_group_irq.o:(.debug_addr)
     214      214        c     1         ./ra/fsp/src/bsp/mcu/all/bsp_io.o:(.debug_addr)
     220      220       3c     1         ./ra/fsp/src/bsp/mcu/all/bsp_irq.o:(.debug_addr)
     25c      25c       30     1         ./ra/fsp/src/bsp/mcu/all/bsp_register_protection.o:(.debug_addr)
     28c      28c       10     1         ./ra/fsp/src/bsp/mcu/all/bsp_rom_registers.o:(.debug_addr)
     29c      29c       10     1         ./ra/fsp/src/bsp/mcu/all/bsp_sbrk.o:(.debug_addr)
     2ac      2ac       18     1         ./ra/fsp/src/bsp/cmsis/Device/RENESAS/Source/startup.o:(.debug_addr)
     2c4      2c4       1c     1         ./ra/fsp/src/bsp/cmsis/Device/RENESAS/Source/system.o:(.debug_addr)
     2e0      2e0        c     1         ./ra/board/ra0e1_fpb/board_init.o:(.debug_addr)
     2ec      2ec       10     1         ./ra/board/ra0e1_fpb/board_leds.o:(.debug_addr)
     2fc      2fc        c     1         ./Modules/Serial_ASCII/ASCII_numbers.o:(.debug_addr)
     308      308       20     1         ./Modules/Serial_ASCII/Serial.o:(.debug_addr)
     328      328       20     1         ./Modules/Serial_ASCII/Serial_user.o:(.debug_addr)
     348      348       18     1         ./Modules/Scheduler/Scheduler.o:(.debug_addr)
     360      360        c     1         C:\Renesas\e2_studio\toolchains\llvm_arm\LLVM-ET-Arm-18.1.3-Windows-x86_64\bin\..\lib\clang-runtimes/arm-none-eabi/armv6m_soft_nofp_exn_rtti\lib\libc.a(libc_picolib_inittls.c.o):(.debug_addr)
     36c      36c        c     1         C:\Renesas\e2_studio\toolchains\llvm_arm\LLVM-ET-Arm-18.1.3-Windows-x86_64\bin\..\lib\clang-runtimes/arm-none-eabi/armv6m_soft_nofp_exn_rtti\lib\libc.a(libc_picolib_machine_arm_tls.c.o):(.debug_addr)
     378      378        c     1         C:\Renesas\e2_studio\toolchains\llvm_arm\LLVM-ET-Arm-18.1.3-Windows-x86_64\bin\..\lib\clang-runtimes/arm-none-eabi/armv6m_soft_nofp_exn_rtti\lib\libc.a(bzero.c.o):(.debug_addr)
     384      384        c     1         C:\Renesas\e2_studio\toolchains\llvm_arm\LLVM-ET-Arm-18.1.3-Windows-x86_64\bin\..\lib\clang-runtimes/arm-none-eabi/armv6m_soft_nofp_exn_rtti\lib\libc.a(memcpy.c.o):(.debug_addr)
     390      390        c     1         C:\Renesas\e2_studio\toolchains\llvm_arm\LLVM-ET-Arm-18.1.3-Windows-x86_64\bin\..\lib\clang-runtimes/arm-none-eabi/armv6m_soft_nofp_exn_rtti\lib\libc.a(memset.c.o):(.debug_addr)
       0        0       29     1 .comment
       0        0       29     1         <internal>:(.comment)
       0        0       42     1 .ARM.attributes
       0        0       42     1         ./src/hal_entry.o:(.ARM.attributes)
       0        0      9a0     4 .debug_frame
       0        0       40     4         ./src/hal_entry.o:(.debug_frame)
      40       40       24     4         ./ra_gen/common_data.o:(.debug_frame)
      64       64       24     4         ./ra_gen/hal_data.o:(.debug_frame)
      88       88       30     4         ./ra_gen/main.o:(.debug_frame)
      b8       b8      188     4         ./ra/fsp/src/r_uarta/r_uarta.o:(.debug_frame)
     240      240      1a0     4         ./ra/fsp/src/r_ioport/r_ioport.o:(.debug_frame)
     3e0      3e0       dc     4         ./ra/fsp/src/bsp/mcu/all/bsp_clocks.o:(.debug_frame)
     4bc      4bc       44     4         ./ra/fsp/src/bsp/mcu/all/bsp_common.o:(.debug_frame)
     500      500       34     4         ./ra/fsp/src/bsp/mcu/all/bsp_delay.o:(.debug_frame)
     534      534       58     4         ./ra/fsp/src/bsp/mcu/all/bsp_group_irq.o:(.debug_frame)
     58c      58c       a8     4         ./ra/fsp/src/bsp/mcu/all/bsp_irq.o:(.debug_frame)
     634      634       54     4         ./ra/fsp/src/bsp/mcu/all/bsp_register_protection.o:(.debug_frame)
     688      688       30     4         ./ra/fsp/src/bsp/mcu/all/bsp_sbrk.o:(.debug_frame)
     6b8      6b8       40     4         ./ra/fsp/src/bsp/cmsis/Device/RENESAS/Source/startup.o:(.debug_frame)
     6f8      6f8       48     4         ./ra/fsp/src/bsp/cmsis/Device/RENESAS/Source/system.o:(.debug_frame)
     740      740       24     4         ./ra/board/ra0e1_fpb/board_init.o:(.debug_frame)
     764      764       38     4         ./Modules/Serial_ASCII/ASCII_numbers.o:(.debug_frame)
     79c      79c       78     4         ./Modules/Serial_ASCII/Serial.o:(.debug_frame)
     814      814       54     4         ./Modules/Serial_ASCII/Serial_user.o:(.debug_frame)
     868      868       34     4         ./Modules/Scheduler/Scheduler.o:(.debug_frame)
     89c      89c       34     4         C:\Renesas\e2_studio\toolchains\llvm_arm\LLVM-ET-Arm-18.1.3-Windows-x86_64\bin\..\lib\clang-runtimes/arm-none-eabi/armv6m_soft_nofp_exn_rtti\lib\libc.a(libc_picolib_inittls.c.o):(.debug_frame)
     8d0      8d0       24     4         C:\Renesas\e2_studio\toolchains\llvm_arm\LLVM-ET-Arm-18.1.3-Windows-x86_64\bin\..\lib\clang-runtimes/arm-none-eabi/armv6m_soft_nofp_exn_rtti\lib\libc.a(libc_picolib_machine_arm_tls.c.o):(.debug_frame)
     8f4      8f4       24     4         C:\Renesas\e2_studio\toolchains\llvm_arm\LLVM-ET-Arm-18.1.3-Windows-x86_64\bin\..\lib\clang-runtimes/arm-none-eabi/armv6m_soft_nofp_exn_rtti\lib\libc.a(libc_picolib_machine_arm_read_tp.S.o):(.debug_frame)
     918      918       30     4         C:\Renesas\e2_studio\toolchains\llvm_arm\LLVM-ET-Arm-18.1.3-Windows-x86_64\bin\..\lib\clang-runtimes/arm-none-eabi/armv6m_soft_nofp_exn_rtti\lib\libc.a(bzero.c.o):(.debug_frame)
     948      948       34     4         C:\Renesas\e2_studio\toolchains\llvm_arm\LLVM-ET-Arm-18.1.3-Windows-x86_64\bin\..\lib\clang-runtimes/arm-none-eabi/armv6m_soft_nofp_exn_rtti\lib\libc.a(memcpy.c.o):(.debug_frame)
     97c      97c       24     4         C:\Renesas\e2_studio\toolchains\llvm_arm\LLVM-ET-Arm-18.1.3-Windows-x86_64\bin\..\lib\clang-runtimes/arm-none-eabi/armv6m_soft_nofp_exn_rtti\lib\libc.a(memset.c.o):(.debug_frame)
       0        0     26fa     1 .debug_line
       0        0      16b     1         ./src/hal_entry.o:(.debug_line)
     16b      16b       f8     1         ./ra_gen/common_data.o:(.debug_line)
     263      263      14f     1         ./ra_gen/hal_data.o:(.debug_line)
     3b2      3b2       72     1         ./ra_gen/main.o:(.debug_line)
     424      424       bc     1         ./ra_gen/pin_data.o:(.debug_line)
     4e0      4e0       75     1         ./ra_gen/vector_data.o:(.debug_line)
     555      555      5ca     1         ./ra/fsp/src/r_uarta/r_uarta.o:(.debug_line)
     b1f      b1f      3d0     1         ./ra/fsp/src/r_ioport/r_ioport.o:(.debug_line)
     eef      eef      374     1         ./ra/fsp/src/bsp/mcu/all/bsp_clocks.o:(.debug_line)
    1263     1263      100     1         ./ra/fsp/src/bsp/mcu/all/bsp_common.o:(.debug_line)
    1363     1363      11e     1         ./ra/fsp/src/bsp/mcu/all/bsp_delay.o:(.debug_line)
    1481     1481      14f     1         ./ra/fsp/src/bsp/mcu/all/bsp_group_irq.o:(.debug_line)
    15d0     15d0       8e     1         ./ra/fsp/src/bsp/mcu/all/bsp_io.o:(.debug_line)
    165e     165e      158     1         ./ra/fsp/src/bsp/mcu/all/bsp_irq.o:(.debug_line)
    17b6     17b6      114     1         ./ra/fsp/src/bsp/mcu/all/bsp_register_protection.o:(.debug_line)
    18ca     18ca       8e     1         ./ra/fsp/src/bsp/mcu/all/bsp_rom_registers.o:(.debug_line)
    1958     1958       ec     1         ./ra/fsp/src/bsp/mcu/all/bsp_sbrk.o:(.debug_line)
    1a44     1a44       aa     1         ./ra/fsp/src/bsp/cmsis/Device/RENESAS/Source/startup.o:(.debug_line)
    1aee     1aee       de     1         ./ra/fsp/src/bsp/cmsis/Device/RENESAS/Source/system.o:(.debug_line)
    1bcc     1bcc       6e     1         ./ra/board/ra0e1_fpb/board_init.o:(.debug_line)
    1c3a     1c3a       a7     1         ./ra/board/ra0e1_fpb/board_leds.o:(.debug_line)
    1ce1     1ce1       ea     1         ./Modules/Serial_ASCII/ASCII_numbers.o:(.debug_line)
    1dcb     1dcb      29a     1         ./Modules/Serial_ASCII/Serial.o:(.debug_line)
    2065     2065      1cf     1         ./Modules/Serial_ASCII/Serial_user.o:(.debug_line)
    2234     2234      130     1         ./Modules/Scheduler/Scheduler.o:(.debug_line)
    2364     2364       43     1         C:\Renesas\e2_studio\toolchains\llvm_arm\LLVM-ET-Arm-18.1.3-Windows-x86_64\bin\..\lib\clang-runtimes/arm-none-eabi/armv6m_soft_nofp_exn_rtti\lib\libc.a(libc_errno_errno.c.o):(.debug_line)
    23a7     23a7       9c     1         C:\Renesas\e2_studio\toolchains\llvm_arm\LLVM-ET-Arm-18.1.3-Windows-x86_64\bin\..\lib\clang-runtimes/arm-none-eabi/armv6m_soft_nofp_exn_rtti\lib\libc.a(libc_picolib_inittls.c.o):(.debug_line)
    2443     2443       ad     1         C:\Renesas\e2_studio\toolchains\llvm_arm\LLVM-ET-Arm-18.1.3-Windows-x86_64\bin\..\lib\clang-runtimes/arm-none-eabi/armv6m_soft_nofp_exn_rtti\lib\libc.a(libc_picolib_machine_arm_tls.c.o):(.debug_line)
    24f0     24f0       45     1         C:\Renesas\e2_studio\toolchains\llvm_arm\LLVM-ET-Arm-18.1.3-Windows-x86_64\bin\..\lib\clang-runtimes/arm-none-eabi/armv6m_soft_nofp_exn_rtti\lib\libc.a(libc_picolib_machine_arm_read_tp.S.o):(.debug_line)
    2535     2535       8c     1         C:\Renesas\e2_studio\toolchains\llvm_arm\LLVM-ET-Arm-18.1.3-Windows-x86_64\bin\..\lib\clang-runtimes/arm-none-eabi/armv6m_soft_nofp_exn_rtti\lib\libc.a(bzero.c.o):(.debug_line)
    25c1     25c1       9f     1         C:\Renesas\e2_studio\toolchains\llvm_arm\LLVM-ET-Arm-18.1.3-Windows-x86_64\bin\..\lib\clang-runtimes/arm-none-eabi/armv6m_soft_nofp_exn_rtti\lib\libc.a(memcpy.c.o):(.debug_line)
    2660     2660       9a     1         C:\Renesas\e2_studio\toolchains\llvm_arm\LLVM-ET-Arm-18.1.3-Windows-x86_64\bin\..\lib\clang-runtimes/arm-none-eabi/armv6m_soft_nofp_exn_rtti\lib\libc.a(memset.c.o):(.debug_line)
       0        0      f81     1 .debug_line_str
       0        0      f81     1         <internal>:(.debug_line_str)
       0        0       20     1 .debug_aranges
       0        0       20     1         C:\Renesas\e2_studio\toolchains\llvm_arm\LLVM-ET-Arm-18.1.3-Windows-x86_64\bin\..\lib\clang-runtimes/arm-none-eabi/armv6m_soft_nofp_exn_rtti\lib\libc.a(libc_picolib_machine_arm_read_tp.S.o):(.debug_aranges)
       0        0     1930     4 .symtab
       0        0     1930     4         <internal>:(.symtab)
       0        0      266     1 .shstrtab
       0        0      266     1         <internal>:(.shstrtab)
       0        0     18e7     1 .strtab
       0        0     18e7     1         <internal>:(.strtab)

Cross Reference Table

Symbol                                            File
hal_entry                                         ./src/hal_entry.o
                                                  ./ra_gen/main.o
R_UARTA_Open                                      ./ra/fsp/src/r_uarta/r_uarta.o
                                                  ./src/hal_entry.o
ProcessPacket                                     ./Modules/Serial_ASCII/Serial_user.o
                                                  ./src/hal_entry.o
RxBufferEmpty                                     ./Modules/Serial_ASCII/Serial.o
                                                  ./src/hal_entry.o
ProcessReceiveBuffer                              ./Modules/Serial_ASCII/Serial_user.o
                                                  ./src/hal_entry.o
SystemCoreClock                                   ./ra/fsp/src/bsp/cmsis/Device/RENESAS/Source/system.o
                                                  ./src/hal_entry.o
                                                  ./ra/fsp/src/bsp/mcu/all/bsp_clocks.o
                                                  ./ra/fsp/src/bsp/mcu/all/bsp_delay.o
g_uart0_ctrl                                      ./ra_gen/hal_data.o
                                                  ./src/hal_entry.o
                                                  ./Modules/Serial_ASCII/Serial.o
g_uart0_cfg                                       ./ra_gen/hal_data.o
                                                  ./src/hal_entry.o
ten_mS_Flag                                       ./Modules/Scheduler/Scheduler.o
                                                  ./src/hal_entry.o
twentyfive_mS_Flag                                ./Modules/Scheduler/Scheduler.o
                                                  ./src/hal_entry.o
hundred_mS_Flag                                   ./Modules/Scheduler/Scheduler.o
                                                  ./src/hal_entry.o
one_S_Flag                                        ./Modules/Scheduler/Scheduler.o
                                                  ./src/hal_entry.o
processPacket                                     ./Modules/Serial_ASCII/Serial_user.o
                                                  ./src/hal_entry.o
R_BSP_WarmStart                                   ./src/hal_entry.o
                                                  ./ra/fsp/src/bsp/cmsis/Device/RENESAS/Source/system.o
R_IOPORT_Open                                     ./ra/fsp/src/r_ioport/r_ioport.o
                                                  ./src/hal_entry.o
g_ioport_ctrl                                     ./ra_gen/common_data.o
                                                  ./src/hal_entry.o
g_bsp_pin_cfg                                     ./ra_gen/pin_data.o
                                                  ./src/hal_entry.o
                                                  ./ra_gen/common_data.o
g_uart0_baud_setting                              ./ra_gen/hal_data.o
g_uart0_cfg_extend                                ./ra_gen/hal_data.o
UartA_CB                                          ./Modules/Serial_ASCII/Serial.o
                                                  ./ra_gen/hal_data.o
main                                              ./ra_gen/main.o
                                                  ./ra/fsp/src/bsp/cmsis/Device/RENESAS/Source/startup.o
g_bsp_pin_cfg_data                                ./ra_gen/pin_data.o
g_vector_table                                    ./ra_gen/vector_data.o
uarta_txi_isr                                     ./ra/fsp/src/r_uarta/r_uarta.o
                                                  ./ra_gen/vector_data.o
uarta_rxi_isr                                     ./ra/fsp/src/r_uarta/r_uarta.o
                                                  ./ra_gen/vector_data.o
R_BSP_IrqCfgEnable                                ./ra/fsp/src/bsp/mcu/all/bsp_irq.o
                                                  ./ra/fsp/src/r_uarta/r_uarta.o
R_BSP_SoftwareDelay                               ./ra/fsp/src/bsp/mcu/all/bsp_delay.o
                                                  ./ra/fsp/src/r_uarta/r_uarta.o
                                                  ./ra/fsp/src/bsp/mcu/all/bsp_clocks.o
R_UARTA_Write                                     ./ra/fsp/src/r_uarta/r_uarta.o
                                                  ./Modules/Serial_ASCII/Serial.o
R_BSP_IrqDisable                                  ./ra/fsp/src/bsp/mcu/all/bsp_irq.o
                                                  ./ra/fsp/src/r_uarta/r_uarta.o
R_BSP_IrqEnable                                   ./ra/fsp/src/bsp/mcu/all/bsp_irq.o
                                                  ./ra/fsp/src/r_uarta/r_uarta.o
gp_renesas_isr_context                            ./ra/fsp/src/bsp/mcu/all/bsp_irq.o
                                                  ./ra/fsp/src/r_uarta/r_uarta.o
g_protect_pfswe_counter                           ./ra/fsp/src/bsp/mcu/all/bsp_io.o
                                                  ./ra/fsp/src/r_ioport/r_ioport.o
bsp_prv_operating_mode_set                        ./ra/fsp/src/bsp/mcu/all/bsp_clocks.o
SystemCoreClockUpdate                             ./ra/fsp/src/bsp/mcu/all/bsp_clocks.o
                                                  ./ra/fsp/src/bsp/cmsis/Device/RENESAS/Source/system.o
bsp_prv_clock_set                                 ./ra/fsp/src/bsp/mcu/all/bsp_clocks.o
bsp_clock_init                                    ./ra/fsp/src/bsp/mcu/all/bsp_clocks.o
                                                  ./ra/fsp/src/bsp/cmsis/Device/RENESAS/Source/system.o
R_BSP_SubClockStabilizeWaitAfterReset             ./ra/fsp/src/bsp/mcu/all/bsp_clocks.o
R_BSP_Init_RTC                                    ./ra/fsp/src/bsp/mcu/all/bsp_clocks.o
                                                  ./ra/fsp/src/bsp/cmsis/Device/RENESAS/Source/system.o
bsp_init                                          ./ra/board/ra0e1_fpb/board_init.o
                                                  ./ra/fsp/src/bsp/mcu/all/bsp_common.o
                                                  ./ra/fsp/src/bsp/cmsis/Device/RENESAS/Source/system.o
bsp_prv_software_delay_loop                       ./ra/fsp/src/bsp/mcu/all/bsp_delay.o
g_bsp_group_irq_sources                           ./ra/fsp/src/bsp/mcu/all/bsp_group_irq.o
R_BSP_GroupIrqWrite                               ./ra/fsp/src/bsp/mcu/all/bsp_group_irq.o
NMI_Handler                                       ./ra/fsp/src/bsp/mcu/all/bsp_group_irq.o
                                                  ./ra/fsp/src/bsp/cmsis/Device/RENESAS/Source/startup.o
R_BSP_IrqClearPending                             ./ra/fsp/src/bsp/mcu/all/bsp_irq.o
R_BSP_IrqCfg                                      ./ra/fsp/src/bsp/mcu/all/bsp_irq.o
R_BSP_IrqEnableNoClear                            ./ra/fsp/src/bsp/mcu/all/bsp_irq.o
bsp_irq_cfg                                       ./ra/fsp/src/bsp/mcu/all/bsp_irq.o
                                                  ./ra/fsp/src/bsp/cmsis/Device/RENESAS/Source/system.o
__HeapBase                                        C:\Users\VincentDAgostino\e2_studio\Workspace_2025-01_SIT\RA0_TokenNet_Device/script\fsp.lld:638
                                                  ./ra/fsp/src/bsp/mcu/all/bsp_sbrk.o
__HeapLimit                                       C:\Users\VincentDAgostino\e2_studio\Workspace_2025-01_SIT\RA0_TokenNet_Device/script\fsp.lld:641
                                                  ./ra/fsp/src/bsp/mcu/all/bsp_sbrk.o
Reset_Handler                                     ./ra/fsp/src/bsp/cmsis/Device/RENESAS/Source/startup.o
SystemInit                                        ./ra/fsp/src/bsp/cmsis/Device/RENESAS/Source/system.o
                                                  ./ra/fsp/src/bsp/cmsis/Device/RENESAS/Source/startup.o
Default_Handler                                   ./ra/fsp/src/bsp/cmsis/Device/RENESAS/Source/startup.o
__Vectors                                         ./ra/fsp/src/bsp/cmsis/Device/RENESAS/Source/startup.o
                                                  ./ra/fsp/src/bsp/cmsis/Device/RENESAS/Source/system.o
HardFault_Handler                                 ./ra/fsp/src/bsp/cmsis/Device/RENESAS/Source/startup.o
MemManage_Handler                                 ./ra/fsp/src/bsp/cmsis/Device/RENESAS/Source/startup.o
BusFault_Handler                                  ./ra/fsp/src/bsp/cmsis/Device/RENESAS/Source/startup.o
UsageFault_Handler                                ./ra/fsp/src/bsp/cmsis/Device/RENESAS/Source/startup.o
SecureFault_Handler                               ./ra/fsp/src/bsp/cmsis/Device/RENESAS/Source/startup.o
SVC_Handler                                       ./ra/fsp/src/bsp/cmsis/Device/RENESAS/Source/startup.o
DebugMon_Handler                                  ./ra/fsp/src/bsp/cmsis/Device/RENESAS/Source/startup.o
PendSV_Handler                                    ./ra/fsp/src/bsp/cmsis/Device/RENESAS/Source/startup.o
SysTick_Handler                                   ./Modules/Scheduler/Scheduler.o
                                                  ./ra/fsp/src/bsp/cmsis/Device/RENESAS/Source/startup.o
__aeabi_memclr4                                   C:\Renesas\e2_studio\toolchains\llvm_arm\LLVM-ET-Arm-18.1.3-Windows-x86_64\bin\..\lib\clang-runtimes/arm-none-eabi/armv6m_soft_nofp_exn_rtti\lib\libc.a(bzero.c.o)
                                                  ./ra/fsp/src/bsp/cmsis/Device/RENESAS/Source/system.o
__aeabi_memcpy4                                   C:\Renesas\e2_studio\toolchains\llvm_arm\LLVM-ET-Arm-18.1.3-Windows-x86_64\bin\..\lib\clang-runtimes/arm-none-eabi/armv6m_soft_nofp_exn_rtti\lib\libc.a(memcpy.c.o)
                                                  ./ra/fsp/src/bsp/cmsis/Device/RENESAS/Source/system.o
_init_tls                                         C:\Renesas\e2_studio\toolchains\llvm_arm\LLVM-ET-Arm-18.1.3-Windows-x86_64\bin\..\lib\clang-runtimes/arm-none-eabi/armv6m_soft_nofp_exn_rtti\lib\libc.a(libc_picolib_inittls.c.o)
                                                  ./ra/fsp/src/bsp/cmsis/Device/RENESAS/Source/system.o
_set_tls                                          C:\Renesas\e2_studio\toolchains\llvm_arm\LLVM-ET-Arm-18.1.3-Windows-x86_64\bin\..\lib\clang-runtimes/arm-none-eabi/armv6m_soft_nofp_exn_rtti\lib\libc.a(libc_picolib_machine_arm_tls.c.o)
                                                  ./ra/fsp/src/bsp/cmsis/Device/RENESAS/Source/system.o
__bss_start__                                     C:\Users\VincentDAgostino\e2_studio\Workspace_2025-01_SIT\RA0_TokenNet_Device/script\fsp.lld:628
                                                  ./ra/fsp/src/bsp/cmsis/Device/RENESAS/Source/system.o
__bss_end__                                       C:\Users\VincentDAgostino\e2_studio\Workspace_2025-01_SIT\RA0_TokenNet_Device/script\fsp.lld:632
                                                  ./ra/fsp/src/bsp/cmsis/Device/RENESAS/Source/system.o
__data_start__                                    C:\Users\VincentDAgostino\e2_studio\Workspace_2025-01_SIT\RA0_TokenNet_Device/script\fsp.lld:336
                                                  ./ra/fsp/src/bsp/cmsis/Device/RENESAS/Source/system.o
__data_end__                                      C:\Users\VincentDAgostino\e2_studio\Workspace_2025-01_SIT\RA0_TokenNet_Device/script\fsp.lld:375
                                                  ./ra/fsp/src/bsp/cmsis/Device/RENESAS/Source/system.o
__etext                                           C:\Users\VincentDAgostino\e2_studio\Workspace_2025-01_SIT\RA0_TokenNet_Device/script\fsp.lld:378
                                                  ./ra/fsp/src/bsp/cmsis/Device/RENESAS/Source/system.o
__tls_base                                        C:\Users\VincentDAgostino\e2_studio\Workspace_2025-01_SIT\RA0_TokenNet_Device/script\fsp.lld:396
                                                  ./ra/fsp/src/bsp/cmsis/Device/RENESAS/Source/system.o
SendString                                        ./Modules/Serial_ASCII/Serial.o
                                                  ./Modules/Serial_ASCII/Serial_user.o
nextSerialTxOut                                   ./Modules/Serial_ASCII/Serial.o
nextSerialTxIn                                    ./Modules/Serial_ASCII/Serial.o
nextSerialRxIn                                    ./Modules/Serial_ASCII/Serial.o
nextSerialRx2Proc                                 ./Modules/Serial_ASCII/Serial.o
                                                  ./Modules/Serial_ASCII/Serial_user.o
commError                                         ./Modules/Serial_ASCII/Serial.o
txBuffer                                          ./Modules/Serial_ASCII/Serial.o
rxBuffer                                          ./Modules/Serial_ASCII/Serial.o
                                                  ./Modules/Serial_ASCII/Serial_user.o
inPacket                                          ./Modules/Serial_ASCII/Serial_user.o
nextPacketChar                                    ./Modules/Serial_ASCII/Serial_user.o
pin_level2                                        ./Modules/Serial_ASCII/Serial_user.o
packetBuffer                                      ./Modules/Serial_ASCII/Serial_user.o
ten_mS_Counter                                    ./Modules/Scheduler/Scheduler.o
twentyfive_mS_Counter                             ./Modules/Scheduler/Scheduler.o
hundred_mS_Counter                                ./Modules/Scheduler/Scheduler.o
one_S_Counter                                     ./Modules/Scheduler/Scheduler.o
i2c_timeout_Flag                                  ./Modules/Scheduler/Scheduler.o
i2c_timeout_Counter                               ./Modules/Scheduler/Scheduler.o
__aeabi_memcpy                                    C:\Renesas\e2_studio\toolchains\llvm_arm\LLVM-ET-Arm-18.1.3-Windows-x86_64\bin\..\lib\clang-runtimes/arm-none-eabi/armv6m_soft_nofp_exn_rtti\lib\libc.a(memcpy.c.o)
                                                  C:\Renesas\e2_studio\toolchains\llvm_arm\LLVM-ET-Arm-18.1.3-Windows-x86_64\bin\..\lib\clang-runtimes/arm-none-eabi/armv6m_soft_nofp_exn_rtti\lib\libc.a(libc_picolib_inittls.c.o)
__aeabi_memclr                                    C:\Renesas\e2_studio\toolchains\llvm_arm\LLVM-ET-Arm-18.1.3-Windows-x86_64\bin\..\lib\clang-runtimes/arm-none-eabi/armv6m_soft_nofp_exn_rtti\lib\libc.a(bzero.c.o)
                                                  C:\Renesas\e2_studio\toolchains\llvm_arm\LLVM-ET-Arm-18.1.3-Windows-x86_64\bin\..\lib\clang-runtimes/arm-none-eabi/armv6m_soft_nofp_exn_rtti\lib\libc.a(libc_picolib_inittls.c.o)
__tdata_source                                    C:\Users\VincentDAgostino\e2_studio\Workspace_2025-01_SIT\RA0_TokenNet_Device/script\fsp.lld:398
                                                  C:\Renesas\e2_studio\toolchains\llvm_arm\LLVM-ET-Arm-18.1.3-Windows-x86_64\bin\..\lib\clang-runtimes/arm-none-eabi/armv6m_soft_nofp_exn_rtti\lib\libc.a(libc_picolib_inittls.c.o)
__tdata_size                                      C:\Users\VincentDAgostino\e2_studio\Workspace_2025-01_SIT\RA0_TokenNet_Device/script\fsp.lld:399
                                                  C:\Renesas\e2_studio\toolchains\llvm_arm\LLVM-ET-Arm-18.1.3-Windows-x86_64\bin\..\lib\clang-runtimes/arm-none-eabi/armv6m_soft_nofp_exn_rtti\lib\libc.a(libc_picolib_inittls.c.o)
__tbss_offset                                     C:\Users\VincentDAgostino\e2_studio\Workspace_2025-01_SIT\RA0_TokenNet_Device/script\fsp.lld:410
                                                  C:\Renesas\e2_studio\toolchains\llvm_arm\LLVM-ET-Arm-18.1.3-Windows-x86_64\bin\..\lib\clang-runtimes/arm-none-eabi/armv6m_soft_nofp_exn_rtti\lib\libc.a(libc_picolib_inittls.c.o)
__tbss_size                                       C:\Users\VincentDAgostino\e2_studio\Workspace_2025-01_SIT\RA0_TokenNet_Device/script\fsp.lld:411
                                                  C:\Renesas\e2_studio\toolchains\llvm_arm\LLVM-ET-Arm-18.1.3-Windows-x86_64\bin\..\lib\clang-runtimes/arm-none-eabi/armv6m_soft_nofp_exn_rtti\lib\libc.a(libc_picolib_inittls.c.o)
__arm32_tls_tcb_offset                            C:\Users\VincentDAgostino\e2_studio\Workspace_2025-01_SIT\RA0_TokenNet_Device/script\fsp.lld:414
                                                  C:\Renesas\e2_studio\toolchains\llvm_arm\LLVM-ET-Arm-18.1.3-Windows-x86_64\bin\..\lib\clang-runtimes/arm-none-eabi/armv6m_soft_nofp_exn_rtti\lib\libc.a(libc_picolib_machine_arm_tls.c.o)
__tls                                             C:\Renesas\e2_studio\toolchains\llvm_arm\LLVM-ET-Arm-18.1.3-Windows-x86_64\bin\..\lib\clang-runtimes/arm-none-eabi/armv6m_soft_nofp_exn_rtti\lib\libc.a(libc_picolib_machine_arm_read_tp.S.o)
                                                  C:\Renesas\e2_studio\toolchains\llvm_arm\LLVM-ET-Arm-18.1.3-Windows-x86_64\bin\..\lib\clang-runtimes/arm-none-eabi/armv6m_soft_nofp_exn_rtti\lib\libc.a(libc_picolib_machine_arm_tls.c.o)
bzero                                             C:\Renesas\e2_studio\toolchains\llvm_arm\LLVM-ET-Arm-18.1.3-Windows-x86_64\bin\..\lib\clang-runtimes/arm-none-eabi/armv6m_soft_nofp_exn_rtti\lib\libc.a(bzero.c.o)
memset                                            C:\Renesas\e2_studio\toolchains\llvm_arm\LLVM-ET-Arm-18.1.3-Windows-x86_64\bin\..\lib\clang-runtimes/arm-none-eabi/armv6m_soft_nofp_exn_rtti\lib\libc.a(memset.c.o)
                                                  C:\Renesas\e2_studio\toolchains\llvm_arm\LLVM-ET-Arm-18.1.3-Windows-x86_64\bin\..\lib\clang-runtimes/arm-none-eabi/armv6m_soft_nofp_exn_rtti\lib\libc.a(bzero.c.o)
__aeabi_memclr8                                   C:\Renesas\e2_studio\toolchains\llvm_arm\LLVM-ET-Arm-18.1.3-Windows-x86_64\bin\..\lib\clang-runtimes/arm-none-eabi/armv6m_soft_nofp_exn_rtti\lib\libc.a(bzero.c.o)
memcpy                                            C:\Renesas\e2_studio\toolchains\llvm_arm\LLVM-ET-Arm-18.1.3-Windows-x86_64\bin\..\lib\clang-runtimes/arm-none-eabi/armv6m_soft_nofp_exn_rtti\lib\libc.a(memcpy.c.o)
__aeabi_memcpy8                                   C:\Renesas\e2_studio\toolchains\llvm_arm\LLVM-ET-Arm-18.1.3-Windows-x86_64\bin\..\lib\clang-runtimes/arm-none-eabi/armv6m_soft_nofp_exn_rtti\lib\libc.a(memcpy.c.o)
