     VMA      LMA     Size Align Out     In      Symbol
       0        0        0     1 RAM_START = 0x20004000
       0        0        0     1 RAM_LENGTH = 0x3000
       0        0        0     1 FLASH_START = 0x00000000
       0        0        0     1 FLASH_LENGTH = 0x10000
       0        0        0     1 DATA_FLASH_START = 0x40100000
       0        0        0     1 DATA_FLASH_LENGTH = 0x400
       0        0        0     1 OPTION_SETTING_START = 0x00000000
       0        0        0     1 OPTION_SETTING_LENGTH = 0x0
       0        0        0     1 OPTION_SETTING_S_START = 0x80000000
       0        0        0     1 OPTION_SETTING_S_LENGTH = 0x0
       0        0        0     1 ID_CODE_START = 0x01010018
       0        0        0     1 ID_CODE_LENGTH = 0x20
       0        0        0     1 SDRAM_START = 0x80010000
       0        0        0     1 SDRAM_LENGTH = 0x0
       0        0        0     1 QSPI_FLASH_START = 0x60000000
       0        0        0     1 QSPI_FLASH_LENGTH = 0x0
       0        0        0     1 OSPI_DEVICE_0_START = 0x80020000
       0        0        0     1 OSPI_DEVICE_0_LENGTH = 0x0
       0        0        0     1 OSPI_DEVICE_1_START = 0x80030000
       0        0        0     1 OSPI_DEVICE_1_LENGTH = 0x0
       0        0        0     1 QSPI_FLASH_PRV_LENGTH = DEFINED ( QSPI_FLASH_SIZE ) ? ABSOLUTE ( QSPI_FLASH_SIZE ) : ABSOLUTE ( QSPI_FLASH_LENGTH )
       0        0        0     1 OSPI_DEVICE_0_PRV_LENGTH = DEFINED ( OSPI_DEVICE_0_SIZE ) ? ABSOLUTE ( OSPI_DEVICE_0_SIZE ) : ABSOLUTE ( OSPI_DEVICE_0_LENGTH )
       0        0        0     1 OSPI_DEVICE_1_PRV_LENGTH = DEFINED ( OSPI_DEVICE_1_SIZE ) ? ABSOLUTE ( OSPI_DEVICE_1_SIZE ) : ABSOLUTE ( OSPI_DEVICE_1_LENGTH )
       0        0        0     1 __RESERVE_NS_RAM = ! DEFINED ( PROJECT_NONSECURE ) && DEFINED ( RAM_NS_BUFFER_LENGTH ) && ( OPTION_SETTING_S_LENGTH != 0 )
       0        0        0     1 __ITCM_START = DEFINED ( ITCM_START ) ? ITCM_START : 0
       0        0        0     1 __ITCM_LENGTH = DEFINED ( ITCM_LENGTH ) ? ITCM_LENGTH : 0
       0        0        0     1 __DTCM_START = DEFINED ( DTCM_START ) ? DTCM_START : 0
       0        0        0     1 __DTCM_LENGTH = DEFINED ( DTCM_LENGTH ) ? DTCM_LENGTH : 0
       0        0        0     1 RAM_NS_BUFFER_BLOCK_LENGTH = DEFINED ( RAM_NS_BUFFER_LENGTH ) ? ALIGN ( RAM_NS_BUFFER_LENGTH , 8192 ) : 0
       0        0        0     1 __RAM_NS_BUFFER_LENGTH = DEFINED ( RAM_NS_BUFFER_LENGTH ) ? RAM_NS_BUFFER_LENGTH : 0
       0        0        0     1 RAM_NS_BUFFER_START = RAM_START + RAM_LENGTH - __RAM_NS_BUFFER_LENGTH
       0        0        0     1 RAM_NS_BUFFER_BLOCK_START = RAM_START + RAM_LENGTH - RAM_NS_BUFFER_BLOCK_LENGTH
       0        0        0     1 OPTION_SETTING_START_NS = DEFINED ( PROJECT_NONSECURE ) ? OPTION_SETTING_START : OPTION_SETTING_START + 0x80
       0        0        0     1 __bl_FSP_BOOTABLE_IMAGE = 1
       0        0        0     1 __bln_FSP_BOOTABLE_IMAGE = 1
       0        0        0     1 PROJECT_SECURE_OR_FLAT = ( ! DEFINED ( PROJECT_NONSECURE ) || DEFINED ( PROJECT_SECURE ) ) && OPTION_SETTING_LENGTH && ! DEFINED ( FSP_BOOTABLE_IMAGE )
       0        0        0     1 USE_OPTION_SETTING_NS = DEFINED ( PROJECT_NONSECURE ) && ! DEFINED ( FSP_BOOTABLE_IMAGE )
       0        0        0     1 __bl_FLASH_IMAGE_START = ! DEFINED ( FLASH_BOOTLOADER_LENGTH ) ? 0 : FLASH_APPLICATION_IMAGE_NUMBER == 1 ? FLASH_START + FLASH_BOOTLOADER_LENGTH + FLASH_BOOTLOADER_HEADER_LENGTH : ( DEFINED ( BOOTLOADER_SECONDARY_USE_QSPI ) || DEFINED ( BOOTLOADER_SECONDARY_USE_OSPI_B ) ) ? FLASH_START + FLASH_BOOTLOADER_LENGTH + FLASH_BOOTLOADER_SCRATCH_LENGTH + FLASH_BOOTLOADER_HEADER_LENGTH : FLASH_START + FLASH_BOOTLOADER_LENGTH + FLASH_BOOTLOADER_SCRATCH_LENGTH + FLASH_APPLICATION_S_LENGTH + FLASH_BOOTLOADER_HEADER_LENGTH
       0        0        0     1 __bl_FLASH_IMAGE_START = ! DEFINED ( BOOT_IMAGE_FROM_MMF_REGION ) ? __bl_FLASH_IMAGE_START : BOOT_IMAGE_FROM_MMF_REGION != 1 ? __bl_FLASH_IMAGE_START : MMF_REGION_START_ADDR
       0        0        0     1 __bl_FLASH_IMAGE_LENGTH = ! DEFINED ( FLASH_BOOTLOADER_LENGTH ) ? 0 : FLASH_APPLICATION_S_LENGTH - FLASH_BOOTLOADER_HEADER_LENGTH
       0        0        0     1 __bl_FLASH_IMAGE_END = __bl_FLASH_IMAGE_START + __bl_FLASH_IMAGE_LENGTH
       0        0        0     1 __bl_XIP_SECONDARY_FLASH_IMAGE_START = ! DEFINED ( FLASH_BOOTLOADER_LENGTH ) ? 0 : FLASH_START + FLASH_BOOTLOADER_LENGTH + FLASH_APPLICATION_S_LENGTH + FLASH_BOOTLOADER_HEADER_LENGTH
       0        0        0     1 __bl_XIP_SECONDARY_FLASH_IMAGE_END = __bl_XIP_SECONDARY_FLASH_IMAGE_START + __bl_FLASH_IMAGE_LENGTH
       0        0        0     1 __bl_FLASH_IMAGE_START_FROM_MMF_REGION = DEFINED ( BOOT_IMAGE_FROM_MMF_REGION ) ? BOOT_IMAGE_FROM_MMF_REGION : 0
       0        0        0     1 __bl_MEMORY_MIRROR_REGION_START = DEFINED ( MMF_REGION_START_ADDR ) ? MMF_REGION_START_ADDR : 0
       0        0        0     1 __bl_FLASH_NS_START = ! DEFINED ( FLASH_BOOTLOADER_LENGTH ) ? 0 : FLASH_APPLICATION_NS_LENGTH == 0 ? __bl_FLASH_IMAGE_END : __bl_FLASH_IMAGE_START - FLASH_BOOTLOADER_HEADER_LENGTH + FLASH_APPLICATION_S_LENGTH
       0        0        0     1 __bl_FLASH_NSC_START = ! DEFINED ( FLASH_BOOTLOADER_LENGTH ) ? 0 : FLASH_APPLICATION_NS_LENGTH == 0 ? __bl_FLASH_IMAGE_END : __bl_FLASH_IMAGE_END - FLASH_APPLICATION_NSC_LENGTH
       0        0        0     1 __bl_RAM_NS_START = ! DEFINED ( FLASH_BOOTLOADER_LENGTH ) ? 0 : FLASH_APPLICATION_NS_LENGTH == 0 ? RAM_START + RAM_LENGTH : RAM_START + RAM_LENGTH - RAM_APPLICATION_NS_LENGTH
       0        0        0     1 __bl_RAM_NSC_START = ! DEFINED ( FLASH_BOOTLOADER_LENGTH ) ? 0 : FLASH_APPLICATION_NS_LENGTH == 0 ? RAM_START + RAM_LENGTH : __bl_RAM_NS_START - RAM_APPLICATION_NSC_LENGTH
       0        0        0     1 __bl_FLASH_NS_IMAGE_START = ! DEFINED ( FLASH_BOOTLOADER_LENGTH ) ? 0 : FLASH_APPLICATION_NS_LENGTH == 0 ? __bl_FLASH_IMAGE_END : __bl_FLASH_NS_START + FLASH_BOOTLOADER_HEADER_LENGTH_2
       0        0        0     1 __bln_FLASH_IMAGE_START = __bl_FLASH_NS_IMAGE_START | ( ! DEFINED ( NS_OFFSET_START ) ? 0 : NS_OFFSET_START )
       0        0        0     1 __bln_FLASH_IMAGE_LENGTH = ! DEFINED ( FLASH_BOOTLOADER_LENGTH ) ? 0 : FLASH_APPLICATION_NS_LENGTH == 0 ? __bl_FLASH_IMAGE_END : FLASH_APPLICATION_NS_LENGTH - FLASH_BOOTLOADER_HEADER_LENGTH_2
       0        0        0     1 __XIP_SECONDARY_SLOT_IMAGE = DEFINED ( XIP_SECONDARY_SLOT_IMAGE ) ? XIP_SECONDARY_SLOT_IMAGE : 0
       0        0        0     1 __FLASH_IMAGE_START_FROM_MMF_REGION = ! DEFINED ( FLASH_IMAGE_START_FROM_MMF_REGION ) ? 0 : FLASH_IMAGE_START_FROM_MMF_REGION
       0        0        0     1 __MEMORY_MIRROR_REGION_START = ! DEFINED ( MEMORY_MIRROR_REGION_START ) ? 0 : MEMORY_MIRROR_REGION_START
       0        0        0     1 FLASH_ORIGIN = ! DEFINED ( FLASH_IMAGE_START ) ? FLASH_START : __XIP_SECONDARY_SLOT_IMAGE == 1 ? XIP_SECONDARY_FLASH_IMAGE_START : __FLASH_IMAGE_START_FROM_MMF_REGION == 1 ? __MEMORY_MIRROR_REGION_START : FLASH_IMAGE_START
       0        0        0     1 LIMITED_FLASH_LENGTH = DEFINED ( FLASH_IMAGE_LENGTH ) ? FLASH_IMAGE_LENGTH : DEFINED ( FLASH_BOOTLOADER_LENGTH ) ? FLASH_BOOTLOADER_LENGTH : FLASH_LENGTH
       0        0        0     1 OPTION_SETTING_SAS_SIZE = 0x34
       0        0        0     1 OPTION_SETTING_SAS_LENGTH = ! DEFINED ( OPTION_SETTING_LENGTH ) ? 0 : OPTION_SETTING_LENGTH == 0 ? 0 : OPTION_SETTING_LENGTH - OPTION_SETTING_SAS_SIZE
       0        0     5674     8 .text
       0        0        0     1         __tz_FLASH_S = ABSOLUTE ( FLASH_START )
       0        0        0     1         __ROM_Start = .
       0        0       40     4         ./ra/fsp/src/bsp/cmsis/Device/RENESAS/Source/startup.o:(.fixed_vectors)
       0        0       40     1                 __Vectors
      40       40       a8     4         ./ra_gen/vector_data.o:(.application_vectors)
      40       40       a8     1                 g_vector_table
      e8       e8        0     1         __Vectors_End = .
      e8       e8       40     4         ./ra/fsp/src/bsp/mcu/all/bsp_clocks.o:(.flash_gap)
      e8       e8        0     1                 $t.2
      e9       e9       40     1                 SystemCoreClockUpdate
     11c      11c        0     1                 $d.3
     128      128       54     4         ./ra/fsp/src/bsp/mcu/all/bsp_delay.o:(.flash_gap)
     128      128        0     1                 $t.0
     129      129       4c     1                 R_BSP_SoftwareDelay
     168      168        0     1                 $d.1
     174      174        0     1                 sw_delay_loop
     174      174        0     1                 $t.2
     175      175        8     1                 bsp_prv_software_delay_loop
     17c      17c       60     4         ./ra/fsp/src/bsp/mcu/all/bsp_group_irq.o:(.flash_gap)
     17c      17c        0     1                 $t.0
     17d      17d       10     1                 bsp_group_irq_call
     188      188        0     1                 $d.1
     18c      18c        0     1                 $t.2
     18d      18d       10     1                 R_BSP_GroupIrqWrite
     198      198        0     1                 $d.3
     19c      19c        0     1                 $t.4
     19d      19d       40     1                 NMI_Handler
     1d4      1d4        0     1                 $d.5
     1dc      1dc       b4     4         ./ra/fsp/src/bsp/mcu/all/bsp_irq.o:(.flash_gap)
     1dc      1dc        0     1                 $t.0
     1dd      1dd       18     1                 R_BSP_IrqClearPending
     1f0      1f0        0     1                 $d.1
     1f4      1f4        0     1                 $t.2
     1f5      1f5       34     1                 R_BSP_IrqCfg
     220      220        0     1                 $d.3
     228      228        0     1                 $t.4
     229      229       18     1                 R_BSP_IrqEnableNoClear
     23c      23c        0     1                 $d.5
     240      240        0     1                 $t.6
     241      241       18     1                 R_BSP_IrqEnable
     254      254        0     1                 $d.7
     258      258        0     1                 $t.8
     259      259       20     1                 R_BSP_IrqDisable
     274      274        0     1                 $d.9
     278      278        0     1                 $t.10
     279      279       16     1                 R_BSP_IrqCfgEnable
     28f      28f        2     1                 bsp_irq_cfg
     290      290       12     2         ./ra/fsp/src/bsp/cmsis/Device/RENESAS/Source/startup.o:(.flash_gap)
     290      290        0     1                 $t.0
     291      291        e     1                 Reset_Handler
     29f      29f        4     1                 Default_Handler
     29f      29f        4     1                 HardFault_Handler
     29f      29f        4     1                 MemManage_Handler
     29f      29f        4     1                 BusFault_Handler
     29f      29f        4     1                 UsageFault_Handler
     29f      29f        4     1                 SecureFault_Handler
     29f      29f        4     1                 SVC_Handler
     29f      29f        4     1                 DebugMon_Handler
     29f      29f        4     1                 PendSV_Handler
     2a2      2a2      15e     1         . = OPTION_SETTING_LENGTH > 0 ? . : __ROM_Start + 0x400
     400      400        8     4         ./ra/fsp/src/bsp/mcu/all/bsp_rom_registers.o:(.rom_registers)
     400      400        8     1                 g_bsp_rom_registers
     408      408       90     4         ./src/hal_entry.o:(.text.update_vent)
     408      408        0     1                 $t.1
     409      409       90     1                 update_vent
     48c      48c        0     1                 $d.2
     498      498       38     4         ./src/hal_entry.o:(.text.float_to_uint8)
     498      498        0     1                 $t.3
     499      499       38     1                 float_to_uint8
     4cc      4cc        0     1                 $d.4
     4d0      4d0      450     4         ./src/hal_entry.o:(.text.hal_entry)
     4d0      4d0        0     1                 $t.5
     4d1      4d1      450     1                 hal_entry
     884      884        0     1                 $d.6
     920      920       24     4         ./src/hal_entry.o:(.text.R_BSP_WarmStart)
     920      920        0     1                 $t.7
     921      921       24     1                 R_BSP_WarmStart
     938      938        0     1                 $d.8
     944      944       20     4         ./src/hal_entry.o:(.text.i2c_master_callback)
     944      944        0     1                 $t.9
     945      945       20     1                 i2c_master_callback
     95c      95c        0     1                 $d.10
     964      964        c     2         ./ra_gen/main.o:(.text.main)
     964      964        0     1                 $t.0
     965      965        c     1                 main
     970      970       c8     4         ./ra/fsp/src/r_uarta/r_uarta.o:(.text.R_UARTA_Open)
     970      970        0     1                 $t.0
     971      971       c8     1                 R_UARTA_Open
     a24      a24        0     1                 $d.1
     a38      a38       3a     2         ./ra/fsp/src/r_uarta/r_uarta.o:(.text.R_UARTA_Write)
     a38      a38        0     1                 $t.3
     a39      a39       3a     1                 R_UARTA_Write
     a74      a74       4c     4         ./ra/fsp/src/r_uarta/r_uarta.o:(.text.uarta_txi_isr)
     a74      a74        0     1                 $t.13
     a75      a75       4c     1                 uarta_txi_isr
     abc      abc        0     1                 $d.14
     ac0      ac0       4a     2         ./ra/fsp/src/r_uarta/r_uarta.o:(.text.r_uarta_call_callback)
     ac0      ac0        0     1                 $t.15
     ac1      ac1       4a     1                 r_uarta_call_callback
     b0c      b0c       5c     4         ./ra/fsp/src/r_uarta/r_uarta.o:(.text.uarta_rxi_isr)
     b0c      b0c        0     1                 $t.16
     b0d      b0d       5c     1                 uarta_rxi_isr
     b60      b60        0     1                 $d.17
     b68      b68       18     4         ./ra/fsp/src/r_ioport/r_ioport.o:(.text.R_IOPORT_Open)
     b68      b68        0     1                 $t.0
     b69      b69       18     1                 R_IOPORT_Open
     b7c      b7c        0     1                 $d.1
     b80      b80       40     4         ./ra/fsp/src/r_ioport/r_ioport.o:(.text.r_ioport_pins_config)
     b80      b80        0     1                 $t.22
     b81      b81       40     1                 r_ioport_pins_config
     bbc      bbc        0     1                 $d.23
     bc0      bc0       30     4         ./ra/fsp/src/r_ioport/r_ioport.o:(.text.R_BSP_PinAccessEnable)
     bc0      bc0        0     1                 $t.24
     bc1      bc1       30     1                 R_BSP_PinAccessEnable
     be8      be8        0     1                 $d.25
     bf0      bf0       34     4         ./ra/fsp/src/r_ioport/r_ioport.o:(.text.R_BSP_PinAccessDisable)
     bf0      bf0        0     1                 $t.26
     bf1      bf1       34     1                 R_BSP_PinAccessDisable
     c1c      c1c        0     1                 $d.27
     c24      c24       e0     4         ./ra/fsp/src/r_iica_master/r_iica_master.o:(.text.R_IICA_MASTER_Open)
     c24      c24        0     1                 $t.0
     c25      c25       e0     1                 R_IICA_MASTER_Open
     cec      cec        0     1                 $d.1
     d04      d04       12     2         ./ra/fsp/src/r_iica_master/r_iica_master.o:(.text.R_IICA_MASTER_Read)
     d04      d04        0     1                 $t.2
     d05      d05       12     1                 R_IICA_MASTER_Read
     d16      d16       14     2         ./ra/fsp/src/r_iica_master/r_iica_master.o:(.text.R_IICA_MASTER_Write)
     d16      d16        0     1                 $t.3
     d17      d17       14     1                 R_IICA_MASTER_Write
     d2c      d2c       58     4         ./ra/fsp/src/r_iica_master/r_iica_master.o:(.text.r_iica_master_read_write)
     d2c      d2c        0     1                 $t.11
     d2d      d2d       58     1                 r_iica_master_read_write
     d7c      d7c        0     1                 $d.12
     d84      d84       c4     4         ./ra/fsp/src/r_iica_master/r_iica_master.o:(.text.iica_master_txrxi_isr)
     d84      d84        0     1                 $t.15
     d85      d85       c4     1                 iica_master_txrxi_isr
     e3c      e3c        0     1                 $d.16
     e48      e48       30     4         ./ra/fsp/src/r_iica_master/r_iica_master.o:(.text.R_BSP_PinAccessEnable)
     e48      e48        0     1                 $t.17
     e49      e49       30     1                 R_BSP_PinAccessEnable
     e70      e70        0     1                 $d.18
     e78      e78       34     4         ./ra/fsp/src/r_iica_master/r_iica_master.o:(.text.R_BSP_PinAccessDisable)
     e78      e78        0     1                 $t.19
     e79      e79       34     1                 R_BSP_PinAccessDisable
     ea4      ea4        0     1                 $d.20
     eac      eac       26     2         ./ra/fsp/src/r_iica_master/r_iica_master.o:(.text.r_iica_master_notify)
     eac      eac        0     1                 $t.21
     ead      ead       26     1                 r_iica_master_notify
     ed4      ed4       38     4         ./ra/fsp/src/bsp/mcu/all/bsp_clocks.o:(.text.bsp_prv_operating_mode_set)
     ed4      ed4        0     1                 $t.0
     ed5      ed5       38     1                 bsp_prv_operating_mode_set
     f08      f08        0     1                 $d.1
     f0c      f0c       74     4         ./ra/fsp/src/bsp/mcu/all/bsp_clocks.o:(.text.bsp_prv_clock_set)
     f0c      f0c        0     1                 $t.6
     f0d      f0d       74     1                 bsp_prv_clock_set
     f7c      f7c        0     1                 $d.7
     f80      f80       b0     4         ./ra/fsp/src/bsp/mcu/all/bsp_clocks.o:(.text.bsp_clock_init)
     f80      f80        0     1                 $t.8
     f81      f81       b0     1                 bsp_clock_init
    100c     100c        0     1                 $d.9
    1030     1030        2     2         ./ra/fsp/src/bsp/mcu/all/bsp_clocks.o:(.text.R_BSP_SubClockStabilizeWaitAfterReset)
    1030     1030        0     1                 $t.11
    1031     1031        2     1                 R_BSP_SubClockStabilizeWaitAfterReset
    1032     1032        2     2         ./ra/fsp/src/bsp/mcu/all/bsp_clocks.o:(.text.R_BSP_Init_RTC)
    1032     1032        0     1                 $t.15
    1033     1033        2     1                 R_BSP_Init_RTC
    1034     1034       9c     4         ./ra/fsp/src/bsp/cmsis/Device/RENESAS/Source/system.o:(.text.SystemInit)
    1034     1034        0     1                 $t.0
    1035     1035       9c     1                 SystemInit
    10a8     10a8        0     1                 $d.1
    10d0     10d0        2     2         ./ra/board/ra0e1_fpb/board_init.o:(.text.bsp_init)
    10d0     10d0        0     1                 $t.0
    10d1     10d1        2     1                 bsp_init
    10d2     10d2       78     2         ./Modules/Serial_ASCII/ASCII_numbers.o:(.text.ConvertASCII2UINT16)
    10d2     10d2        0     1                 $t.0
    10d3     10d3       78     1                 ConvertASCII2UINT16
    114c     114c       c8     4         ./Modules/Serial_ASCII/Serial.o:(.text.SendString)
    114c     114c        0     1                 $t.0
    114d     114d       c8     1                 SendString
    120c     120c        0     1                 $d.1
    1214     1214       14     4         ./Modules/Serial_ASCII/Serial.o:(.text.RxBufferEmpty)
    1214     1214        0     1                 $t.4
    1215     1215       14     1                 RxBufferEmpty
    1224     1224        0     1                 $d.5
    1228     1228       9c     4         ./Modules/Serial_ASCII/Serial.o:(.text.UartA_CB)
    1228     1228        0     1                 $t.6
    1229     1229       9c     1                 UartA_CB
    12bc     12bc        0     1                 $d.7
    12c4     12c4       78     4         ./Modules/Serial_ASCII/Serial_user.o:(.text.ProcessReceiveBuffer)
    12c4     12c4        0     1                 $t.0
    12c5     12c5       78     1                 ProcessReceiveBuffer
    1330     1330        0     1                 $d.1
    133c     133c       b8     4         ./Modules/Serial_ASCII/Serial_user.o:(.text.ProcessPacket)
    133c     133c        0     1                 $t.2
    133d     133d       b8     1                 ProcessPacket
    13e0     13e0        0     1                 $d.3
    13f4     13f4       74     4         ./Modules/Scheduler/Scheduler.o:(.text.SysTick_Handler)
    13f4     13f4        0     1                 $t.0
    13f5     13f5       74     1                 SysTick_Handler
    1460     1460        0     1                 $d.1
    1468     1468       34     4         ./Modules/SSD1306/OLED/Src/ssd1306.o:(.text.ssd1306_I2C_Write)
    1468     1468        0     1                 $t.2
    1469     1469       34     1                 ssd1306_I2C_Write
    1490     1490        0     1                 $d.3
    149c     149c       40     4         ./Modules/SSD1306/OLED/Src/ssd1306.o:(.text.SSD1306_DrawPixel)
    149c     149c        0     1                 $t.13
    149d     149d       40     1                 SSD1306_DrawPixel
    14d4     14d4        0     1                 $d.14
    14dc     14dc      118     4         ./Modules/SSD1306/OLED/Src/ssd1306.o:(.text.SSD1306_Init)
    14dc     14dc        0     1                 $t.15
    14dd     14dd      118     1                 SSD1306_Init
    15e8     15e8        0     1                 $d.16
    15f4     15f4       1c     4         ./Modules/SSD1306/OLED/Src/ssd1306.o:(.text.SSD1306_Fill)
    15f4     15f4        0     1                 $t.17
    15f5     15f5       1c     1                 SSD1306_Fill
    160c     160c        0     1                 $d.18
    1610     1610       64     4         ./Modules/SSD1306/OLED/Src/ssd1306.o:(.text.SSD1306_UpdateScreen)
    1610     1610        0     1                 $t.19
    1611     1611       64     1                 SSD1306_UpdateScreen
    166c     166c        0     1                 $d.20
    1674     1674       48     4         ./Modules/SSD1306/OLED/Src/ssd1306.o:(.text.ssd1306_I2C_WriteMulti)
    1674     1674        0     1                 $t.21
    1675     1675       48     1                 ssd1306_I2C_WriteMulti
    16ac     16ac        0     1                 $d.22
    16bc     16bc        c     4         ./Modules/SSD1306/OLED/Src/ssd1306.o:(.text.SSD1306_GotoXY)
    16bc     16bc        0     1                 $t.25
    16bd     16bd        c     1                 SSD1306_GotoXY
    16c4     16c4        0     1                 $d.26
    16c8     16c8       94     4         ./Modules/SSD1306/OLED/Src/ssd1306.o:(.text.SSD1306_Putc)
    16c8     16c8        0     1                 $t.27
    16c9     16c9       94     1                 SSD1306_Putc
    1758     1758        0     1                 $d.28
    175c     175c       2c     2         ./Modules/SSD1306/OLED/Src/ssd1306.o:(.text.SSD1306_Puts)
    175c     175c        0     1                 $t.29
    175d     175d       2c     1                 SSD1306_Puts
    1788     1788       1c     4         ./Modules/SSD1306/OLED/Src/ssd1306.o:(.text.SSD1306_Clear)
    1788     1788        0     1                 $t.41
    1789     1789       1c     1                 SSD1306_Clear
    17a0     17a0        0     1                 $d.42
    17a4     17a4       2c     4         C:\Renesas\RA\e2studio_v2024-10_fsp_v5.6.0\toolchains\llvm_arm\LLVM-ET-Arm-18.1.3-Windows-x86_64\bin\..\lib\clang-runtimes/arm-none-eabi/armv6m_soft_nofp_exn_rtti\lib\libc.a(libc_picolib_inittls.c.o):(.text._init_tls)
    17a4     17a4        0     1                 $t.0
    17a5     17a5       2c     1                 _init_tls
    17c0     17c0        0     1                 $d.1
    17d0     17d0       14     4         C:\Renesas\RA\e2studio_v2024-10_fsp_v5.6.0\toolchains\llvm_arm\LLVM-ET-Arm-18.1.3-Windows-x86_64\bin\..\lib\clang-runtimes/arm-none-eabi/armv6m_soft_nofp_exn_rtti\lib\libc.a(libc_picolib_machine_arm_tls.c.o):(.text._set_tls)
    17d0     17d0        0     1                 $t.0
    17d1     17d1       14     1                 _set_tls
    17dc     17dc        0     1                 $d.1
    17e4     17e4       4c     4         C:\Renesas\RA\e2studio_v2024-10_fsp_v5.6.0\toolchains\llvm_arm\LLVM-ET-Arm-18.1.3-Windows-x86_64\bin\..\lib\clang-runtimes/arm-none-eabi/armv6m_soft_nofp_exn_rtti\lib\libc.a(libc_tinystdio_sprintf.c.o):(.text.sprintf)
    17e4     17e4        0     1                 $t.0
    17e5     17e5       4c     1                 sprintf
    1828     1828        0     1                 $d.1
    1830     1830       10     2         C:\Renesas\RA\e2studio_v2024-10_fsp_v5.6.0\toolchains\llvm_arm\LLVM-ET-Arm-18.1.3-Windows-x86_64\bin\..\lib\clang-runtimes/arm-none-eabi/armv6m_soft_nofp_exn_rtti\lib\libc.a(libc_tinystdio_filestrput.c.o):(.text.__file_str_put)
    1830     1830        0     1                 $t.0
    1831     1831       10     1                 __file_str_put
    1840     1840      b0c     4         C:\Renesas\RA\e2studio_v2024-10_fsp_v5.6.0\toolchains\llvm_arm\LLVM-ET-Arm-18.1.3-Windows-x86_64\bin\..\lib\clang-runtimes/arm-none-eabi/armv6m_soft_nofp_exn_rtti\lib\libc.a(libc_tinystdio_vfprintf.c.o):(.text.vfprintf)
    1840     1840        0     1                 $t.0
    1841     1841      b0c     1                 vfprintf
    1841     1841      b0c     1                 __d_vfprintf
    18e0     18e0        0     1                 $d.1
    1908     1908        0     1                 $t.2
    1b04     1b04        0     1                 $d.3
    1b20     1b20        0     1                 $t.4
    1b38     1b38        0     1                 $d.5
    1b3c     1b3c        0     1                 $t.6
    1f94     1f94        0     1                 $d.7
    1f98     1f98        0     1                 $t.8
    1fc0     1fc0        0     1                 $d.9
    1fd4     1fd4        0     1                 $t.10
    2340     2340        0     1                 $d.11
    234c     234c      158     4         C:\Renesas\RA\e2studio_v2024-10_fsp_v5.6.0\toolchains\llvm_arm\LLVM-ET-Arm-18.1.3-Windows-x86_64\bin\..\lib\clang-runtimes/arm-none-eabi/armv6m_soft_nofp_exn_rtti\lib\libc.a(libc_tinystdio_vfprintf.c.o):(.text.skip_to_arg)
    234c     234c        0     1                 $t.12
    234d     234d      158     1                 skip_to_arg
    24a0     24a0        0     1                 $d.13
    24a4     24a4       5a     2         C:\Renesas\RA\e2studio_v2024-10_fsp_v5.6.0\toolchains\llvm_arm\LLVM-ET-Arm-18.1.3-Windows-x86_64\bin\..\lib\clang-runtimes/arm-none-eabi/armv6m_soft_nofp_exn_rtti\lib\libc.a(libc_tinystdio_vfprintf.c.o):(.text.__ultoa_invert)
    24a4     24a4        0     1                 $t.14
    24a5     24a5       5a     1                 __ultoa_invert
    2500     2500      154     4         C:\Renesas\RA\e2studio_v2024-10_fsp_v5.6.0\toolchains\llvm_arm\LLVM-ET-Arm-18.1.3-Windows-x86_64\bin\..\lib\clang-runtimes/arm-none-eabi/armv6m_soft_nofp_exn_rtti\lib\libc.a(libc_tinystdio_dtox_engine.c.o):(.text.__dtox_engine)
    2500     2500        0     1                 $t.0
    2501     2501      154     1                 __dtox_engine
    264c     264c        0     1                 $d.1
    2654     2654       1e     2         C:\Renesas\RA\e2studio_v2024-10_fsp_v5.6.0\toolchains\llvm_arm\LLVM-ET-Arm-18.1.3-Windows-x86_64\bin\..\lib\clang-runtimes/arm-none-eabi/armv6m_soft_nofp_exn_rtti\lib\libc.a(libc_string_strnlen.c.o):(.text.strnlen)
    2654     2654        0     1                 $t.0
    2655     2655       1e     1                 strnlen
    2674     2674      4a4     4         C:\Renesas\RA\e2studio_v2024-10_fsp_v5.6.0\toolchains\llvm_arm\LLVM-ET-Arm-18.1.3-Windows-x86_64\bin\..\lib\clang-runtimes/arm-none-eabi/armv6m_soft_nofp_exn_rtti\lib\libc.a(libc_tinystdio_dtoa_ryu.c.o):(.text.__dtoa_engine)
    2674     2674        0     1                 $t.0
    2675     2675      4a4     1                 __dtoa_engine
    2a3c     2a3c        0     1                 $d.1
    2a48     2a48        0     1                 $t.2
    2b18     2b18       12     2         C:\Renesas\RA\e2studio_v2024-10_fsp_v5.6.0\toolchains\llvm_arm\LLVM-ET-Arm-18.1.3-Windows-x86_64\bin\..\lib\clang-runtimes/arm-none-eabi/armv6m_soft_nofp_exn_rtti\lib\libc.a(libc_tinystdio_dtoa_ryu.c.o):(.text.div10)
    2b18     2b18        0     1                 $t.3
    2b19     2b19       12     1                 div10
    2b2c     2b2c       20     4         C:\Renesas\RA\e2studio_v2024-10_fsp_v5.6.0\toolchains\llvm_arm\LLVM-ET-Arm-18.1.3-Windows-x86_64\bin\..\lib\clang-runtimes/arm-none-eabi/armv6m_soft_nofp_exn_rtti\lib\libc.a(libc_tinystdio_dtoa_ryu.c.o):(.text.umulh)
    2b2c     2b2c        0     1                 $t.4
    2b2d     2b2d       20     1                 umulh
    2b44     2b44        0     1                 $d.5
    2b4c     2b4c      216     2         C:\Renesas\RA\e2studio_v2024-10_fsp_v5.6.0\toolchains\llvm_arm\LLVM-ET-Arm-18.1.3-Windows-x86_64\bin\..\lib\clang-runtimes/arm-none-eabi/armv6m_soft_nofp_exn_rtti\lib\libc.a(libc_tinystdio_dtoa_ryu.c.o):(.text.mulShiftAll64)
    2b4c     2b4c        0     1                 $t.6
    2b4d     2b4d      216     1                 mulShiftAll64
    2d62     2d62       26     2         C:\Renesas\RA\e2studio_v2024-10_fsp_v5.6.0\toolchains\llvm_arm\LLVM-ET-Arm-18.1.3-Windows-x86_64\bin\..\lib\clang-runtimes/arm-none-eabi/armv6m_soft_nofp_exn_rtti\lib\libc.a(libc_tinystdio_dtoa_ryu.c.o):(.text.decimalLength17)
    2d62     2d62        0     1                 $t.7
    2d63     2d63       26     1                 decimalLength17
    2d88     2d88        c     4         C:\Renesas\RA\e2studio_v2024-10_fsp_v5.6.0\toolchains\llvm_arm\LLVM-ET-Arm-18.1.3-Windows-x86_64\bin\..\lib\clang-runtimes/arm-none-eabi/armv6m_soft_nofp_exn_rtti\lib\libc.a(libc_tinystdio_ryu_log10.c.o):(.text.__log10Pow2)
    2d88     2d88        0     1                 $t.0
    2d89     2d89        c     1                 __log10Pow2
    2d90     2d90        0     1                 $d.1
    2d94     2d94        c     4         C:\Renesas\RA\e2studio_v2024-10_fsp_v5.6.0\toolchains\llvm_arm\LLVM-ET-Arm-18.1.3-Windows-x86_64\bin\..\lib\clang-runtimes/arm-none-eabi/armv6m_soft_nofp_exn_rtti\lib\libc.a(libc_tinystdio_ryu_log10.c.o):(.text.__log10Pow5)
    2d94     2d94        0     1                 $t.2
    2d95     2d95        c     1                 __log10Pow5
    2d9c     2d9c        0     1                 $d.3
    2da0     2da0       10     4         C:\Renesas\RA\e2studio_v2024-10_fsp_v5.6.0\toolchains\llvm_arm\LLVM-ET-Arm-18.1.3-Windows-x86_64\bin\..\lib\clang-runtimes/arm-none-eabi/armv6m_soft_nofp_exn_rtti\lib\libc.a(libc_tinystdio_ryu_pow5bits.c.o):(.text.__pow5bits)
    2da0     2da0        0     1                 $t.0
    2da1     2da1       10     1                 __pow5bits
    2dac     2dac        0     1                 $d.1
    2db0     2db0       34     4         C:\Renesas\RA\e2studio_v2024-10_fsp_v5.6.0\toolchains\llvm_arm\LLVM-ET-Arm-18.1.3-Windows-x86_64\bin\..\lib\clang-runtimes/arm-none-eabi/armv6m_soft_nofp_exn_rtti\lib\libc.a(libc_tinystdio_ryu_table.c.o):(.text.__pow5Factor)
    2db0     2db0        0     1                 $t.0
    2db1     2db1       34     1                 __pow5Factor
    2dd4     2dd4        0     1                 $d.1
    2de4     2de4       f8     4         C:\Renesas\RA\e2studio_v2024-10_fsp_v5.6.0\toolchains\llvm_arm\LLVM-ET-Arm-18.1.3-Windows-x86_64\bin\..\lib\clang-runtimes/arm-none-eabi/armv6m_soft_nofp_exn_rtti\lib\libc.a(libc_tinystdio_ryu_table.c.o):(.text.__double_computePow5)
    2de4     2de4        0     1                 $t.2
    2de5     2de5       f8     1                 __double_computePow5
    2ed0     2ed0        0     1                 $d.3
    2edc     2edc       fc     4         C:\Renesas\RA\e2studio_v2024-10_fsp_v5.6.0\toolchains\llvm_arm\LLVM-ET-Arm-18.1.3-Windows-x86_64\bin\..\lib\clang-runtimes/arm-none-eabi/armv6m_soft_nofp_exn_rtti\lib\libc.a(libc_tinystdio_ryu_table.c.o):(.text.__double_computeInvPow5)
    2edc     2edc        0     1                 $t.4
    2edd     2edd       fc     1                 __double_computeInvPow5
    2fcc     2fcc        0     1                 $d.5
    2fd8     2fd8       6c     2         C:\Renesas\RA\e2studio_v2024-10_fsp_v5.6.0\toolchains\llvm_arm\LLVM-ET-Arm-18.1.3-Windows-x86_64\bin\..\lib\clang-runtimes/arm-none-eabi/armv6m_soft_nofp_exn_rtti\lib\libc.a(libc_tinystdio_ryu_umul128.c.o):(.text.__umul128)
    2fd8     2fd8        0     1                 $t.0
    2fd9     2fd9       6c     1                 __umul128
    3044     3044       28     2         C:\Renesas\RA\e2studio_v2024-10_fsp_v5.6.0\toolchains\llvm_arm\LLVM-ET-Arm-18.1.3-Windows-x86_64\bin\..\lib\clang-runtimes/arm-none-eabi/armv6m_soft_nofp_exn_rtti\lib\libc.a(libc_tinystdio_ryu_umul128.c.o):(.text.__shiftright128)
    3044     3044        0     1                 $t.1
    3045     3045       28     1                 __shiftright128
    306c     306c       10     2         C:\Renesas\RA\e2studio_v2024-10_fsp_v5.6.0\toolchains\llvm_arm\LLVM-ET-Arm-18.1.3-Windows-x86_64\bin\..\lib\clang-runtimes/arm-none-eabi/armv6m_soft_nofp_exn_rtti\lib\libc.a(aeabi_memset.c.o):(.text.__aeabi_memset)
    306c     306c        0     1                 $t.0
    306d     306d       10     1                 __aeabi_memset
    306d     306d       10     1                 __aeabi_memset4
    306d     306d       10     1                 __aeabi_memset8
    307c     307c        e     2         C:\Renesas\RA\e2studio_v2024-10_fsp_v5.6.0\toolchains\llvm_arm\LLVM-ET-Arm-18.1.3-Windows-x86_64\bin\..\lib\clang-runtimes/arm-none-eabi/armv6m_soft_nofp_exn_rtti\lib\libc.a(bzero.c.o):(.text.bzero)
    307c     307c        0     1                 $t.0
    307d     307d        e     1                 bzero
    307d     307d        e     1                 __aeabi_memclr4
    307d     307d        e     1                 __aeabi_memclr8
    307d     307d        e     1                 __aeabi_memclr
    308a     308a       14     2         C:\Renesas\RA\e2studio_v2024-10_fsp_v5.6.0\toolchains\llvm_arm\LLVM-ET-Arm-18.1.3-Windows-x86_64\bin\..\lib\clang-runtimes/arm-none-eabi/armv6m_soft_nofp_exn_rtti\lib\libc.a(memcpy.c.o):(.text.memcpy)
    308a     308a        0     1                 $t.0
    308b     308b       14     1                 memcpy
    308b     308b       14     1                 __aeabi_memcpy4
    308b     308b       14     1                 __aeabi_memcpy8
    308b     308b       14     1                 __aeabi_memcpy
    309e     309e        e     2         C:\Renesas\RA\e2studio_v2024-10_fsp_v5.6.0\toolchains\llvm_arm\LLVM-ET-Arm-18.1.3-Windows-x86_64\bin\..\lib\clang-runtimes/arm-none-eabi/armv6m_soft_nofp_exn_rtti\lib\libc.a(memset.c.o):(.text.memset)
    309e     309e        0     1                 $t.0
    309f     309f        e     1                 memset
    30ac     30ac      1a2     4         C:\Renesas\RA\e2studio_v2024-10_fsp_v5.6.0\toolchains\llvm_arm\LLVM-ET-Arm-18.1.3-Windows-x86_64\bin\..\lib\clang-runtimes/arm-none-eabi/armv6m_soft_nofp_exn_rtti\lib\libclang_rt.builtins.a(udivsi3.S.obj):(.text)
    30ac     30ac        0     1                 $t.0
    30ad     30ad      1a2     1                 __aeabi_uidiv
    30ad     30ad      1a2     1                 __udivsi3
    3250     3250      138     4         C:\Renesas\RA\e2studio_v2024-10_fsp_v5.6.0\toolchains\llvm_arm\LLVM-ET-Arm-18.1.3-Windows-x86_64\bin\..\lib\clang-runtimes/arm-none-eabi/armv6m_soft_nofp_exn_rtti\lib\libclang_rt.builtins.a(addsf3.S.obj):(.text)
    3250     3250        0     1                 $t.0
    3251     3251      138     1                 __aeabi_fadd
    3251     3251      138     1                 __addsf3
    3388     3388       2e     2         C:\Renesas\RA\e2studio_v2024-10_fsp_v5.6.0\toolchains\llvm_arm\LLVM-ET-Arm-18.1.3-Windows-x86_64\bin\..\lib\clang-runtimes/arm-none-eabi/armv6m_soft_nofp_exn_rtti\lib\libclang_rt.builtins.a(ashldi3.c.obj):(.text.__ashldi3)
    3388     3388        0     1                 $t.0
    3389     3389       2e     1                 __ashldi3
    3389     3389       2e     1                 __aeabi_llsl
    33b6     33b6       5c     2         C:\Renesas\RA\e2studio_v2024-10_fsp_v5.6.0\toolchains\llvm_arm\LLVM-ET-Arm-18.1.3-Windows-x86_64\bin\..\lib\clang-runtimes/arm-none-eabi/armv6m_soft_nofp_exn_rtti\lib\libclang_rt.builtins.a(clzsi2.c.obj):(.text.__clzsi2)
    33b6     33b6        0     1                 $t.0
    33b7     33b7       5c     1                 __clzsi2
    3414     3414      208     4         C:\Renesas\RA\e2studio_v2024-10_fsp_v5.6.0\toolchains\llvm_arm\LLVM-ET-Arm-18.1.3-Windows-x86_64\bin\..\lib\clang-runtimes/arm-none-eabi/armv6m_soft_nofp_exn_rtti\lib\libclang_rt.builtins.a(divsf3.c.obj):(.text.__divsf3)
    3414     3414        0     1                 $t.0
    3415     3415      208     1                 __divsf3
    3415     3415      208     1                 __aeabi_fdiv
    3610     3610        0     1                 $d.1
    361c     361c       60     4         C:\Renesas\RA\e2studio_v2024-10_fsp_v5.6.0\toolchains\llvm_arm\LLVM-ET-Arm-18.1.3-Windows-x86_64\bin\..\lib\clang-runtimes/arm-none-eabi/armv6m_soft_nofp_exn_rtti\lib\libclang_rt.builtins.a(fixsfsi.c.obj):(.text.__fixsfsi)
    361c     361c        0     1                 $t.0
    361d     361d       60     1                 __fixsfsi
    361d     361d       60     1                 __aeabi_f2iz
    3674     3674        0     1                 $d.1
    367c     367c       52     2         C:\Renesas\RA\e2studio_v2024-10_fsp_v5.6.0\toolchains\llvm_arm\LLVM-ET-Arm-18.1.3-Windows-x86_64\bin\..\lib\clang-runtimes/arm-none-eabi/armv6m_soft_nofp_exn_rtti\lib\libclang_rt.builtins.a(floatunsisf.c.obj):(.text.__floatunsisf)
    367c     367c        0     1                 $t.0
    367d     367d       52     1                 __floatunsisf
    367d     367d       52     1                 __aeabi_ui2f
    36ce     36ce       2e     2         C:\Renesas\RA\e2studio_v2024-10_fsp_v5.6.0\toolchains\llvm_arm\LLVM-ET-Arm-18.1.3-Windows-x86_64\bin\..\lib\clang-runtimes/arm-none-eabi/armv6m_soft_nofp_exn_rtti\lib\libclang_rt.builtins.a(lshrdi3.c.obj):(.text.__lshrdi3)
    36ce     36ce        0     1                 $t.0
    36cf     36cf       2e     1                 __lshrdi3
    36cf     36cf       2e     1                 __aeabi_llsr
    36fc     36fc       34     2         C:\Renesas\RA\e2studio_v2024-10_fsp_v5.6.0\toolchains\llvm_arm\LLVM-ET-Arm-18.1.3-Windows-x86_64\bin\..\lib\clang-runtimes/arm-none-eabi/armv6m_soft_nofp_exn_rtti\lib\libclang_rt.builtins.a(muldi3.c.obj):(.text.__muldi3)
    36fc     36fc        0     1                 $t.0
    36fd     36fd       34     1                 __muldi3
    36fd     36fd       34     1                 __aeabi_lmul
    3730     3730      17c     4         C:\Renesas\RA\e2studio_v2024-10_fsp_v5.6.0\toolchains\llvm_arm\LLVM-ET-Arm-18.1.3-Windows-x86_64\bin\..\lib\clang-runtimes/arm-none-eabi/armv6m_soft_nofp_exn_rtti\lib\libclang_rt.builtins.a(mulsf3.c.obj):(.text.__mulsf3)
    3730     3730        0     1                 $t.0
    3731     3731      17c     1                 __mulsf3
    3731     3731      17c     1                 __aeabi_fmul
    38a4     38a4        0     1                 $d.1
    38ac     38ac        e     2         C:\Renesas\RA\e2studio_v2024-10_fsp_v5.6.0\toolchains\llvm_arm\LLVM-ET-Arm-18.1.3-Windows-x86_64\bin\..\lib\clang-runtimes/arm-none-eabi/armv6m_soft_nofp_exn_rtti\lib\libclang_rt.builtins.a(subsf3.c.obj):(.text.__subsf3)
    38ac     38ac        0     1                 $t.0
    38ad     38ad        e     1                 __subsf3
    38ad     38ad        e     1                 __aeabi_fsub
    38ba     38ba        2     2         C:\Renesas\RA\e2studio_v2024-10_fsp_v5.6.0\toolchains\llvm_arm\LLVM-ET-Arm-18.1.3-Windows-x86_64\bin\..\lib\clang-runtimes/arm-none-eabi/armv6m_soft_nofp_exn_rtti\lib\libclang_rt.builtins.a(aeabi_div0.c.obj):(.text.__aeabi_idiv0)
    38ba     38ba        0     1                 $t.0
    38bb     38bb        2     1                 __aeabi_idiv0
    38bc     38bc       62     4         C:\Renesas\RA\e2studio_v2024-10_fsp_v5.6.0\toolchains\llvm_arm\LLVM-ET-Arm-18.1.3-Windows-x86_64\bin\..\lib\clang-runtimes/arm-none-eabi/armv6m_soft_nofp_exn_rtti\lib\libclang_rt.builtins.a(aeabi_fcmp.S.obj):(.text)
    38bc     38bc        0     1                 $t.0
    38bd     38bd       12     1                 __aeabi_fcmpeq
    38d1     38d1       12     1                 __aeabi_fcmplt
    38e5     38e5       12     1                 __aeabi_fcmple
    38f9     38f9       12     1                 __aeabi_fcmpge
    390d     390d       12     1                 __aeabi_fcmpgt
    3920     3920       8e     4         C:\Renesas\RA\e2studio_v2024-10_fsp_v5.6.0\toolchains\llvm_arm\LLVM-ET-Arm-18.1.3-Windows-x86_64\bin\..\lib\clang-runtimes/arm-none-eabi/armv6m_soft_nofp_exn_rtti\lib\libclang_rt.builtins.a(comparesf2.S.obj):(.text)
    3920     3920        0     1                 $t.0
    3921     3921       3a     1                 __eqsf2
    3921     3921       3a     1                 __lesf2
    3921     3921       3a     1                 __ltsf2
    3921     3921       3a     1                 __nesf2
    3921     3921       3a     1                 __cmpsf2
    395d     395d       3c     1                 __gtsf2
    395d     395d       3c     1                 __gesf2
    3999     3999       16     1                 __unordsf2
    3999     3999       16     1                 __aeabi_fcmpun
    39b0     39b0       14     4         C:\Renesas\RA\e2studio_v2024-10_fsp_v5.6.0\toolchains\llvm_arm\LLVM-ET-Arm-18.1.3-Windows-x86_64\bin\..\lib\clang-runtimes/arm-none-eabi/armv6m_soft_nofp_exn_rtti\lib\libclang_rt.builtins.a(aeabi_uldivmod.S.obj):(.text)
    39b0     39b0        0     1                 $t.0
    39b1     39b1       14     1                 __aeabi_uldivmod
    39c4     39c4      2b0     4         C:\Renesas\RA\e2studio_v2024-10_fsp_v5.6.0\toolchains\llvm_arm\LLVM-ET-Arm-18.1.3-Windows-x86_64\bin\..\lib\clang-runtimes/arm-none-eabi/armv6m_soft_nofp_exn_rtti\lib\libclang_rt.builtins.a(udivmoddi4.c.obj):(.text.__udivmoddi4)
    39c4     39c4        0     1                 $t.0
    39c5     39c5      2b0     1                 __udivmoddi4
    3c50     3c50        0     1                 $d.1
    3c74     3c74       4e     4         ./ra/fsp/src/bsp/mcu/all/bsp_common.o:(.version)
    3c74     3c74        4     1                 g_fsp_version
    3c78     3c78        6     1                 g_fsp_version_string
    3c7e     3c7e       44     1                 g_fsp_version_build_string
    3cc2     3cc2        2     1         ./src/hal_entry.o:(.rodata.cmdRead)
    3cc2     3cc2        2     1                 cmdRead
    3cc4     3cc4       44     1         <internal>:(.rodata.str1.1)
    3d08     3d08       18     4         ./ra_gen/hal_data.o:(.rodata.g_iica_master0_extend)
    3d08     3d08       18     1                 g_iica_master0_extend
    3d20     3d20       28     4         ./ra_gen/hal_data.o:(.rodata.g_iica_master0_cfg)
    3d20     3d20       28     1                 g_iica_master0_cfg
    3d48     3d48        8     4         ./ra_gen/hal_data.o:(.rodata.g_uart0_cfg_extend)
    3d48     3d48        8     1                 g_uart0_cfg_extend
    3d50     3d50       20     4         ./ra_gen/hal_data.o:(.rodata.g_uart0_cfg)
    3d50     3d50       20     1                 g_uart0_cfg
    3d70     3d70       e8     4         ./ra_gen/pin_data.o:(.rodata.g_bsp_pin_cfg_data)
    3d70     3d70       e8     1                 g_bsp_pin_cfg_data
    3e58     3e58        c     4         ./ra_gen/pin_data.o:(.rodata.g_bsp_pin_cfg)
    3e58     3e58        c     1                 g_bsp_pin_cfg
    3e64     3e64        4     1         <internal>:(.rodata.cst4)
    3e68     3e68        8     1         <internal>:(.rodata.cst8)
    3e70     3e70      76c     2         ./Modules/SSD1306/OLED/Src/fonts.o:(.rodata.Font7x10)
    3e70     3e70      76c     1                 Font7x10
    45dc     45dc      d5c     2         ./Modules/SSD1306/OLED/Src/fonts.o:(.rodata.Font11x18)
    45dc     45dc      d5c     1                 Font11x18
    5338     5338      33c     8         C:\Renesas\RA\e2studio_v2024-10_fsp_v5.6.0\toolchains\llvm_arm\LLVM-ET-Arm-18.1.3-Windows-x86_64\bin\..\lib\clang-runtimes/arm-none-eabi/armv6m_soft_nofp_exn_rtti\lib\libc.a(libc_tinystdio_ryu_table.c.o):(.rodata)
    5338     5338       d0     1                 DOUBLE_POW5_SPLIT2
    5408     5408       d0     1                 DOUBLE_POW5_TABLE
    54d8     54d8       54     1                 POW5_OFFSETS
    5530     5530       f0     1                 DOUBLE_POW5_INV_SPLIT2
    5620     5620       54     1                 POW5_INV_OFFSETS
    5674     5674        0     1         __usb_dev_descriptor_start_fs = .
    5674     5674        0     1         __usb_cfg_descriptor_start_fs = .
    5674     5674        0     1         __usb_interface_descriptor_start_fs = .
    5674     5674        0     1         __usb_descriptor_end_fs = .
    5674     5674        0     1         __usb_dev_descriptor_start_hs = .
    5674     5674        0     1         __usb_cfg_descriptor_start_hs = .
    5674     5674        0     1         __usb_interface_descriptor_start_hs = .
    5674     5674        0     1         __usb_descriptor_end_hs = .
    5674     5674        0     1         __ROM_End = .
    5674     5674        0     1 __Vectors_Size = __Vectors_End - __Vectors
    5674     5674        0     1 . = .
    5674     5674        0     1 __itcm_data_pre_location = .
    5674     5674        0     1 ITCM_BYTE_ALIGN_VALUE = ( __ITCM_LENGTH > 0 ) ? 16 : 4
       0        0        0     4 .itcm_data
       0        0        0     1         __tz_ITCM_S = ABSOLUTE ( __ITCM_START )
       0        0        0     1         __itcm_data_start = .
       0        0        0     1         . = ALIGN ( 8 )
       0        0        0     1         __itcm_data_end = .
       0        0        0     1         __tz_ITCM_N = DEFINED ( ITCM_NS_START ) ? ABSOLUTE ( ITCM_NS_START ) : ALIGN ( __itcm_data_end , 8192 )
       0        0        0     1 __itcm_data_init_start = LOADADDR ( .itcm_data )
       0        0        0     1 __itcm_data_init_end = LOADADDR ( .itcm_data ) + SIZEOF ( .itcm_data )
       0        0        0     1 
       0        0        0     1 
       0        0        0     1 
       0        0        0     1 
       0        0     5674     1 . = ( SIZEOF ( .itcm_data ) > 0 ) ? __itcm_data_init_end : __itcm_data_pre_location
    5674     5674        0     1 __exidx_start = .
    5674     5674        0     1 __exidx_end = .
    5674     5674        0     1 __tz_RAM_S = ORIGIN ( RAM )
20004000 20004000        0     1 .fsp_dtc_vector_table
20004000 20004000        0     1         . = ORIGIN ( RAM )
20004000     5674       44     4 .data
20004000     5674        0     1         __data_start__ = .
20004000     5674        0     1         . = ALIGN ( 4 )
20004000     5674        0     1         __Code_In_RAM_Start = .
20004000     5674        0     1         __Code_In_RAM_End = .
20004000     5674        1     1         ./src/hal_entry.o:(.data.i2c_event)
20004000     5674        1     1                 i2c_event
20004004     5678       20     4         ./src/hal_entry.o:(.data..L_MergedGlobals)
20004004     5678        1     1                 currentTempF
20004005     5679        1     1                 currentHum
20004006     567a        1     1                 fan
20004007     567b        1     1                 noBytestoRW
20004008     567c        1     1                 tenSecCounter
20004009     567d        1     1                 flashEnable
2000400a     567e        2     1                 desiredTempF
2000400c     5680        2     1                 flashDelaySeed
2000400e     5682        2     1                 flashDelay
20004010     5684        4     1                 Kp
20004014     5688        4     1                 Ki
20004018     568c        4     1                 Kd
2000401c     5690        8     1                 readEEpromValues
20004024     5698        4     2         ./ra_gen/hal_data.o:(.data.g_uart0_baud_setting)
20004024     5698        4     1                 g_uart0_baud_setting
20004028     569c        2     2         ./Modules/Serial_ASCII/Serial_user.o:(.data.tempValue)
20004028     569c        2     1                 tempValue
2000402a     569e        8     2         ./Modules/Scheduler/Scheduler.o:(.data..L_MergedGlobals)
2000402a     569e        2     1                 ten_mS_Counter
2000402c     56a0        2     1                 twentyfive_mS_Counter
2000402e     56a2        2     1                 hundred_mS_Counter
20004030     56a4        2     1                 one_S_Counter
20004034     56a8        8     4         ./Modules/SSD1306/OLED/Src/fonts.o:(.data.Font_7x10)
20004034     56a8        8     1                 Font_7x10
2000403c     56b0        8     4         ./Modules/SSD1306/OLED/Src/fonts.o:(.data.Font_11x18)
2000403c     56b0        8     1                 Font_11x18
20004044     56b8        0     1         . = ALIGN ( 4 )
20004044     56b8        0     1         . = ALIGN ( 4 )
20004044     56b8        0     1         PROVIDE_HIDDEN ( __init_array_start = . )
20004044     56b8        0     1         PROVIDE_HIDDEN ( __init_array_end = . )
20004044     56b8        0     1         . = ALIGN ( 4 )
20004044     56b8        0     1         . = ALIGN ( 4 )
20004044     56b8        0     1         __data_end__ = .
20004044     56b8        0     1 __etext = LOADADDR ( .data )
20004044     56b8        1     1 .tdata
20004044     56b8        1     1         BYTE ( 0xFF )
20004045     56b9        0     1 PROVIDE ( __tls_base = ADDR ( .tdata ) )
20004045     56b9        0     1 PROVIDE ( __tdata_source = LOADADDR ( .tdata ) )
20004045     56b9        0     1 PROVIDE ( __tdata_size = SIZEOF ( .tdata ) )
20004045     56b9        0     1 PROVIDE ( __tls_align = MAX ( ALIGNOF ( .tdata ) , ALIGNOF ( .tbss ) ) )
20004045 20004045        0     1 .tbss
20004045 20004045        0     1         PROVIDE ( __tls_end = . )
20004045 20004045        0     1 PROVIDE ( __tbss_offset = ADDR ( .tbss ) - ADDR ( .tdata ) )
20004045 20004045        0     1 PROVIDE ( __tbss_size = SIZEOF ( .tbss ) )
20004045 20004045        0     1 PROVIDE ( __arm32_tls_tcb_offset = MAX ( 8 , __tls_align ) )
20004045 20004045        0     1 . = .
20004045 20004045        0     1 __dtcm_data_pre_location = LOADADDR ( .tdata ) + SIZEOF ( .tdata )
20004045 20004045        0     1 DTCM_BYTE_ALIGN_VALUE = ( __DTCM_LENGTH > 0 ) ? 16 : 4
       0        0        0     4 .dtcm_data
       0        0        0     1         __tz_DTCM_S = ABSOLUTE ( __DTCM_START )
       0        0        0     1         __dtcm_data_start = .
       0        0        0     1         . = ALIGN ( 8 )
       0        0        0     1         __dtcm_data_end = .
       0        0        0     1 . = __dtcm_data_end
       0        0        0     1 .dtcm_bss
       0        0        0     1         __dtcm_bss_start = .
       0        0        0     1         . = ALIGN ( 8 )
       0        0        0     1         __dtcm_bss_end = .
       0        0        0     1         __tz_DTCM_N = DEFINED ( DTCM_NS_START ) ? ABSOLUTE ( DTCM_NS_START ) : ALIGN ( __dtcm_bss_end , 8192 )
       0        0        0     1 __dtcm_data_init_start = LOADADDR ( .dtcm_data )
       0        0        0     1 __dtcm_data_init_end = LOADADDR ( .dtcm_data ) + SIZEOF ( .dtcm_data )
       0        0        0     1 
       0        0        0     1 
       0        0        0     1 
       0        0        0     1 
       0        0        0     1 
       0        0        0     1 
       0        0        0     1 
       0        0        0     1 
       0        0     56b9     1 . = ( SIZEOF ( .dtcm_data ) > 0 ) ? __dtcm_data_init_end : __dtcm_data_pre_location
    56b9     56b9        0     1 sgstubs_pre_location = .
    56b9     56b9        0     1 SGSTUBS_LOC = ( DEFINED ( PROJECT_SECURE ) && DEFINED ( FLASH_NSC_START ) ) ? ABSOLUTE ( FLASH_NSC_START ) : ALIGN ( 1024 )
    5800     5800        0  1024 .gnu.sgstubs
    5800     5800        0     1         __tz_FLASH_C = DEFINED ( FLASH_NSC_START ) ? ABSOLUTE ( FLASH_NSC_START ) : __RESERVE_NS_RAM ? ABSOLUTE ( FLASH_START + FLASH_LENGTH ) : ALIGN ( 1024 )
    5800     5800        0     1         _start_sg = .
    5800     5800        0     1         . = ALIGN ( 32 )
    5800     5800        0     1         _end_sg = .
    5800     5800        0     1 __tz_FLASH_N = DEFINED ( FLASH_NS_START ) ? ABSOLUTE ( FLASH_NS_START ) : __RESERVE_NS_RAM ? ABSOLUTE ( FLASH_START + FLASH_LENGTH ) : FLASH_LENGTH < 32768 ? FLASH_LENGTH : ALIGN ( 32768 )
    5800     5800        0     1 __tz_QSPI_FLASH_S = ORIGIN ( QSPI_FLASH )
60000000 60000000        0     1 .qspi_flash
60000000 60000000        0     1         __qspi_flash_start__ = .
60000000 60000000        0     1         __qspi_flash_end__ = .
60000000 60000000        0     1 __qspi_flash_code_size__ = __qspi_flash_end__ - __qspi_flash_start__
60000000 60000000        0     1 __qspi_flash_code_addr__ = sgstubs_pre_location
60000000 60000000        0     1 .qspi_non_retentive
60000000 60000000        0     1         __qspi_non_retentive_start__ = .
60000000 60000000        0     1         __qspi_non_retentive_end__ = .
60000000 60000000        0     1 __qspi_non_retentive_size__ = __qspi_non_retentive_end__ - __qspi_non_retentive_start__
60000000 60000000        0     1 __qspi_region_max_size__ = 0x4000000
60000000 60000000        0     1 __qspi_region_start_address__ = __qspi_flash_start__
60000000 60000000        0     1 __qspi_region_end_address__ = __qspi_flash_start__ + __qspi_region_max_size__
60000000 60000000        0     1 __tz_QSPI_FLASH_N = __qspi_non_retentive_end__
80020000 80020000        0     1 .OSPI_DEVICE_0_NO_LOAD
80020000 80020000        0     1         . = ALIGN ( 4 )
80020000 80020000        0     1         __ospi_device_0_start__ = .
80020000 80020000        0     1         . = ALIGN ( 4 )
80020000 80020000        0     1         __ospi_device_0_end__ = .
80030000 80030000        0     1 .OSPI_DEVICE_1_NO_LOAD
80030000 80030000        0     1         . = ALIGN ( 4 )
80030000 80030000        0     1         __ospi_device_1_start__ = .
80030000 80030000        0     1         . = ALIGN ( 4 )
80030000 80030000        0     1         __ospi_device_1_end__ = .
80030000 80030000        0     1 __tz_OSPI_DEVICE_0_S = ORIGIN ( OSPI_DEVICE_0 )
80020000 80020000        0     1 .OSPI_DEVICE_0
80020000 80020000        0     1         __ospi_device_0_start__ = .
80020000 80020000        0     1         __ospi_device_0_end__ = .
80020000 80020000        0     1 __ospi_device_0_code_size__ = __ospi_device_0_end__ - __ospi_device_0_start__
80020000 80020000        0     1 __ospi_device_0_code_addr__ = sgstubs_pre_location + ( SIZEOF ( .qspi_non_retentive ) )
80020000 80020000        0     1 .ospi_device_0_non_retentive
80020000 80020000        0     1         __ospi_device_0_non_retentive_start__ = .
80020000 80020000        0     1         __ospi_device_0_non_retentive_end__ = .
80020000 80020000        0     1 __ospi_device_0_non_retentive_size__ = __ospi_device_0_non_retentive_end__ - __ospi_device_0_non_retentive_start__
80020000 80020000        0     1 __ospi_device_0_region_max_size__ = 0x8000000
80020000 80020000        0     1 __ospi_device_0_region_start_address__ = __ospi_device_0_start__
80020000 80020000        0     1 __ospi_device_0_region_end_address__ = __ospi_device_0_start__ + __ospi_device_0_region_max_size__
80020000 80020000        0     1 __tz_OSPI_DEVICE_0_N = __ospi_device_0_non_retentive_end__
80020000 80020000        0     1 __tz_OSPI_DEVICE_1_S = ORIGIN ( OSPI_DEVICE_1 )
80030000 80030000        0     1 .OSPI_DEVICE_1
80030000 80030000        0     1         __ospi_device_1_start__ = .
80030000 80030000        0     1         __ospi_device_1_end__ = .
80030000 80030000        0     1 __ospi_device_1_code_size__ = __ospi_device_1_end__ - __ospi_device_1_start__
80030000 80030000        0     1 __ospi_device_1_code_addr__ = sgstubs_pre_location + ( SIZEOF ( .qspi_non_retentive ) + SIZEOF ( .ospi_device_0_non_retentive ) )
80030000 80030000        0     1 .ospi_device_1_non_retentive
80030000 80030000        0     1         __ospi_device_1_non_retentive_start__ = .
80030000 80030000        0     1         __ospi_device_1_non_retentive_end__ = .
80030000 80030000        0     1 __ospi_device_1_non_retentive_size__ = __ospi_device_1_non_retentive_end__ - __ospi_device_1_non_retentive_start__
80030000 80030000        0     1 __ospi_device_1_region_max_size__ = 0x10000000
80030000 80030000        0     1 __ospi_device_1_region_start_address__ = __ospi_device_1_start__
80030000 80030000        0     1 __ospi_device_1_region_end_address__ = __ospi_device_1_start__ + __ospi_device_1_region_max_size__
80030000 80030000        0     1 __tz_OSPI_DEVICE_1_N = __ospi_device_1_non_retentive_end__
20004048 20004048       18     4 .noinit
20004048 20004048        0     1         . = ALIGN ( 4 )
20004048 20004048        0     1         __noinit_start = .
20004048 20004048       14     4         ./ra/fsp/src/bsp/mcu/all/bsp_clocks.o:(.noinit)
20004048 20004048       14     1                 g_clock_freq
2000405c 2000405c        4     1         . = ALIGN ( 8 )
20004060 20004060        0     1         __noinit_end = .
20004060 20004060      754    16 .bss
20004060 20004060        0     1         . = ALIGN ( 4 )
20004060 20004060        0     1         __bss_start__ = .
20004060 20004060        1     1         ./src/hal_entry.o:(.bss.i2cBusy)
20004060 20004060        1     1                 i2cBusy
20004061 20004061       10     1         ./src/hal_entry.o:(.bss.str3)
20004061 20004061       10     1                 str3
20004074 20004074       70     4         ./src/hal_entry.o:(.bss..L_MergedGlobals.10)
20004074 20004074        1     1                 x
20004075 20004075        1     1                 getTempHum
20004076 20004076        1     1                 getTempHumState
20004077 20004077        1     1                 readEEPROM
20004078 20004078        1     1                 writeEEPROM
20004079 20004079        1     1                 eepromReadWriteState
2000407a 2000407a        1     1                 zoneNumber
2000407b 2000407b        1     1                 y
2000407c 2000407c        1     1                 cmdArray
2000407d 2000407d        2     1                 readWriteStartingRegister
20004080 20004080        2     1                 temp
20004084 20004084        4     1                 err
20004088 20004088        4     1                 prev_error
2000408c 2000408c        4     1                 integral
20004090 20004090        4     1                 zone
20004094 20004094        4     1                 target
20004098 20004098        4     1                 seconds
2000409c 2000409c        4     1                 vent
200040a0 200040a0        6     1                 sensorRegisters
200040a6 200040a6        6     1                 prevRegisters
200040ac 200040ac        8     1                 writeEEpromValues
200040b4 200040b4       10     1                 str1
200040c4 200040c4       10     1                 str2
200040d4 200040d4       10     1                 str4
200040e4 200040e4        8     4         ./ra_gen/common_data.o:(.bss.g_ioport_ctrl)
200040e4 200040e4        8     1                 g_ioport_ctrl
200040ec 200040ec       34     4         ./ra_gen/hal_data.o:(.bss.g_iica_master0_ctrl)
200040ec 200040ec       34     1                 g_iica_master0_ctrl
20004120 20004120       2c     4         ./ra_gen/hal_data.o:(.bss.g_uart0_ctrl)
20004120 20004120       2c     1                 g_uart0_ctrl
2000414c 2000414c       24     4         ./ra/fsp/src/bsp/mcu/all/bsp_group_irq.o:(.bss.g_bsp_group_irq_sources)
2000414c 2000414c       24     1                 g_bsp_group_irq_sources
20004170 20004170        4     4         ./ra/fsp/src/bsp/mcu/all/bsp_io.o:(.bss.g_protect_pfswe_counter)
20004170 20004170        4     1                 g_protect_pfswe_counter
20004174 20004174       a8     4         ./ra/fsp/src/bsp/mcu/all/bsp_irq.o:(.bss.gp_renesas_isr_context)
20004174 20004174       a8     1                 gp_renesas_isr_context
2000421c 2000421c        4     4         ./ra/fsp/src/bsp/cmsis/Device/RENESAS/Source/system.o:(.bss.SystemCoreClock)
2000421c 2000421c        4     1                 SystemCoreClock
20004220 20004220       6a     2         ./Modules/Serial_ASCII/Serial.o:(.bss..L_MergedGlobals)
20004220 20004220        1     1                 nextSerialTxOut
20004221 20004221        1     1                 nextSerialTxIn
20004222 20004222        1     1                 nextSerialRxIn
20004223 20004223        1     1                 nextSerialRx2Proc
20004224 20004224        2     1                 commError
20004226 20004226       32     1                 txBuffer
20004258 20004258       32     1                 rxBuffer
2000428a 2000428a       18     1         ./Modules/Serial_ASCII/Serial_user.o:(.bss..L_MergedGlobals)
2000428a 2000428a        1     1                 inPacket
2000428b 2000428b        1     1                 nextPacketChar
2000428c 2000428c        1     1                 processPacket
2000428d 2000428d        1     1                 pin_level2
2000428e 2000428e       14     1                 packetBuffer
200042a2 200042a2        8     2         ./Modules/Scheduler/Scheduler.o:(.bss..L_MergedGlobals.1)
200042a2 200042a2        1     1                 ten_mS_Flag
200042a3 200042a3        1     1                 twentyfive_mS_Flag
200042a4 200042a4        1     1                 hundred_mS_Flag
200042a5 200042a5        1     1                 one_S_Flag
200042a6 200042a6        1     1                 i2c_timeout_Flag
200042a8 200042a8        2     1                 i2c_timeout_Counter
200042aa 200042aa        1     2         ./Modules/SSD1306/OLED/Src/ssd1306.o:(.bss.SSD1306.2)
200042aa 200042aa        1     1                 SSD1306.2
200042ac 200042ac      400     4         ./Modules/SSD1306/OLED/Src/ssd1306.o:(.bss.SSD1306_Buffer)
200042ac 200042ac      400     1                 SSD1306_Buffer
200046ac 200046ac      100     1         ./Modules/SSD1306/OLED/Src/ssd1306.o:(.bss.m_dt)
200046ac 200046ac      100     1                 m_dt
200047ac 200047ac        4     2         ./Modules/SSD1306/OLED/Src/ssd1306.o:(.bss..L_MergedGlobals)
200047ac 200047ac        2     1                 SSD1306.0
200047ae 200047ae        2     1                 SSD1306.1
200047b0 200047b0        4    16         C:\Renesas\RA\e2studio_v2024-10_fsp_v5.6.0\toolchains\llvm_arm\LLVM-ET-Arm-18.1.3-Windows-x86_64\bin\..\lib\clang-runtimes/arm-none-eabi/armv6m_soft_nofp_exn_rtti\lib\libc.a(libc_picolib_machine_arm_read_tp.S.o):(.bss)
200047b0 200047b0        4     1                 __tls
200047b4 200047b4        0     1         . = ALIGN ( 4 )
200047b4 200047b4        0     1         __bss_end__ = .
200047b4 200047b4        4     1 .heap
200047b4 200047b4        4     1         . = ALIGN ( 8 )
200047b8 200047b8        0     1         __HeapBase = .
200047b8 200047b8        0     1         __HeapLimit = .
200047b8 200047b8        0     1 PROVIDE ( __heap_start = __HeapBase )
200047b8 200047b8        0     1 PROVIDE ( __heap_end = __HeapLimit )
200047b8 200047b8      400     8 .stack_dummy
200047b8 200047b8        0     1         . = ALIGN ( 8 )
200047b8 200047b8        0     1         __StackLimit = .
200047b8 200047b8      400     8         ./ra/fsp/src/bsp/cmsis/Device/RENESAS/Source/startup.o:(.stack)
200047b8 200047b8      400     1                 g_main_stack
20004bb8 20004bb8        0     1         __StackTop = .
20004bb8 20004bb8        0     1         __StackTopAll = .
20004bb8 20004bb8        0     1 __RAM_segment_used_end__ = ALIGN ( __StackTopAll , 4 )
20004bb8 20004bb8        0     1 __tz_RAM_C = DEFINED ( RAM_NSC_START ) ? ABSOLUTE ( RAM_NSC_START - RAM_NS_BUFFER_BLOCK_LENGTH ) : __RESERVE_NS_RAM ? ABSOLUTE ( RAM_NS_BUFFER_BLOCK_START ) : ALIGN ( __RAM_segment_used_end__ , 1024 )
20004bb8 20004bb8        0     1 __tz_RAM_N = DEFINED ( RAM_NS_START ) ? ABSOLUTE ( RAM_NS_START - RAM_NS_BUFFER_BLOCK_LENGTH ) : __RESERVE_NS_RAM ? ABSOLUTE ( RAM_NS_BUFFER_BLOCK_START ) : ALIGN ( __tz_RAM_C , 8192 )
20004bb8 20004bb8        0     1 .ns_buffer
20004bb8 20004bb8        0     1         . = __RESERVE_NS_RAM ? ABSOLUTE ( RAM_NS_BUFFER_START & 0xFFFFFFE0 ) : .
40100000 40100000        0     1 .data_flash
40100000 40100000        0     1         . = ORIGIN ( DATA_FLASH )
40100000 40100000        0     1         __tz_DATA_FLASH_S = .
40100000 40100000        0     1         __Data_Flash_Start = .
40100000 40100000        0     1         __Data_Flash_End = .
40100000 40100000        0     1         __tz_DATA_FLASH_N = DEFINED ( DATA_FLASH_NS_START ) ? ABSOLUTE ( DATA_FLASH_NS_START ) : __RESERVE_NS_RAM ? ABSOLUTE ( DATA_FLASH_START + DATA_FLASH_LENGTH ) : ALIGN ( 1024 )
40100000 40100000        0     1 __tz_SDRAM_S = ORIGIN ( SDRAM )
80010000 80010000        0     1 .sdram
80010000 80010000        0     1         __SDRAM_Start = .
80010000 80010000        0     1         __SDRAM_End = .
80010000 80010000        0     1 __tz_SDRAM_N = __SDRAM_End
80010000 80010000        0     1 __tz_ID_CODE_S = ORIGIN ( ID_CODE )
80010000 80010000        0     1 __tz_ID_CODE_N = __tz_ID_CODE_S
 1010018  1010018       1c     4 .id_code
 1010018  1010018        0     1         __ID_Code_Start = .
 1010018  1010018       1c     4         ./ra/fsp/src/bsp/mcu/all/bsp_rom_registers.o:(.id_code)
 1010018  1010018       1c     1                 g_bsp_id_codes
 1010034  1010034        0     1         __ID_Code_End = .
 1010034  1010034        0     1 __tz_OPTION_SETTING_S = ORIGIN ( OPTION_SETTING_OFS )
       0        0        0     1 .option_setting_ofs
       0        0        0     1         __OPTION_SETTING_OFS_Start = .
       0        0        0     1         . = PROJECT_SECURE_OR_FLAT ? __OPTION_SETTING_OFS_Start + 0x04 : __OPTION_SETTING_OFS_Start
       0        0        0     1         . = PROJECT_SECURE_OR_FLAT ? __OPTION_SETTING_OFS_Start + 0x10 : __OPTION_SETTING_OFS_Start
       0        0        0     1         __OPTION_SETTING_OFS_End = .
      34       34        0     1 .option_setting_sas
      34       34        0     1         __OPTION_SETTING_SAS_Start = .
      34       34        0     1         __OPTION_SETTING_SAS_End = .
      34       34        0     1 __tz_OPTION_SETTING_N = ABSOLUTE ( OPTION_SETTING_START_NS )
       0        0        0     1 .option_setting_ns
       0        0        0     1         __OPTION_SETTING_NS_Start = .
       0        0        0     1         . = USE_OPTION_SETTING_NS ? __OPTION_SETTING_NS_Start + 0x04 : __OPTION_SETTING_NS_Start
       0        0        0     1         . = USE_OPTION_SETTING_NS ? __OPTION_SETTING_NS_Start + 0x10 : __OPTION_SETTING_NS_Start
       0        0        0     1         . = USE_OPTION_SETTING_NS ? __OPTION_SETTING_NS_Start + 0x40 : __OPTION_SETTING_NS_Start
       0        0        0     1         . = USE_OPTION_SETTING_NS ? __OPTION_SETTING_NS_Start + 0x44 : __OPTION_SETTING_NS_Start
       0        0        0     1         . = USE_OPTION_SETTING_NS ? __OPTION_SETTING_NS_Start + 0x48 : __OPTION_SETTING_NS_Start
       0        0        0     1         . = USE_OPTION_SETTING_NS ? __OPTION_SETTING_NS_Start + 0x4C : __OPTION_SETTING_NS_Start
       0        0        0     1         . = USE_OPTION_SETTING_NS ? __OPTION_SETTING_NS_Start + 0x60 : __OPTION_SETTING_NS_Start
       0        0        0     1         . = USE_OPTION_SETTING_NS ? __OPTION_SETTING_NS_Start + 0x64 : __OPTION_SETTING_NS_Start
       0        0        0     1         . = USE_OPTION_SETTING_NS ? __OPTION_SETTING_NS_Start + 0x68 : __OPTION_SETTING_NS_Start
       0        0        0     1         . = USE_OPTION_SETTING_NS ? __OPTION_SETTING_NS_Start + 0x6C : __OPTION_SETTING_NS_Start
       0        0        0     1         __OPTION_SETTING_NS_End = .
       0        0        0     1 __tz_OPTION_SETTING_S_S = ORIGIN ( OPTION_SETTING_S )
80000000 80000000        0     1 .option_setting_s
80000000 80000000        0     1         __OPTION_SETTING_S_Start = .
80000000 80000000        0     1         . = PROJECT_SECURE_OR_FLAT ? __OPTION_SETTING_S_Start + 0x04 : __OPTION_SETTING_S_Start
80000000 80000000        0     1         . = PROJECT_SECURE_OR_FLAT ? __OPTION_SETTING_S_Start + 0x10 : __OPTION_SETTING_S_Start
80000000 80000000        0     1         . = PROJECT_SECURE_OR_FLAT ? __OPTION_SETTING_S_Start + 0x40 : __OPTION_SETTING_S_Start
80000000 80000000        0     1         . = PROJECT_SECURE_OR_FLAT ? __OPTION_SETTING_S_Start + 0x44 : __OPTION_SETTING_S_Start
80000000 80000000        0     1         . = PROJECT_SECURE_OR_FLAT ? __OPTION_SETTING_S_Start + 0x48 : __OPTION_SETTING_S_Start
80000000 80000000        0     1         . = PROJECT_SECURE_OR_FLAT ? __OPTION_SETTING_S_Start + 0x4C : __OPTION_SETTING_S_Start
80000000 80000000        0     1         . = PROJECT_SECURE_OR_FLAT ? __OPTION_SETTING_S_Start + 0x60 : __OPTION_SETTING_S_Start
80000000 80000000        0     1         . = PROJECT_SECURE_OR_FLAT ? __OPTION_SETTING_S_Start + 0x64 : __OPTION_SETTING_S_Start
80000000 80000000        0     1         . = PROJECT_SECURE_OR_FLAT ? __OPTION_SETTING_S_Start + 0x68 : __OPTION_SETTING_S_Start
80000000 80000000        0     1         . = PROJECT_SECURE_OR_FLAT ? __OPTION_SETTING_S_Start + 0x6C : __OPTION_SETTING_S_Start
80000000 80000000        0     1         . = PROJECT_SECURE_OR_FLAT ? __OPTION_SETTING_S_Start + 0x80 : __OPTION_SETTING_S_Start
80000000 80000000        0     1         . = PROJECT_SECURE_OR_FLAT ? __OPTION_SETTING_S_Start + 0x84 : __OPTION_SETTING_S_Start
80000000 80000000        0     1         . = PROJECT_SECURE_OR_FLAT ? __OPTION_SETTING_S_Start + 0x90 : __OPTION_SETTING_S_Start
80000000 80000000        0     1         . = PROJECT_SECURE_OR_FLAT ? __OPTION_SETTING_S_Start + 0xC0 : __OPTION_SETTING_S_Start
80000000 80000000        0     1         . = PROJECT_SECURE_OR_FLAT ? __OPTION_SETTING_S_Start + 0xC4 : __OPTION_SETTING_S_Start
80000000 80000000        0     1         . = PROJECT_SECURE_OR_FLAT ? __OPTION_SETTING_S_Start + 0xC8 : __OPTION_SETTING_S_Start
80000000 80000000        0     1         . = PROJECT_SECURE_OR_FLAT ? __OPTION_SETTING_S_Start + 0xCC : __OPTION_SETTING_S_Start
80000000 80000000        0     1         __OPTION_SETTING_S_End = .
80000000 80000000        0     1 __tz_OPTION_SETTING_S_N = __OPTION_SETTING_S_End
       0        0     52da     1 .debug_loclists
       0        0       2c     1         ./src/adc_hal.o:(.debug_loclists)
      2c       2c      179     1         ./src/hal_entry.o:(.debug_loclists)
     1a5      1a5      488     1         ./ra/fsp/src/r_uarta/r_uarta.o:(.debug_loclists)
     62d      62d      31b     1         ./ra/fsp/src/r_tau/r_tau.o:(.debug_loclists)
     948      948      32f     1         ./ra/fsp/src/r_ioport/r_ioport.o:(.debug_loclists)
     c77      c77      37b     1         ./ra/fsp/src/r_iica_master/r_iica_master.o:(.debug_loclists)
     ff2      ff2      116     1         ./ra/fsp/src/r_elc/r_elc.o:(.debug_loclists)
    1108     1108      208     1         ./ra/fsp/src/r_dtc/r_dtc.o:(.debug_loclists)
    1310     1310      2fc     1         ./ra/fsp/src/r_adc_d/r_adc_d.o:(.debug_loclists)
    160c     160c       df     1         ./ra/fsp/src/bsp/mcu/all/bsp_clocks.o:(.debug_loclists)
    16eb     16eb       20     1         ./ra/fsp/src/bsp/mcu/all/bsp_common.o:(.debug_loclists)
    170b     170b       af     1         ./ra/fsp/src/bsp/mcu/all/bsp_delay.o:(.debug_loclists)
    17ba     17ba       38     1         ./ra/fsp/src/bsp/mcu/all/bsp_group_irq.o:(.debug_loclists)
    17f2     17f2       d1     1         ./ra/fsp/src/bsp/mcu/all/bsp_irq.o:(.debug_loclists)
    18c3     18c3       64     1         ./ra/fsp/src/bsp/mcu/all/bsp_register_protection.o:(.debug_loclists)
    1927     1927       3e     1         ./ra/fsp/src/bsp/mcu/all/bsp_sbrk.o:(.debug_loclists)
    1965     1965       18     1         ./ra/fsp/src/bsp/cmsis/Device/RENESAS/Source/system.o:(.debug_loclists)
    197d     197d       a1     1         ./Modules/Serial_ASCII/ASCII_numbers.o:(.debug_loclists)
    1a1e     1a1e      129     1         ./Modules/Serial_ASCII/Serial.o:(.debug_loclists)
    1b47     1b47       2d     1         ./Modules/Serial_ASCII/Serial_user.o:(.debug_loclists)
    1b74     1b74       41     1         ./Modules/SSD1306/OLED/Src/fonts.o:(.debug_loclists)
    1bb5     1bb5      ad5     1         ./Modules/SSD1306/OLED/Src/ssd1306.o:(.debug_loclists)
    268a     268a       2a     1         C:\Renesas\RA\e2studio_v2024-10_fsp_v5.6.0\toolchains\llvm_arm\LLVM-ET-Arm-18.1.3-Windows-x86_64\bin\..\lib\clang-runtimes/arm-none-eabi/armv6m_soft_nofp_exn_rtti\lib\libc.a(libc_picolib_inittls.c.o):(.debug_loclists)
    26b4     26b4       3f     1         C:\Renesas\RA\e2studio_v2024-10_fsp_v5.6.0\toolchains\llvm_arm\LLVM-ET-Arm-18.1.3-Windows-x86_64\bin\..\lib\clang-runtimes/arm-none-eabi/armv6m_soft_nofp_exn_rtti\lib\libc.a(libc_tinystdio_sprintf.c.o):(.debug_loclists)
    26f3     26f3     1051     1         C:\Renesas\RA\e2studio_v2024-10_fsp_v5.6.0\toolchains\llvm_arm\LLVM-ET-Arm-18.1.3-Windows-x86_64\bin\..\lib\clang-runtimes/arm-none-eabi/armv6m_soft_nofp_exn_rtti\lib\libc.a(libc_tinystdio_vfprintf.c.o):(.debug_loclists)
    3744     3744      1e2     1         C:\Renesas\RA\e2studio_v2024-10_fsp_v5.6.0\toolchains\llvm_arm\LLVM-ET-Arm-18.1.3-Windows-x86_64\bin\..\lib\clang-runtimes/arm-none-eabi/armv6m_soft_nofp_exn_rtti\lib\libc.a(libc_tinystdio_dtox_engine.c.o):(.debug_loclists)
    3926     3926       25     1         C:\Renesas\RA\e2studio_v2024-10_fsp_v5.6.0\toolchains\llvm_arm\LLVM-ET-Arm-18.1.3-Windows-x86_64\bin\..\lib\clang-runtimes/arm-none-eabi/armv6m_soft_nofp_exn_rtti\lib\libc.a(libc_string_strnlen.c.o):(.debug_loclists)
    394b     394b     104e     1         C:\Renesas\RA\e2studio_v2024-10_fsp_v5.6.0\toolchains\llvm_arm\LLVM-ET-Arm-18.1.3-Windows-x86_64\bin\..\lib\clang-runtimes/arm-none-eabi/armv6m_soft_nofp_exn_rtti\lib\libc.a(libc_tinystdio_dtoa_ryu.c.o):(.debug_loclists)
    4999     4999       34     1         C:\Renesas\RA\e2studio_v2024-10_fsp_v5.6.0\toolchains\llvm_arm\LLVM-ET-Arm-18.1.3-Windows-x86_64\bin\..\lib\clang-runtimes/arm-none-eabi/armv6m_soft_nofp_exn_rtti\lib\libc.a(libc_tinystdio_ryu_log10.c.o):(.debug_loclists)
    49cd     49cd       1e     1         C:\Renesas\RA\e2studio_v2024-10_fsp_v5.6.0\toolchains\llvm_arm\LLVM-ET-Arm-18.1.3-Windows-x86_64\bin\..\lib\clang-runtimes/arm-none-eabi/armv6m_soft_nofp_exn_rtti\lib\libc.a(libc_tinystdio_ryu_pow5bits.c.o):(.debug_loclists)
    49eb     49eb      279     1         C:\Renesas\RA\e2studio_v2024-10_fsp_v5.6.0\toolchains\llvm_arm\LLVM-ET-Arm-18.1.3-Windows-x86_64\bin\..\lib\clang-runtimes/arm-none-eabi/armv6m_soft_nofp_exn_rtti\lib\libc.a(libc_tinystdio_ryu_table.c.o):(.debug_loclists)
    4c64     4c64      53f     1         C:\Renesas\RA\e2studio_v2024-10_fsp_v5.6.0\toolchains\llvm_arm\LLVM-ET-Arm-18.1.3-Windows-x86_64\bin\..\lib\clang-runtimes/arm-none-eabi/armv6m_soft_nofp_exn_rtti\lib\libc.a(libc_tinystdio_ryu_umul128.c.o):(.debug_loclists)
    51a3     51a3       41     1         C:\Renesas\RA\e2studio_v2024-10_fsp_v5.6.0\toolchains\llvm_arm\LLVM-ET-Arm-18.1.3-Windows-x86_64\bin\..\lib\clang-runtimes/arm-none-eabi/armv6m_soft_nofp_exn_rtti\lib\libc.a(aeabi_memset.c.o):(.debug_loclists)
    51e4     51e4       2d     1         C:\Renesas\RA\e2studio_v2024-10_fsp_v5.6.0\toolchains\llvm_arm\LLVM-ET-Arm-18.1.3-Windows-x86_64\bin\..\lib\clang-runtimes/arm-none-eabi/armv6m_soft_nofp_exn_rtti\lib\libc.a(bzero.c.o):(.debug_loclists)
    5211     5211       7a     1         C:\Renesas\RA\e2studio_v2024-10_fsp_v5.6.0\toolchains\llvm_arm\LLVM-ET-Arm-18.1.3-Windows-x86_64\bin\..\lib\clang-runtimes/arm-none-eabi/armv6m_soft_nofp_exn_rtti\lib\libc.a(memcpy.c.o):(.debug_loclists)
    528b     528b       4f     1         C:\Renesas\RA\e2studio_v2024-10_fsp_v5.6.0\toolchains\llvm_arm\LLVM-ET-Arm-18.1.3-Windows-x86_64\bin\..\lib\clang-runtimes/arm-none-eabi/armv6m_soft_nofp_exn_rtti\lib\libc.a(memset.c.o):(.debug_loclists)
       0        0     477a     1 .debug_abbrev
       0        0      1f8     1         ./src/adc_hal.o:(.debug_abbrev)
     1f8      1f8      185     1         ./src/dtc_hal.o:(.debug_abbrev)
     37d      37d      139     1         ./src/elc_hal.o:(.debug_abbrev)
     4b6      4b6      34d     1         ./src/hal_entry.o:(.debug_abbrev)
     803      803      157     1         ./src/tau_hal.o:(.debug_abbrev)
     95a      95a      14a     1         ./ra_gen/common_data.o:(.debug_abbrev)
     aa4      aa4       9f     1         ./ra_gen/elc_data.o:(.debug_abbrev)
     b43      b43      29a     1         ./ra_gen/hal_data.o:(.debug_abbrev)
     ddd      ddd       3c     1         ./ra_gen/main.o:(.debug_abbrev)
     e19      e19       e6     1         ./ra_gen/pin_data.o:(.debug_abbrev)
     eff      eff       62     1         ./ra_gen/vector_data.o:(.debug_abbrev)
     f61      f61      3bf     1         ./ra/fsp/src/r_uarta/r_uarta.o:(.debug_abbrev)
    1320     1320      333     1         ./ra/fsp/src/r_tau/r_tau.o:(.debug_abbrev)
    1653     1653      2bb     1         ./ra/fsp/src/r_ioport/r_ioport.o:(.debug_abbrev)
    190e     190e      3fd     1         ./ra/fsp/src/r_iica_master/r_iica_master.o:(.debug_abbrev)
    1d0b     1d0b      261     1         ./ra/fsp/src/r_elc/r_elc.o:(.debug_abbrev)
    1f6c     1f6c      3ec     1         ./ra/fsp/src/r_dtc/r_dtc.o:(.debug_abbrev)
    2358     2358      369     1         ./ra/fsp/src/r_adc_d/r_adc_d.o:(.debug_abbrev)
    26c1     26c1      29d     1         ./ra/fsp/src/bsp/mcu/all/bsp_clocks.o:(.debug_abbrev)
    295e     295e      149     1         ./ra/fsp/src/bsp/mcu/all/bsp_common.o:(.debug_abbrev)
    2aa7     2aa7       ab     1         ./ra/fsp/src/bsp/mcu/all/bsp_delay.o:(.debug_abbrev)
    2b52     2b52      20f     1         ./ra/fsp/src/bsp/mcu/all/bsp_group_irq.o:(.debug_abbrev)
    2d61     2d61       44     1         ./ra/fsp/src/bsp/mcu/all/bsp_io.o:(.debug_abbrev)
    2da5     2da5      1b8     1         ./ra/fsp/src/bsp/mcu/all/bsp_irq.o:(.debug_abbrev)
    2f5d     2f5d      1ab     1         ./ra/fsp/src/bsp/mcu/all/bsp_register_protection.o:(.debug_abbrev)
    3108     3108       5d     1         ./ra/fsp/src/bsp/mcu/all/bsp_rom_registers.o:(.debug_abbrev)
    3165     3165       80     1         ./ra/fsp/src/bsp/mcu/all/bsp_sbrk.o:(.debug_abbrev)
    31e5     31e5       a3     1         ./ra/fsp/src/bsp/cmsis/Device/RENESAS/Source/startup.o:(.debug_abbrev)
[...]
__Vectors                                         ./ra/fsp/src/bsp/cmsis/Device/RENESAS/Source/startup.o
                                                  ./ra/fsp/src/bsp/cmsis/Device/RENESAS/Source/system.o
HardFault_Handler                                 ./ra/fsp/src/bsp/cmsis/Device/RENESAS/Source/startup.o
MemManage_Handler                                 ./ra/fsp/src/bsp/cmsis/Device/RENESAS/Source/startup.o
BusFault_Handler                                  ./ra/fsp/src/bsp/cmsis/Device/RENESAS/Source/startup.o
UsageFault_Handler                                ./ra/fsp/src/bsp/cmsis/Device/RENESAS/Source/startup.o
SecureFault_Handler                               ./ra/fsp/src/bsp/cmsis/Device/RENESAS/Source/startup.o
SVC_Handler                                       ./ra/fsp/src/bsp/cmsis/Device/RENESAS/Source/startup.o
DebugMon_Handler                                  ./ra/fsp/src/bsp/cmsis/Device/RENESAS/Source/startup.o
PendSV_Handler                                    ./ra/fsp/src/bsp/cmsis/Device/RENESAS/Source/startup.o
SysTick_Handler                                   ./Modules/Scheduler/Scheduler.o
                                                  ./ra/fsp/src/bsp/cmsis/Device/RENESAS/Source/startup.o
__aeabi_memclr4                                   C:\Renesas\RA\e2studio_v2024-10_fsp_v5.6.0\toolchains\llvm_arm\LLVM-ET-Arm-18.1.3-Windows-x86_64\bin\..\lib\clang-runtimes/arm-none-eabi/armv6m_soft_nofp_exn_rtti\lib\libc.a(bzero.c.o)
                                                  ./ra/fsp/src/bsp/cmsis/Device/RENESAS/Source/system.o
                                                  ./Modules/SSD1306/OLED/Src/ssd1306.o
__aeabi_memcpy4                                   C:\Renesas\RA\e2studio_v2024-10_fsp_v5.6.0\toolchains\llvm_arm\LLVM-ET-Arm-18.1.3-Windows-x86_64\bin\..\lib\clang-runtimes/arm-none-eabi/armv6m_soft_nofp_exn_rtti\lib\libc.a(memcpy.c.o)
                                                  ./ra/fsp/src/bsp/cmsis/Device/RENESAS/Source/system.o
_init_tls                                         C:\Renesas\RA\e2studio_v2024-10_fsp_v5.6.0\toolchains\llvm_arm\LLVM-ET-Arm-18.1.3-Windows-x86_64\bin\..\lib\clang-runtimes/arm-none-eabi/armv6m_soft_nofp_exn_rtti\lib\libc.a(libc_picolib_inittls.c.o)
                                                  ./ra/fsp/src/bsp/cmsis/Device/RENESAS/Source/system.o
_set_tls                                          C:\Renesas\RA\e2studio_v2024-10_fsp_v5.6.0\toolchains\llvm_arm\LLVM-ET-Arm-18.1.3-Windows-x86_64\bin\..\lib\clang-runtimes/arm-none-eabi/armv6m_soft_nofp_exn_rtti\lib\libc.a(libc_picolib_machine_arm_tls.c.o)
                                                  ./ra/fsp/src/bsp/cmsis/Device/RENESAS/Source/system.o
__bss_start__                                     C:\Users\ddmga\OneDrive\workspace\RA0_TokenNet_Device-0/script\fsp.lld:628
                                                  ./ra/fsp/src/bsp/cmsis/Device/RENESAS/Source/system.o
__bss_end__                                       C:\Users\ddmga\OneDrive\workspace\RA0_TokenNet_Device-0/script\fsp.lld:632
                                                  ./ra/fsp/src/bsp/cmsis/Device/RENESAS/Source/system.o
__data_start__                                    C:\Users\ddmga\OneDrive\workspace\RA0_TokenNet_Device-0/script\fsp.lld:336
                                                  ./ra/fsp/src/bsp/cmsis/Device/RENESAS/Source/system.o
__data_end__                                      C:\Users\ddmga\OneDrive\workspace\RA0_TokenNet_Device-0/script\fsp.lld:375
                                                  ./ra/fsp/src/bsp/cmsis/Device/RENESAS/Source/system.o
__etext                                           C:\Users\ddmga\OneDrive\workspace\RA0_TokenNet_Device-0/script\fsp.lld:378
                                                  ./ra/fsp/src/bsp/cmsis/Device/RENESAS/Source/system.o
__tls_base                                        C:\Users\ddmga\OneDrive\workspace\RA0_TokenNet_Device-0/script\fsp.lld:396
                                                  ./ra/fsp/src/bsp/cmsis/Device/RENESAS/Source/system.o
ConvertASCII2UINT16                               ./Modules/Serial_ASCII/ASCII_numbers.o
                                                  ./Modules/Serial_ASCII/Serial_user.o
SendString                                        ./Modules/Serial_ASCII/Serial.o
                                                  ./Modules/Serial_ASCII/Serial_user.o
nextSerialTxOut                                   ./Modules/Serial_ASCII/Serial.o
nextSerialTxIn                                    ./Modules/Serial_ASCII/Serial.o
nextSerialRxIn                                    ./Modules/Serial_ASCII/Serial.o
nextSerialRx2Proc                                 ./Modules/Serial_ASCII/Serial.o
                                                  ./Modules/Serial_ASCII/Serial_user.o
commError                                         ./Modules/Serial_ASCII/Serial.o
txBuffer                                          ./Modules/Serial_ASCII/Serial.o
rxBuffer                                          ./Modules/Serial_ASCII/Serial.o
                                                  ./Modules/Serial_ASCII/Serial_user.o
tempValue                                         ./Modules/Serial_ASCII/Serial_user.o
inPacket                                          ./Modules/Serial_ASCII/Serial_user.o
nextPacketChar                                    ./Modules/Serial_ASCII/Serial_user.o
pin_level2                                        ./Modules/Serial_ASCII/Serial_user.o
packetBuffer                                      ./Modules/Serial_ASCII/Serial_user.o
ten_mS_Counter                                    ./Modules/Scheduler/Scheduler.o
twentyfive_mS_Counter                             ./Modules/Scheduler/Scheduler.o
hundred_mS_Counter                                ./Modules/Scheduler/Scheduler.o
one_S_Counter                                     ./Modules/Scheduler/Scheduler.o
i2c_timeout_Flag                                  ./Modules/Scheduler/Scheduler.o
i2c_timeout_Counter                               ./Modules/Scheduler/Scheduler.o
Font7x10                                          ./Modules/SSD1306/OLED/Src/fonts.o
Font11x18                                         ./Modules/SSD1306/OLED/Src/fonts.o
ssd1306_I2C_Write                                 ./Modules/SSD1306/OLED/Src/ssd1306.o
SSD1306_DrawPixel                                 ./Modules/SSD1306/OLED/Src/ssd1306.o
__aeabi_memset4                                   C:\Renesas\RA\e2studio_v2024-10_fsp_v5.6.0\toolchains\llvm_arm\LLVM-ET-Arm-18.1.3-Windows-x86_64\bin\..\lib\clang-runtimes/arm-none-eabi/armv6m_soft_nofp_exn_rtti\lib\libc.a(aeabi_memset.c.o)
                                                  ./Modules/SSD1306/OLED/Src/ssd1306.o
ssd1306_I2C_WriteMulti                            ./Modules/SSD1306/OLED/Src/ssd1306.o
m_dt                                              ./Modules/SSD1306/OLED/Src/ssd1306.o
SSD1306_Putc                                      ./Modules/SSD1306/OLED/Src/ssd1306.o
__aeabi_memcpy                                    C:\Renesas\RA\e2studio_v2024-10_fsp_v5.6.0\toolchains\llvm_arm\LLVM-ET-Arm-18.1.3-Windows-x86_64\bin\..\lib\clang-runtimes/arm-none-eabi/armv6m_soft_nofp_exn_rtti\lib\libc.a(memcpy.c.o)
                                                  C:\Renesas\RA\e2studio_v2024-10_fsp_v5.6.0\toolchains\llvm_arm\LLVM-ET-Arm-18.1.3-Windows-x86_64\bin\..\lib\clang-runtimes/arm-none-eabi/armv6m_soft_nofp_exn_rtti\lib\libc.a(libc_picolib_inittls.c.o)
__aeabi_memclr                                    C:\Renesas\RA\e2studio_v2024-10_fsp_v5.6.0\toolchains\llvm_arm\LLVM-ET-Arm-18.1.3-Windows-x86_64\bin\..\lib\clang-runtimes/arm-none-eabi/armv6m_soft_nofp_exn_rtti\lib\libc.a(bzero.c.o)
                                                  C:\Renesas\RA\e2studio_v2024-10_fsp_v5.6.0\toolchains\llvm_arm\LLVM-ET-Arm-18.1.3-Windows-x86_64\bin\..\lib\clang-runtimes/arm-none-eabi/armv6m_soft_nofp_exn_rtti\lib\libc.a(libc_picolib_inittls.c.o)
__tdata_source                                    C:\Users\ddmga\OneDrive\workspace\RA0_TokenNet_Device-0/script\fsp.lld:398
                                                  C:\Renesas\RA\e2studio_v2024-10_fsp_v5.6.0\toolchains\llvm_arm\LLVM-ET-Arm-18.1.3-Windows-x86_64\bin\..\lib\clang-runtimes/arm-none-eabi/armv6m_soft_nofp_exn_rtti\lib\libc.a(libc_picolib_inittls.c.o)
__tdata_size                                      C:\Users\ddmga\OneDrive\workspace\RA0_TokenNet_Device-0/script\fsp.lld:399
                                                  C:\Renesas\RA\e2studio_v2024-10_fsp_v5.6.0\toolchains\llvm_arm\LLVM-ET-Arm-18.1.3-Windows-x86_64\bin\..\lib\clang-runtimes/arm-none-eabi/armv6m_soft_nofp_exn_rtti\lib\libc.a(libc_picolib_inittls.c.o)
__tbss_offset                                     C:\Users\ddmga\OneDrive\workspace\RA0_TokenNet_Device-0/script\fsp.lld:410
                                                  C:\Renesas\RA\e2studio_v2024-10_fsp_v5.6.0\toolchains\llvm_arm\LLVM-ET-Arm-18.1.3-Windows-x86_64\bin\..\lib\clang-runtimes/arm-none-eabi/armv6m_soft_nofp_exn_rtti\lib\libc.a(libc_picolib_inittls.c.o)
__tbss_size                                       C:\Users\ddmga\OneDrive\workspace\RA0_TokenNet_Device-0/script\fsp.lld:411
                                                  C:\Renesas\RA\e2studio_v2024-10_fsp_v5.6.0\toolchains\llvm_arm\LLVM-ET-Arm-18.1.3-Windows-x86_64\bin\..\lib\clang-runtimes/arm-none-eabi/armv6m_soft_nofp_exn_rtti\lib\libc.a(libc_picolib_inittls.c.o)
__arm32_tls_tcb_offset                            C:\Users\ddmga\OneDrive\workspace\RA0_TokenNet_Device-0/script\fsp.lld:414
                                                  C:\Renesas\RA\e2studio_v2024-10_fsp_v5.6.0\toolchains\llvm_arm\LLVM-ET-Arm-18.1.3-Windows-x86_64\bin\..\lib\clang-runtimes/arm-none-eabi/armv6m_soft_nofp_exn_rtti\lib\libc.a(libc_picolib_machine_arm_tls.c.o)
__tls                                             C:\Renesas\RA\e2studio_v2024-10_fsp_v5.6.0\toolchains\llvm_arm\LLVM-ET-Arm-18.1.3-Windows-x86_64\bin\..\lib\clang-runtimes/arm-none-eabi/armv6m_soft_nofp_exn_rtti\lib\libc.a(libc_picolib_machine_arm_read_tp.S.o)
                                                  C:\Renesas\RA\e2studio_v2024-10_fsp_v5.6.0\toolchains\llvm_arm\LLVM-ET-Arm-18.1.3-Windows-x86_64\bin\..\lib\clang-runtimes/arm-none-eabi/armv6m_soft_nofp_exn_rtti\lib\libc.a(libc_picolib_machine_arm_tls.c.o)
vfprintf                                          C:\Renesas\RA\e2studio_v2024-10_fsp_v5.6.0\toolchains\llvm_arm\LLVM-ET-Arm-18.1.3-Windows-x86_64\bin\..\lib\clang-runtimes/arm-none-eabi/armv6m_soft_nofp_exn_rtti\lib\libc.a(libc_tinystdio_vfprintf.c.o)
                                                  C:\Renesas\RA\e2studio_v2024-10_fsp_v5.6.0\toolchains\llvm_arm\LLVM-ET-Arm-18.1.3-Windows-x86_64\bin\..\lib\clang-runtimes/arm-none-eabi/armv6m_soft_nofp_exn_rtti\lib\libc.a(libc_tinystdio_sprintf.c.o)
__file_str_put                                    C:\Renesas\RA\e2studio_v2024-10_fsp_v5.6.0\toolchains\llvm_arm\LLVM-ET-Arm-18.1.3-Windows-x86_64\bin\..\lib\clang-runtimes/arm-none-eabi/armv6m_soft_nofp_exn_rtti\lib\libc.a(libc_tinystdio_filestrput.c.o)
                                                  C:\Renesas\RA\e2studio_v2024-10_fsp_v5.6.0\toolchains\llvm_arm\LLVM-ET-Arm-18.1.3-Windows-x86_64\bin\..\lib\clang-runtimes/arm-none-eabi/armv6m_soft_nofp_exn_rtti\lib\libc.a(libc_tinystdio_sprintf.c.o)
__dtox_engine                                     C:\Renesas\RA\e2studio_v2024-10_fsp_v5.6.0\toolchains\llvm_arm\LLVM-ET-Arm-18.1.3-Windows-x86_64\bin\..\lib\clang-runtimes/arm-none-eabi/armv6m_soft_nofp_exn_rtti\lib\libc.a(libc_tinystdio_dtox_engine.c.o)
                                                  C:\Renesas\RA\e2studio_v2024-10_fsp_v5.6.0\toolchains\llvm_arm\LLVM-ET-Arm-18.1.3-Windows-x86_64\bin\..\lib\clang-runtimes/arm-none-eabi/armv6m_soft_nofp_exn_rtti\lib\libc.a(libc_tinystdio_vfprintf.c.o)
__dtoa_engine                                     C:\Renesas\RA\e2studio_v2024-10_fsp_v5.6.0\toolchains\llvm_arm\LLVM-ET-Arm-18.1.3-Windows-x86_64\bin\..\lib\clang-runtimes/arm-none-eabi/armv6m_soft_nofp_exn_rtti\lib\libc.a(libc_tinystdio_dtoa_ryu.c.o)
                                                  C:\Renesas\RA\e2studio_v2024-10_fsp_v5.6.0\toolchains\llvm_arm\LLVM-ET-Arm-18.1.3-Windows-x86_64\bin\..\lib\clang-runtimes/arm-none-eabi/armv6m_soft_nofp_exn_rtti\lib\libc.a(libc_tinystdio_vfprintf.c.o)
strnlen                                           C:\Renesas\RA\e2studio_v2024-10_fsp_v5.6.0\toolchains\llvm_arm\LLVM-ET-Arm-18.1.3-Windows-x86_64\bin\..\lib\clang-runtimes/arm-none-eabi/armv6m_soft_nofp_exn_rtti\lib\libc.a(libc_string_strnlen.c.o)
                                                  C:\Renesas\RA\e2studio_v2024-10_fsp_v5.6.0\toolchains\llvm_arm\LLVM-ET-Arm-18.1.3-Windows-x86_64\bin\..\lib\clang-runtimes/arm-none-eabi/armv6m_soft_nofp_exn_rtti\lib\libc.a(libc_tinystdio_vfprintf.c.o)
__d_vfprintf                                      C:\Renesas\RA\e2studio_v2024-10_fsp_v5.6.0\toolchains\llvm_arm\LLVM-ET-Arm-18.1.3-Windows-x86_64\bin\..\lib\clang-runtimes/arm-none-eabi/armv6m_soft_nofp_exn_rtti\lib\libc.a(libc_tinystdio_vfprintf.c.o)
__log10Pow2                                       C:\Renesas\RA\e2studio_v2024-10_fsp_v5.6.0\toolchains\llvm_arm\LLVM-ET-Arm-18.1.3-Windows-x86_64\bin\..\lib\clang-runtimes/arm-none-eabi/armv6m_soft_nofp_exn_rtti\lib\libc.a(libc_tinystdio_ryu_log10.c.o)
                                                  C:\Renesas\RA\e2studio_v2024-10_fsp_v5.6.0\toolchains\llvm_arm\LLVM-ET-Arm-18.1.3-Windows-x86_64\bin\..\lib\clang-runtimes/arm-none-eabi/armv6m_soft_nofp_exn_rtti\lib\libc.a(libc_tinystdio_dtoa_ryu.c.o)
__pow5bits                                        C:\Renesas\RA\e2studio_v2024-10_fsp_v5.6.0\toolchains\llvm_arm\LLVM-ET-Arm-18.1.3-Windows-x86_64\bin\..\lib\clang-runtimes/arm-none-eabi/armv6m_soft_nofp_exn_rtti\lib\libc.a(libc_tinystdio_ryu_pow5bits.c.o)
                                                  C:\Renesas\RA\e2studio_v2024-10_fsp_v5.6.0\toolchains\llvm_arm\LLVM-ET-Arm-18.1.3-Windows-x86_64\bin\..\lib\clang-runtimes/arm-none-eabi/armv6m_soft_nofp_exn_rtti\lib\libc.a(libc_tinystdio_dtoa_ryu.c.o)
                                                  C:\Renesas\RA\e2studio_v2024-10_fsp_v5.6.0\toolchains\llvm_arm\LLVM-ET-Arm-18.1.3-Windows-x86_64\bin\..\lib\clang-runtimes/arm-none-eabi/armv6m_soft_nofp_exn_rtti\lib\libc.a(libc_tinystdio_ryu_table.c.o)
__double_computeInvPow5                           C:\Renesas\RA\e2studio_v2024-10_fsp_v5.6.0\toolchains\llvm_arm\LLVM-ET-Arm-18.1.3-Windows-x86_64\bin\..\lib\clang-runtimes/arm-none-eabi/armv6m_soft_nofp_exn_rtti\lib\libc.a(libc_tinystdio_ryu_table.c.o)
                                                  C:\Renesas\RA\e2studio_v2024-10_fsp_v5.6.0\toolchains\llvm_arm\LLVM-ET-Arm-18.1.3-Windows-x86_64\bin\..\lib\clang-runtimes/arm-none-eabi/armv6m_soft_nofp_exn_rtti\lib\libc.a(libc_tinystdio_dtoa_ryu.c.o)
__pow5Factor                                      C:\Renesas\RA\e2studio_v2024-10_fsp_v5.6.0\toolchains\llvm_arm\LLVM-ET-Arm-18.1.3-Windows-x86_64\bin\..\lib\clang-runtimes/arm-none-eabi/armv6m_soft_nofp_exn_rtti\lib\libc.a(libc_tinystdio_ryu_table.c.o)
                                                  C:\Renesas\RA\e2studio_v2024-10_fsp_v5.6.0\toolchains\llvm_arm\LLVM-ET-Arm-18.1.3-Windows-x86_64\bin\..\lib\clang-runtimes/arm-none-eabi/armv6m_soft_nofp_exn_rtti\lib\libc.a(libc_tinystdio_dtoa_ryu.c.o)
__log10Pow5                                       C:\Renesas\RA\e2studio_v2024-10_fsp_v5.6.0\toolchains\llvm_arm\LLVM-ET-Arm-18.1.3-Windows-x86_64\bin\..\lib\clang-runtimes/arm-none-eabi/armv6m_soft_nofp_exn_rtti\lib\libc.a(libc_tinystdio_ryu_log10.c.o)
                                                  C:\Renesas\RA\e2studio_v2024-10_fsp_v5.6.0\toolchains\llvm_arm\LLVM-ET-Arm-18.1.3-Windows-x86_64\bin\..\lib\clang-runtimes/arm-none-eabi/armv6m_soft_nofp_exn_rtti\lib\libc.a(libc_tinystdio_dtoa_ryu.c.o)
__double_computePow5                              C:\Renesas\RA\e2studio_v2024-10_fsp_v5.6.0\toolchains\llvm_arm\LLVM-ET-Arm-18.1.3-Windows-x86_64\bin\..\lib\clang-runtimes/arm-none-eabi/armv6m_soft_nofp_exn_rtti\lib\libc.a(libc_tinystdio_ryu_table.c.o)
                                                  C:\Renesas\RA\e2studio_v2024-10_fsp_v5.6.0\toolchains\llvm_arm\LLVM-ET-Arm-18.1.3-Windows-x86_64\bin\..\lib\clang-runtimes/arm-none-eabi/armv6m_soft_nofp_exn_rtti\lib\libc.a(libc_tinystdio_dtoa_ryu.c.o)
__umul128                                         C:\Renesas\RA\e2studio_v2024-10_fsp_v5.6.0\toolchains\llvm_arm\LLVM-ET-Arm-18.1.3-Windows-x86_64\bin\..\lib\clang-runtimes/arm-none-eabi/armv6m_soft_nofp_exn_rtti\lib\libc.a(libc_tinystdio_ryu_umul128.c.o)
                                                  C:\Renesas\RA\e2studio_v2024-10_fsp_v5.6.0\toolchains\llvm_arm\LLVM-ET-Arm-18.1.3-Windows-x86_64\bin\..\lib\clang-runtimes/arm-none-eabi/armv6m_soft_nofp_exn_rtti\lib\libc.a(libc_tinystdio_dtoa_ryu.c.o)
                                                  C:\Renesas\RA\e2studio_v2024-10_fsp_v5.6.0\toolchains\llvm_arm\LLVM-ET-Arm-18.1.3-Windows-x86_64\bin\..\lib\clang-runtimes/arm-none-eabi/armv6m_soft_nofp_exn_rtti\lib\libc.a(libc_tinystdio_ryu_table.c.o)
__shiftright128                                   C:\Renesas\RA\e2studio_v2024-10_fsp_v5.6.0\toolchains\llvm_arm\LLVM-ET-Arm-18.1.3-Windows-x86_64\bin\..\lib\clang-runtimes/arm-none-eabi/armv6m_soft_nofp_exn_rtti\lib\libc.a(libc_tinystdio_ryu_umul128.c.o)
                                                  C:\Renesas\RA\e2studio_v2024-10_fsp_v5.6.0\toolchains\llvm_arm\LLVM-ET-Arm-18.1.3-Windows-x86_64\bin\..\lib\clang-runtimes/arm-none-eabi/armv6m_soft_nofp_exn_rtti\lib\libc.a(libc_tinystdio_dtoa_ryu.c.o)
                                                  C:\Renesas\RA\e2studio_v2024-10_fsp_v5.6.0\toolchains\llvm_arm\LLVM-ET-Arm-18.1.3-Windows-x86_64\bin\..\lib\clang-runtimes/arm-none-eabi/armv6m_soft_nofp_exn_rtti\lib\libc.a(libc_tinystdio_ryu_table.c.o)
__aeabi_memset                                    C:\Renesas\RA\e2studio_v2024-10_fsp_v5.6.0\toolchains\llvm_arm\LLVM-ET-Arm-18.1.3-Windows-x86_64\bin\..\lib\clang-runtimes/arm-none-eabi/armv6m_soft_nofp_exn_rtti\lib\libc.a(aeabi_memset.c.o)
memset                                            C:\Renesas\RA\e2studio_v2024-10_fsp_v5.6.0\toolchains\llvm_arm\LLVM-ET-Arm-18.1.3-Windows-x86_64\bin\..\lib\clang-runtimes/arm-none-eabi/armv6m_soft_nofp_exn_rtti\lib\libc.a(memset.c.o)
                                                  C:\Renesas\RA\e2studio_v2024-10_fsp_v5.6.0\toolchains\llvm_arm\LLVM-ET-Arm-18.1.3-Windows-x86_64\bin\..\lib\clang-runtimes/arm-none-eabi/armv6m_soft_nofp_exn_rtti\lib\libc.a(aeabi_memset.c.o)
                                                  C:\Renesas\RA\e2studio_v2024-10_fsp_v5.6.0\toolchains\llvm_arm\LLVM-ET-Arm-18.1.3-Windows-x86_64\bin\..\lib\clang-runtimes/arm-none-eabi/armv6m_soft_nofp_exn_rtti\lib\libc.a(bzero.c.o)
__aeabi_memset8                                   C:\Renesas\RA\e2studio_v2024-10_fsp_v5.6.0\toolchains\llvm_arm\LLVM-ET-Arm-18.1.3-Windows-x86_64\bin\..\lib\clang-runtimes/arm-none-eabi/armv6m_soft_nofp_exn_rtti\lib\libc.a(aeabi_memset.c.o)
bzero                                             C:\Renesas\RA\e2studio_v2024-10_fsp_v5.6.0\toolchains\llvm_arm\LLVM-ET-Arm-18.1.3-Windows-x86_64\bin\..\lib\clang-runtimes/arm-none-eabi/armv6m_soft_nofp_exn_rtti\lib\libc.a(bzero.c.o)
memcpy                                            C:\Renesas\RA\e2studio_v2024-10_fsp_v5.6.0\toolchains\llvm_arm\LLVM-ET-Arm-18.1.3-Windows-x86_64\bin\..\lib\clang-runtimes/arm-none-eabi/armv6m_soft_nofp_exn_rtti\lib\libc.a(memcpy.c.o)
__aeabi_memcpy8                                   C:\Renesas\RA\e2studio_v2024-10_fsp_v5.6.0\toolchains\llvm_arm\LLVM-ET-Arm-18.1.3-Windows-x86_64\bin\..\lib\clang-runtimes/arm-none-eabi/armv6m_soft_nofp_exn_rtti\lib\libc.a(memcpy.c.o)
