     VMA      LMA     Size Align Out     In      Symbol
       0        0        0     1 RAM_START = 0x1FFE0000
       0        0        0     1 RAM_LENGTH = 0xA0000
       0        0        0     1 FLASH_START = 0x00000000
       0        0        0     1 FLASH_LENGTH = 0x200000
       0        0        0     1 DATA_FLASH_START = 0x40100000
       0        0        0     1 DATA_FLASH_LENGTH = 0x10000
       0        0        0     1 OPTION_SETTING_START = 0x00000000
       0        0        0     1 OPTION_SETTING_LENGTH = 0x0
       0        0        0     1 OPTION_SETTING_S_START = 0x80000000
       0        0        0     1 OPTION_SETTING_S_LENGTH = 0x0
       0        0        0     1 ID_CODE_START = 0x0100A150
       0        0        0     1 ID_CODE_LENGTH = 0x10
       0        0        0     1 SDRAM_START = 0x90000000
       0        0        0     1 SDRAM_LENGTH = 0x8000000
       0        0        0     1 QSPI_FLASH_START = 0x60000000
       0        0        0     1 QSPI_FLASH_LENGTH = 0x4000000
       0        0        0     1 OSPI_DEVICE_0_START = 0x80020000
       0        0        0     1 OSPI_DEVICE_0_LENGTH = 0x0
       0        0        0     1 OSPI_DEVICE_1_START = 0x80030000
       0        0        0     1 OSPI_DEVICE_1_LENGTH = 0x0
       0        0        0     1 QSPI_FLASH_PRV_LENGTH = DEFINED ( QSPI_FLASH_SIZE ) ? ABSOLUTE ( QSPI_FLASH_SIZE ) : ABSOLUTE ( QSPI_FLASH_LENGTH )
       0        0        0     1 OSPI_DEVICE_0_PRV_LENGTH = DEFINED ( OSPI_DEVICE_0_SIZE ) ? ABSOLUTE ( OSPI_DEVICE_0_SIZE ) : ABSOLUTE ( OSPI_DEVICE_0_LENGTH )
       0        0        0     1 OSPI_DEVICE_1_PRV_LENGTH = DEFINED ( OSPI_DEVICE_1_SIZE ) ? ABSOLUTE ( OSPI_DEVICE_1_SIZE ) : ABSOLUTE ( OSPI_DEVICE_1_LENGTH )
       0        0        0     1 __RESERVE_NS_RAM = ! DEFINED ( PROJECT_NONSECURE ) && DEFINED ( RAM_NS_BUFFER_LENGTH ) && ( OPTION_SETTING_S_LENGTH != 0 )
       0        0        0     1 __ITCM_START = DEFINED ( ITCM_START ) ? ITCM_START : 0
       0        0        0     1 __ITCM_LENGTH = DEFINED ( ITCM_LENGTH ) ? ITCM_LENGTH : 0
       0        0        0     1 __DTCM_START = DEFINED ( DTCM_START ) ? DTCM_START : 0
       0        0        0     1 __DTCM_LENGTH = DEFINED ( DTCM_LENGTH ) ? DTCM_LENGTH : 0
       0        0        0     1 RAM_NS_BUFFER_BLOCK_LENGTH = DEFINED ( RAM_NS_BUFFER_LENGTH ) ? ALIGN ( RAM_NS_BUFFER_LENGTH , 8192 ) : 0
       0        0        0     1 __RAM_NS_BUFFER_LENGTH = DEFINED ( RAM_NS_BUFFER_LENGTH ) ? RAM_NS_BUFFER_LENGTH : 0
       0        0        0     1 RAM_NS_BUFFER_START = RAM_START + RAM_LENGTH - __RAM_NS_BUFFER_LENGTH
       0        0        0     1 RAM_NS_BUFFER_BLOCK_START = RAM_START + RAM_LENGTH - RAM_NS_BUFFER_BLOCK_LENGTH
       0        0        0     1 OPTION_SETTING_START_NS = DEFINED ( PROJECT_NONSECURE ) ? OPTION_SETTING_START : OPTION_SETTING_START + 0x80
       0        0        0     1 __bl_FSP_BOOTABLE_IMAGE = 1
       0        0        0     1 __bln_FSP_BOOTABLE_IMAGE = 1
       0        0        0     1 PROJECT_SECURE_OR_FLAT = ( ! DEFINED ( PROJECT_NONSECURE ) || DEFINED ( PROJECT_SECURE ) ) && OPTION_SETTING_LENGTH && ! DEFINED ( FSP_BOOTABLE_IMAGE )
       0        0        0     1 USE_OPTION_SETTING_NS = DEFINED ( PROJECT_NONSECURE ) && ! DEFINED ( FSP_BOOTABLE_IMAGE )
       0        0        0     1 __bl_FLASH_IMAGE_START = ! DEFINED ( FLASH_BOOTLOADER_LENGTH ) ? 0 : FLASH_APPLICATION_IMAGE_NUMBER == 1 ? FLASH_START + FLASH_BOOTLOADER_LENGTH + FLASH_BOOTLOADER_HEADER_LENGTH : ( DEFINED ( BOOTLOADER_SECONDARY_USE_QSPI ) || DEFINED ( BOOTLOADER_SECONDARY_USE_OSPI_B ) ) ? FLASH_START + FLASH_BOOTLOADER_LENGTH + FLASH_BOOTLOADER_SCRATCH_LENGTH + FLASH_BOOTLOADER_HEADER_LENGTH : FLASH_START + FLASH_BOOTLOADER_LENGTH + FLASH_BOOTLOADER_SCRATCH_LENGTH + FLASH_APPLICATION_S_LENGTH + FLASH_BOOTLOADER_HEADER_LENGTH
       0        0        0     1 __bl_FLASH_IMAGE_START = ! DEFINED ( BOOT_IMAGE_FROM_MMF_REGION ) ? __bl_FLASH_IMAGE_START : BOOT_IMAGE_FROM_MMF_REGION != 1 ? __bl_FLASH_IMAGE_START : MMF_REGION_START_ADDR
       0        0        0     1 __bl_FLASH_IMAGE_LENGTH = ! DEFINED ( FLASH_BOOTLOADER_LENGTH ) ? 0 : FLASH_APPLICATION_S_LENGTH - FLASH_BOOTLOADER_HEADER_LENGTH
       0        0        0     1 __bl_FLASH_IMAGE_END = __bl_FLASH_IMAGE_START + __bl_FLASH_IMAGE_LENGTH
       0        0        0     1 __bl_XIP_SECONDARY_FLASH_IMAGE_START = ! DEFINED ( FLASH_BOOTLOADER_LENGTH ) ? 0 : FLASH_START + FLASH_BOOTLOADER_LENGTH + FLASH_APPLICATION_S_LENGTH + FLASH_BOOTLOADER_HEADER_LENGTH
       0        0        0     1 __bl_XIP_SECONDARY_FLASH_IMAGE_END = __bl_XIP_SECONDARY_FLASH_IMAGE_START + __bl_FLASH_IMAGE_LENGTH
       0        0        0     1 __bl_FLASH_IMAGE_START_FROM_MMF_REGION = DEFINED ( BOOT_IMAGE_FROM_MMF_REGION ) ? BOOT_IMAGE_FROM_MMF_REGION : 0
       0        0        0     1 __bl_MEMORY_MIRROR_REGION_START = DEFINED ( MMF_REGION_START_ADDR ) ? MMF_REGION_START_ADDR : 0
       0        0        0     1 __bl_FLASH_NS_START = ! DEFINED ( FLASH_BOOTLOADER_LENGTH ) ? 0 : FLASH_APPLICATION_NS_LENGTH == 0 ? __bl_FLASH_IMAGE_END : __bl_FLASH_IMAGE_START - FLASH_BOOTLOADER_HEADER_LENGTH + FLASH_APPLICATION_S_LENGTH
       0        0        0     1 __bl_FLASH_NSC_START = ! DEFINED ( FLASH_BOOTLOADER_LENGTH ) ? 0 : FLASH_APPLICATION_NS_LENGTH == 0 ? __bl_FLASH_IMAGE_END : __bl_FLASH_IMAGE_END - FLASH_APPLICATION_NSC_LENGTH
       0        0        0     1 __bl_RAM_NS_START = ! DEFINED ( FLASH_BOOTLOADER_LENGTH ) ? 0 : FLASH_APPLICATION_NS_LENGTH == 0 ? RAM_START + RAM_LENGTH : RAM_START + RAM_LENGTH - RAM_APPLICATION_NS_LENGTH
       0        0        0     1 __bl_RAM_NSC_START = ! DEFINED ( FLASH_BOOTLOADER_LENGTH ) ? 0 : FLASH_APPLICATION_NS_LENGTH == 0 ? RAM_START + RAM_LENGTH : __bl_RAM_NS_START - RAM_APPLICATION_NSC_LENGTH
       0        0        0     1 __bl_FLASH_NS_IMAGE_START = ! DEFINED ( FLASH_BOOTLOADER_LENGTH ) ? 0 : FLASH_APPLICATION_NS_LENGTH == 0 ? __bl_FLASH_IMAGE_END : __bl_FLASH_NS_START + FLASH_BOOTLOADER_HEADER_LENGTH_2
       0        0        0     1 __bln_FLASH_IMAGE_START = __bl_FLASH_NS_IMAGE_START | ( ! DEFINED ( NS_OFFSET_START ) ? 0 : NS_OFFSET_START )
       0        0        0     1 __bln_FLASH_IMAGE_LENGTH = ! DEFINED ( FLASH_BOOTLOADER_LENGTH ) ? 0 : FLASH_APPLICATION_NS_LENGTH == 0 ? __bl_FLASH_IMAGE_END : FLASH_APPLICATION_NS_LENGTH - FLASH_BOOTLOADER_HEADER_LENGTH_2
       0        0        0     1 __XIP_SECONDARY_SLOT_IMAGE = DEFINED ( XIP_SECONDARY_SLOT_IMAGE ) ? XIP_SECONDARY_SLOT_IMAGE : 0
       0        0        0     1 __FLASH_IMAGE_START_FROM_MMF_REGION = ! DEFINED ( FLASH_IMAGE_START_FROM_MMF_REGION ) ? 0 : FLASH_IMAGE_START_FROM_MMF_REGION
       0        0        0     1 __MEMORY_MIRROR_REGION_START = ! DEFINED ( MEMORY_MIRROR_REGION_START ) ? 0 : MEMORY_MIRROR_REGION_START
       0        0        0     1 FLASH_ORIGIN = ! DEFINED ( FLASH_IMAGE_START ) ? FLASH_START : __XIP_SECONDARY_SLOT_IMAGE == 1 ? XIP_SECONDARY_FLASH_IMAGE_START : __FLASH_IMAGE_START_FROM_MMF_REGION == 1 ? __MEMORY_MIRROR_REGION_START : FLASH_IMAGE_START
       0        0        0     1 LIMITED_FLASH_LENGTH = DEFINED ( FLASH_IMAGE_LENGTH ) ? FLASH_IMAGE_LENGTH : DEFINED ( FLASH_BOOTLOADER_LENGTH ) ? FLASH_BOOTLOADER_LENGTH : FLASH_LENGTH
       0        0        0     1 OPTION_SETTING_SAS_SIZE = 0x34
       0        0        0     1 OPTION_SETTING_SAS_LENGTH = ! DEFINED ( OPTION_SETTING_LENGTH ) ? 0 : OPTION_SETTING_LENGTH == 0 ? 0 : OPTION_SETTING_LENGTH - OPTION_SETTING_SAS_SIZE
       0        0     3970     8 .text
       0        0        0     1         __tz_FLASH_S = ABSOLUTE ( FLASH_START )
       0        0        0     1         __ROM_Start = .
       0        0       40     4         ./ra/fsp/src/bsp/cmsis/Device/RENESAS/Source/startup.o:(.fixed_vectors)
       0        0       40     1                 __Vectors
      40       40      180     4         ./ra_gen/vector_data.o:(.application_vectors)
      40       40      180     1                 g_vector_table
     1c0      1c0        0     1         __Vectors_End = .
     1c0      1c0      240     1         . = OPTION_SETTING_LENGTH > 0 ? . : __ROM_Start + 0x400
     400      400       3c     4         ./ra/fsp/src/bsp/mcu/all/bsp_rom_registers.o:(.rom_registers)
     400      400       3c     1                 g_bsp_rom_registers
     43c      43c      2c4     4         ./src/hal_entry.o:(.text.hal_entry)
     43c      43c        0     1                 $t.0
     43d      43d      2c4     1                 hal_entry
     700      700       1a     4         ./src/hal_entry.o:(.text.R_BSP_WarmStart)
     700      700        0     1                 $t.1
     701      701       1a     1                 R_BSP_WarmStart
     71c      71c        c     4         ./ra_gen/main.o:(.text.main)
     71c      71c        0     1                 $t.0
     71d      71d        c     1                 main
     728      728      334     4         ./ra/fsp/src/r_sci_uart/r_sci_uart.o:(.text.R_SCI_UART_Open)
     728      728        0     1                 $t.0
     729      729      334     1                 R_SCI_UART_Open
     a5c      a5c       50     4         ./ra/fsp/src/r_sci_uart/r_sci_uart.o:(.text.R_SCI_UART_Write)
     a5c      a5c        0     1                 $t.2
     a5d      a5d       50     1                 R_SCI_UART_Write
     aac      aac       ca     4         ./ra/fsp/src/r_sci_uart/r_sci_uart.o:(.text.sci_uart_txi_isr)
     aac      aac        0     1                 $t.10
     aad      aad       ca     1                 sci_uart_txi_isr
     b78      b78       d6     4         ./ra/fsp/src/r_sci_uart/r_sci_uart.o:(.text.sci_uart_rxi_isr)
     b78      b78        0     1                 $t.11
     b79      b79       d6     1                 sci_uart_rxi_isr
     c50      c50       84     4         ./ra/fsp/src/r_sci_uart/r_sci_uart.o:(.text.sci_uart_tei_isr)
     c50      c50        0     1                 $t.12
     c51      c51       84     1                 sci_uart_tei_isr
     cd4      cd4       b0     4         ./ra/fsp/src/r_sci_uart/r_sci_uart.o:(.text.sci_uart_eri_isr)
     cd4      cd4        0     1                 $t.13
     cd5      cd5       b0     1                 sci_uart_eri_isr
     d84      d84       18     4         ./ra/fsp/src/r_ioport/r_ioport.o:(.text.R_IOPORT_Open)
     d84      d84        0     1                 $t.0
     d85      d85       18     1                 R_IOPORT_Open
     d9c      d9c       22     4         ./ra/fsp/src/r_ioport/r_ioport.o:(.text.R_IOPORT_PinRead)
     d9c      d9c        0     1                 $t.6
     d9d      d9d       22     1                 R_IOPORT_PinRead
     dc0      dc0       cc     4         ./ra/fsp/src/r_ioport/r_ioport.o:(.text.r_ioport_pins_config)
     dc0      dc0        0     1                 $t.13
     dc1      dc1       cc     1                 r_ioport_pins_config
     e8c      e8c       de     4         ./ra/fsp/src/r_ioport/r_ioport.o:(.text.bsp_vbatt_init)
     e8c      e8c        0     1                 $t.14
     e8d      e8d       de     1                 bsp_vbatt_init
     f6c      f6c       2c     4         ./ra/fsp/src/bsp/mcu/all/bsp_clocks.o:(.text.SystemCoreClockUpdate)
     f6c      f6c        0     1                 $t.2
     f6d      f6d       2c     1                 SystemCoreClockUpdate
     f98      f98      14a     4         ./ra/fsp/src/bsp/mcu/all/bsp_clocks.o:(.text.bsp_clock_init)
     f98      f98        0     1                 $t.7
     f99      f99      14a     1                 bsp_clock_init
    10e4     10e4        2     4         ./ra/fsp/src/bsp/mcu/all/bsp_clocks.o:(.text.R_BSP_SubClockStabilizeWaitAfterReset)
    10e4     10e4        0     1                 $t.9
    10e5     10e5        2     1                 R_BSP_SubClockStabilizeWaitAfterReset
    10e8     10e8       7e     4         ./ra/fsp/src/bsp/mcu/all/bsp_clocks.o:(.text.R_BSP_Init_RTC)
    10e8     10e8        0     1                 $t.12
    10e9     10e9       7e     1                 R_BSP_Init_RTC
    1168     1168       54     4         ./ra/fsp/src/bsp/mcu/all/bsp_delay.o:(.text.R_BSP_SoftwareDelay)
    1168     1168        0     1                 $t.0
    1169     1169       54     1                 R_BSP_SoftwareDelay
    11bc     11bc        8     4         ./ra/fsp/src/bsp/mcu/all/bsp_delay.o:(.text.bsp_prv_software_delay_loop)
    11bc     11bc        0     1                 sw_delay_loop
    11bc     11bc        0     1                 $t.1
    11bd     11bd        8     1                 bsp_prv_software_delay_loop
    11c4     11c4       52     4         ./ra/fsp/src/bsp/mcu/all/bsp_group_irq.o:(.text.NMI_Handler)
    11c4     11c4        0     1                 $t.1
    11c5     11c5       52     1                 NMI_Handler
    1218     1218       2a     4         ./ra/fsp/src/bsp/mcu/all/bsp_irq.o:(.text.bsp_irq_cfg)
    1218     1218        0     1                 $t.0
    1219     1219       2a     1                 bsp_irq_cfg
    1244     1244       58     4         ./ra/fsp/src/bsp/mcu/all/bsp_register_protection.o:(.text.R_BSP_RegisterProtectEnable)
    1244     1244        0     1                 $t.0
    1245     1245       58     1                 R_BSP_RegisterProtectEnable
    129c     129c       50     4         ./ra/fsp/src/bsp/mcu/all/bsp_register_protection.o:(.text.R_BSP_RegisterProtectDisable)
    129c     129c        0     1                 $t.1
    129d     129d       50     1                 R_BSP_RegisterProtectDisable
    12ec     12ec        e     4         ./ra/fsp/src/bsp/cmsis/Device/RENESAS/Source/startup.o:(.text.Reset_Handler)
    12ec     12ec        0     1                 $t.0
    12ed     12ed        e     1                 Reset_Handler
    12fc     12fc        4     4         ./ra/fsp/src/bsp/cmsis/Device/RENESAS/Source/startup.o:(.text.Default_Handler)
    12fc     12fc        0     1                 $t.1
    12fd     12fd        4     1                 Default_Handler
    12fd     12fd        4     1                 HardFault_Handler
    12fd     12fd        4     1                 MemManage_Handler
    12fd     12fd        4     1                 BusFault_Handler
    12fd     12fd        4     1                 UsageFault_Handler
    12fd     12fd        4     1                 SecureFault_Handler
    12fd     12fd        4     1                 SVC_Handler
    12fd     12fd        4     1                 DebugMon_Handler
    12fd     12fd        4     1                 PendSV_Handler
    1300     1300       f2     4         ./ra/fsp/src/bsp/cmsis/Device/RENESAS/Source/system.o:(.text.SystemInit)
    1300     1300        0     1                 $t.0
    1301     1301       f2     1                 SystemInit
    13f4     13f4        2     4         ./ra/board/ra6m3_ek/board_init.o:(.text.bsp_init)
    13f4     13f4        0     1                 $t.0
    13f5     13f5        2     1                 bsp_init
    13f8     13f8       58     4         ./Modules/Serial_ASCII/ASCII_numbers.o:(.text.ConvertASCII2UINT16)
    13f8     13f8        0     1                 $t.0
    13f9     13f9       58     1                 ConvertASCII2UINT16
    1450     1450       ea     4         ./Modules/Serial_ASCII/Serial.o:(.text.SendString)
    1450     1450        0     1                 $t.0
    1451     1451       ea     1                 SendString
    153c     153c       1e     4         ./Modules/Serial_ASCII/Serial.o:(.text.RxBufferEmpty)
    153c     153c        0     1                 $t.2
    153d     153d       1e     1                 RxBufferEmpty
    155c     155c       ce     4         ./Modules/Serial_ASCII/Serial.o:(.text.UartA_CB)
    155c     155c        0     1                 $t.3
    155d     155d       ce     1                 UartA_CB
    156e     156e        0     1                 $d.4
    15ae     15ae        0     1                 $t.5
    162c     162c       9c     4         ./Modules/Serial_ASCII/Serial_user.o:(.text.ProcessReceiveBuffer)
    162c     162c        0     1                 $t.0
    162d     162d       9c     1                 ProcessReceiveBuffer
    16c8     16c8       3a     4         ./Modules/Serial_ASCII/Serial_user.o:(.text.ProcessPacket)
    16c8     16c8        0     1                 $t.1
    16c9     16c9       3a     1                 ProcessPacket
    1704     1704       ae     4         ./Modules/Scheduler/Scheduler.o:(.text.SysTick_Handler)
    1704     1704        0     1                 $t.0
    1705     1705       ae     1                 SysTick_Handler
    17b4     17b4       2c     4         C:\Renesas\RA\e2studio_v2024-10_fsp_v5.6.0\toolchains\llvm_arm\LLVM-ET-Arm-18.1.3-Windows-x86_64\bin\..\lib\clang-runtimes/arm-none-eabi/armv7em_hard_fpv4_sp_d16_exn_rtti\lib\libc.a(libc_picolib_inittls.c.o):(.text._init_tls)
    17b4     17b4        0     1                 $t.0
    17b5     17b5       2c     1                 _init_tls
    17d0     17d0        0     1                 $d.1
    17e0     17e0       14     4         C:\Renesas\RA\e2studio_v2024-10_fsp_v5.6.0\toolchains\llvm_arm\LLVM-ET-Arm-18.1.3-Windows-x86_64\bin\..\lib\clang-runtimes/arm-none-eabi/armv7em_hard_fpv4_sp_d16_exn_rtti\lib\libc.a(libc_picolib_machine_arm_tls.c.o):(.text._set_tls)
    17e0     17e0        0     1                 $t.0
    17e1     17e1       14     1                 _set_tls
    17ec     17ec        0     1                 $d.1
    17f4     17f4       50     4         C:\Renesas\RA\e2studio_v2024-10_fsp_v5.6.0\toolchains\llvm_arm\LLVM-ET-Arm-18.1.3-Windows-x86_64\bin\..\lib\clang-runtimes/arm-none-eabi/armv7em_hard_fpv4_sp_d16_exn_rtti\lib\libc.a(libc_tinystdio_sprintf.c.o):(.text.sprintf)
    17f4     17f4        0     1                 $t.0
    17f5     17f5       50     1                 sprintf
    1840     1840        0     1                 $d.1
    1844     1844       10     2         C:\Renesas\RA\e2studio_v2024-10_fsp_v5.6.0\toolchains\llvm_arm\LLVM-ET-Arm-18.1.3-Windows-x86_64\bin\..\lib\clang-runtimes/arm-none-eabi/armv7em_hard_fpv4_sp_d16_exn_rtti\lib\libc.a(libc_tinystdio_filestrput.c.o):(.text.__file_str_put)
    1844     1844        0     1                 $t.0
    1845     1845       10     1                 __file_str_put
    1854     1854      9ec     4         C:\Renesas\RA\e2studio_v2024-10_fsp_v5.6.0\toolchains\llvm_arm\LLVM-ET-Arm-18.1.3-Windows-x86_64\bin\..\lib\clang-runtimes/arm-none-eabi/armv7em_hard_fpv4_sp_d16_exn_rtti\lib\libc.a(libc_tinystdio_vfprintf.c.o):(.text.vfprintf)
    1854     1854        0     1                 $t.0
    1855     1855      9ec     1                 vfprintf
    1855     1855      9ec     1                 __d_vfprintf
    18d6     18d6        0     1                 $d.1
    18e0     18e0        0     1                 $t.2
    1af8     1af8        0     1                 $d.3
    1b06     1b06        0     1                 $t.4
    2234     2234        0     1                 $d.5
    2240     2240      164     4         C:\Renesas\RA\e2studio_v2024-10_fsp_v5.6.0\toolchains\llvm_arm\LLVM-ET-Arm-18.1.3-Windows-x86_64\bin\..\lib\clang-runtimes/arm-none-eabi/armv7em_hard_fpv4_sp_d16_exn_rtti\lib\libc.a(libc_tinystdio_vfprintf.c.o):(.text.skip_to_arg)
    2240     2240        0     1                 $t.6
    2241     2241      164     1                 skip_to_arg
    23a0     23a0        0     1                 $d.7
    23a4     23a4       4c     2         C:\Renesas\RA\e2studio_v2024-10_fsp_v5.6.0\toolchains\llvm_arm\LLVM-ET-Arm-18.1.3-Windows-x86_64\bin\..\lib\clang-runtimes/arm-none-eabi/armv7em_hard_fpv4_sp_d16_exn_rtti\lib\libc.a(libc_tinystdio_vfprintf.c.o):(.text.__ultoa_invert)
    23a4     23a4        0     1                 $t.8
    23a5     23a5       4c     1                 __ultoa_invert
    23f0     23f0        6     2         C:\Renesas\RA\e2studio_v2024-10_fsp_v5.6.0\toolchains\llvm_arm\LLVM-ET-Arm-18.1.3-Windows-x86_64\bin\..\lib\clang-runtimes/arm-none-eabi/armv7em_hard_fpv4_sp_d16_exn_rtti\lib\libc.a(libc_tinystdio_vfprintf.c.o):(.text.OUTLINED_FUNCTION_0)
    23f0     23f0        0     1                 $t.9
    23f1     23f1        6     1                 OUTLINED_FUNCTION_0
    23f6     23f6       12     2         C:\Renesas\RA\e2studio_v2024-10_fsp_v5.6.0\toolchains\llvm_arm\LLVM-ET-Arm-18.1.3-Windows-x86_64\bin\..\lib\clang-runtimes/arm-none-eabi/armv7em_hard_fpv4_sp_d16_exn_rtti\lib\libc.a(libc_tinystdio_vfprintf.c.o):(.text.OUTLINED_FUNCTION_1)
    23f6     23f6        0     1                 $t.10
    23f7     23f7       12     1                 OUTLINED_FUNCTION_1
    2408     2408        8     2         C:\Renesas\RA\e2studio_v2024-10_fsp_v5.6.0\toolchains\llvm_arm\LLVM-ET-Arm-18.1.3-Windows-x86_64\bin\..\lib\clang-runtimes/arm-none-eabi/armv7em_hard_fpv4_sp_d16_exn_rtti\lib\libc.a(libc_tinystdio_vfprintf.c.o):(.text.OUTLINED_FUNCTION_2)
    2408     2408        0     1                 $t.11
    2409     2409        8     1                 OUTLINED_FUNCTION_2
    2410     2410        8     2         C:\Renesas\RA\e2studio_v2024-10_fsp_v5.6.0\toolchains\llvm_arm\LLVM-ET-Arm-18.1.3-Windows-x86_64\bin\..\lib\clang-runtimes/arm-none-eabi/armv7em_hard_fpv4_sp_d16_exn_rtti\lib\libc.a(libc_tinystdio_vfprintf.c.o):(.text.OUTLINED_FUNCTION_3)
    2410     2410        0     1                 $t.12
    2411     2411        8     1                 OUTLINED_FUNCTION_3
    2418     2418        8     2         C:\Renesas\RA\e2studio_v2024-10_fsp_v5.6.0\toolchains\llvm_arm\LLVM-ET-Arm-18.1.3-Windows-x86_64\bin\..\lib\clang-runtimes/arm-none-eabi/armv7em_hard_fpv4_sp_d16_exn_rtti\lib\libc.a(libc_tinystdio_vfprintf.c.o):(.text.OUTLINED_FUNCTION_4)
    2418     2418        0     1                 $t.13
    2419     2419        8     1                 OUTLINED_FUNCTION_4
    2420     2420        8     2         C:\Renesas\RA\e2studio_v2024-10_fsp_v5.6.0\toolchains\llvm_arm\LLVM-ET-Arm-18.1.3-Windows-x86_64\bin\..\lib\clang-runtimes/arm-none-eabi/armv7em_hard_fpv4_sp_d16_exn_rtti\lib\libc.a(libc_tinystdio_vfprintf.c.o):(.text.OUTLINED_FUNCTION_5)
    2420     2420        0     1                 $t.14
    2421     2421        8     1                 OUTLINED_FUNCTION_5
    2428     2428      134     4         C:\Renesas\RA\e2studio_v2024-10_fsp_v5.6.0\toolchains\llvm_arm\LLVM-ET-Arm-18.1.3-Windows-x86_64\bin\..\lib\clang-runtimes/arm-none-eabi/armv7em_hard_fpv4_sp_d16_exn_rtti\lib\libc.a(libc_tinystdio_dtox_engine.c.o):(.text.__dtox_engine)
    2428     2428        0     1                 $t.0
    2429     2429      134     1                 __dtox_engine
    2558     2558        0     1                 $d.1
    255c     255c       1a     2         C:\Renesas\RA\e2studio_v2024-10_fsp_v5.6.0\toolchains\llvm_arm\LLVM-ET-Arm-18.1.3-Windows-x86_64\bin\..\lib\clang-runtimes/arm-none-eabi/armv7em_hard_fpv4_sp_d16_exn_rtti\lib\libc.a(libc_string_strnlen.c.o):(.text.strnlen)
    255c     255c        0     1                 $t.0
    255d     255d       1a     1                 strnlen
    2576     2576      448     2         C:\Renesas\RA\e2studio_v2024-10_fsp_v5.6.0\toolchains\llvm_arm\LLVM-ET-Arm-18.1.3-Windows-x86_64\bin\..\lib\clang-runtimes/arm-none-eabi/armv7em_hard_fpv4_sp_d16_exn_rtti\lib\libc.a(libc_tinystdio_dtoa_ryu.c.o):(.text.__dtoa_engine)
    2576     2576        0     1                 $t.0
    2577     2577      448     1                 __dtoa_engine
    29be     29be       12     2         C:\Renesas\RA\e2studio_v2024-10_fsp_v5.6.0\toolchains\llvm_arm\LLVM-ET-Arm-18.1.3-Windows-x86_64\bin\..\lib\clang-runtimes/arm-none-eabi/armv7em_hard_fpv4_sp_d16_exn_rtti\lib\libc.a(libc_tinystdio_dtoa_ryu.c.o):(.text.div10)
    29be     29be        0     1                 $t.1
    29bf     29bf       12     1                 div10
    29d0     29d0       20     4         C:\Renesas\RA\e2studio_v2024-10_fsp_v5.6.0\toolchains\llvm_arm\LLVM-ET-Arm-18.1.3-Windows-x86_64\bin\..\lib\clang-runtimes/arm-none-eabi/armv7em_hard_fpv4_sp_d16_exn_rtti\lib\libc.a(libc_tinystdio_dtoa_ryu.c.o):(.text.umulh)
    29d0     29d0        0     1                 $t.2
    29d1     29d1       20     1                 umulh
    29ec     29ec        0     1                 $d.3
    29f0     29f0      1da     2         C:\Renesas\RA\e2studio_v2024-10_fsp_v5.6.0\toolchains\llvm_arm\LLVM-ET-Arm-18.1.3-Windows-x86_64\bin\..\lib\clang-runtimes/arm-none-eabi/armv7em_hard_fpv4_sp_d16_exn_rtti\lib\libc.a(libc_tinystdio_dtoa_ryu.c.o):(.text.mulShiftAll64)
    29f0     29f0        0     1                 $t.4
    29f1     29f1      1da     1                 mulShiftAll64
    2bca     2bca       30     2         C:\Renesas\RA\e2studio_v2024-10_fsp_v5.6.0\toolchains\llvm_arm\LLVM-ET-Arm-18.1.3-Windows-x86_64\bin\..\lib\clang-runtimes/arm-none-eabi/armv7em_hard_fpv4_sp_d16_exn_rtti\lib\libc.a(libc_tinystdio_dtoa_ryu.c.o):(.text.decimalLength17)
    2bca     2bca        0     1                 $t.5
    2bcb     2bcb       30     1                 decimalLength17
    2bfa     2bfa       16     2         C:\Renesas\RA\e2studio_v2024-10_fsp_v5.6.0\toolchains\llvm_arm\LLVM-ET-Arm-18.1.3-Windows-x86_64\bin\..\lib\clang-runtimes/arm-none-eabi/armv7em_hard_fpv4_sp_d16_exn_rtti\lib\libc.a(libc_tinystdio_dtoa_ryu.c.o):(.text.OUTLINED_FUNCTION_0)
    2bfa     2bfa        0     1                 $t.6
    2bfb     2bfb       16     1                 OUTLINED_FUNCTION_0
    2c10     2c10        c     4         C:\Renesas\RA\e2studio_v2024-10_fsp_v5.6.0\toolchains\llvm_arm\LLVM-ET-Arm-18.1.3-Windows-x86_64\bin\..\lib\clang-runtimes/arm-none-eabi/armv7em_hard_fpv4_sp_d16_exn_rtti\lib\libc.a(libc_tinystdio_ryu_log10.c.o):(.text.__log10Pow2)
    2c10     2c10        0     1                 $t.0
    2c11     2c11        c     1                 __log10Pow2
    2c18     2c18        0     1                 $d.1
    2c1c     2c1c        c     4         C:\Renesas\RA\e2studio_v2024-10_fsp_v5.6.0\toolchains\llvm_arm\LLVM-ET-Arm-18.1.3-Windows-x86_64\bin\..\lib\clang-runtimes/arm-none-eabi/armv7em_hard_fpv4_sp_d16_exn_rtti\lib\libc.a(libc_tinystdio_ryu_log10.c.o):(.text.__log10Pow5)
    2c1c     2c1c        0     1                 $t.2
    2c1d     2c1d        c     1                 __log10Pow5
    2c24     2c24        0     1                 $d.3
    2c28     2c28       10     4         C:\Renesas\RA\e2studio_v2024-10_fsp_v5.6.0\toolchains\llvm_arm\LLVM-ET-Arm-18.1.3-Windows-x86_64\bin\..\lib\clang-runtimes/arm-none-eabi/armv7em_hard_fpv4_sp_d16_exn_rtti\lib\libc.a(libc_tinystdio_ryu_pow5bits.c.o):(.text.__pow5bits)
    2c28     2c28        0     1                 $t.0
    2c29     2c29       10     1                 __pow5bits
    2c34     2c34        0     1                 $d.1
    2c38     2c38       3c     4         C:\Renesas\RA\e2studio_v2024-10_fsp_v5.6.0\toolchains\llvm_arm\LLVM-ET-Arm-18.1.3-Windows-x86_64\bin\..\lib\clang-runtimes/arm-none-eabi/armv7em_hard_fpv4_sp_d16_exn_rtti\lib\libc.a(libc_tinystdio_ryu_table.c.o):(.text.__pow5Factor)
    2c38     2c38        0     1                 $t.0
    2c39     2c39       3c     1                 __pow5Factor
    2c6c     2c6c        0     1                 $d.1
    2c74     2c74       dc     4         C:\Renesas\RA\e2studio_v2024-10_fsp_v5.6.0\toolchains\llvm_arm\LLVM-ET-Arm-18.1.3-Windows-x86_64\bin\..\lib\clang-runtimes/arm-none-eabi/armv7em_hard_fpv4_sp_d16_exn_rtti\lib\libc.a(libc_tinystdio_ryu_table.c.o):(.text.__double_computePow5)
    2c74     2c74        0     1                 $t.2
    2c75     2c75       dc     1                 __double_computePow5
    2d44     2d44        0     1                 $d.3
    2d50     2d50       e8     4         C:\Renesas\RA\e2studio_v2024-10_fsp_v5.6.0\toolchains\llvm_arm\LLVM-ET-Arm-18.1.3-Windows-x86_64\bin\..\lib\clang-runtimes/arm-none-eabi/armv7em_hard_fpv4_sp_d16_exn_rtti\lib\libc.a(libc_tinystdio_ryu_table.c.o):(.text.__double_computeInvPow5)
    2d50     2d50        0     1                 $t.4
    2d51     2d51       e8     1                 __double_computeInvPow5
    2e2c     2e2c        0     1                 $d.5
    2e38     2e38       14     2         C:\Renesas\RA\e2studio_v2024-10_fsp_v5.6.0\toolchains\llvm_arm\LLVM-ET-Arm-18.1.3-Windows-x86_64\bin\..\lib\clang-runtimes/arm-none-eabi/armv7em_hard_fpv4_sp_d16_exn_rtti\lib\libc.a(libc_tinystdio_ryu_table.c.o):(.text.OUTLINED_FUNCTION_0)
    2e38     2e38        0     1                 $t.6
    2e39     2e39       14     1                 OUTLINED_FUNCTION_0
    2e4c     2e4c       10     2         C:\Renesas\RA\e2studio_v2024-10_fsp_v5.6.0\toolchains\llvm_arm\LLVM-ET-Arm-18.1.3-Windows-x86_64\bin\..\lib\clang-runtimes/arm-none-eabi/armv7em_hard_fpv4_sp_d16_exn_rtti\lib\libc.a(libc_tinystdio_ryu_table.c.o):(.text.OUTLINED_FUNCTION_1)
    2e4c     2e4c        0     1                 $t.7
    2e4d     2e4d       10     1                 OUTLINED_FUNCTION_1
    2e5c     2e5c       10     2         C:\Renesas\RA\e2studio_v2024-10_fsp_v5.6.0\toolchains\llvm_arm\LLVM-ET-Arm-18.1.3-Windows-x86_64\bin\..\lib\clang-runtimes/arm-none-eabi/armv7em_hard_fpv4_sp_d16_exn_rtti\lib\libc.a(libc_tinystdio_ryu_table.c.o):(.text.OUTLINED_FUNCTION_2)
    2e5c     2e5c        0     1                 $t.8
    2e5d     2e5d       10     1                 OUTLINED_FUNCTION_2
    2e6c     2e6c       42     2         C:\Renesas\RA\e2studio_v2024-10_fsp_v5.6.0\toolchains\llvm_arm\LLVM-ET-Arm-18.1.3-Windows-x86_64\bin\..\lib\clang-runtimes/arm-none-eabi/armv7em_hard_fpv4_sp_d16_exn_rtti\lib\libc.a(libc_tinystdio_ryu_umul128.c.o):(.text.__umul128)
    2e6c     2e6c        0     1                 $t.0
    2e6d     2e6d       42     1                 __umul128
    2eae     2eae       36     2         C:\Renesas\RA\e2studio_v2024-10_fsp_v5.6.0\toolchains\llvm_arm\LLVM-ET-Arm-18.1.3-Windows-x86_64\bin\..\lib\clang-runtimes/arm-none-eabi/armv7em_hard_fpv4_sp_d16_exn_rtti\lib\libc.a(libc_tinystdio_ryu_umul128.c.o):(.text.__shiftright128)
    2eae     2eae        0     1                 $t.1
    2eaf     2eaf       36     1                 __shiftright128
    2ee4     2ee4        8     2         C:\Renesas\RA\e2studio_v2024-10_fsp_v5.6.0\toolchains\llvm_arm\LLVM-ET-Arm-18.1.3-Windows-x86_64\bin\..\lib\clang-runtimes/arm-none-eabi/armv7em_hard_fpv4_sp_d16_exn_rtti\lib\libc.a(bzero.c.o):(.text.bzero)
    2ee4     2ee4        0     1                 $t.0
    2ee5     2ee5        8     1                 bzero
    2ee5     2ee5        8     1                 __aeabi_memclr4
    2ee5     2ee5        8     1                 __aeabi_memclr8
    2ee5     2ee5        8     1                 __aeabi_memclr
    2eec     2eec       14     2         C:\Renesas\RA\e2studio_v2024-10_fsp_v5.6.0\toolchains\llvm_arm\LLVM-ET-Arm-18.1.3-Windows-x86_64\bin\..\lib\clang-runtimes/arm-none-eabi/armv7em_hard_fpv4_sp_d16_exn_rtti\lib\libc.a(memcpy.c.o):(.text.memcpy)
    2eec     2eec        0     1                 $t.0
    2eed     2eed       14     1                 memcpy
    2eed     2eed       14     1                 __aeabi_memcpy4
    2eed     2eed       14     1                 __aeabi_memcpy8
    2eed     2eed       14     1                 __aeabi_memcpy
    2f00     2f00        e     2         C:\Renesas\RA\e2studio_v2024-10_fsp_v5.6.0\toolchains\llvm_arm\LLVM-ET-Arm-18.1.3-Windows-x86_64\bin\..\lib\clang-runtimes/arm-none-eabi/armv7em_hard_fpv4_sp_d16_exn_rtti\lib\libc.a(memset.c.o):(.text.memset)
    2f00     2f00        0     1                 $t.0
    2f01     2f01        e     1                 memset
    2f10     2f10       10     4         C:\Renesas\RA\e2studio_v2024-10_fsp_v5.6.0\toolchains\llvm_arm\LLVM-ET-Arm-18.1.3-Windows-x86_64\bin\..\lib\clang-runtimes/arm-none-eabi/armv7em_hard_fpv4_sp_d16_exn_rtti\lib\libc.a(strlen.S.o):(.text)
    2f10     2f10        0     1                 
    2f10     2f10        0     1                 $t.0
    2f11     2f11       10     1                 strlen
    2f20     2f20       28     4         C:\Renesas\RA\e2studio_v2024-10_fsp_v5.6.0\toolchains\llvm_arm\LLVM-ET-Arm-18.1.3-Windows-x86_64\bin\..\lib\clang-runtimes/arm-none-eabi/armv7em_hard_fpv4_sp_d16_exn_rtti\lib\libclang_rt.builtins.a(ashldi3.c.obj):(.text.__ashldi3)
    2f20     2f20        0     1                 $t.0
    2f21     2f21       28     1                 __ashldi3
    2f21     2f21       28     1                 __aeabi_llsl
    2f48     2f48       28     4         C:\Renesas\RA\e2studio_v2024-10_fsp_v5.6.0\toolchains\llvm_arm\LLVM-ET-Arm-18.1.3-Windows-x86_64\bin\..\lib\clang-runtimes/arm-none-eabi/armv7em_hard_fpv4_sp_d16_exn_rtti\lib\libclang_rt.builtins.a(lshrdi3.c.obj):(.text.__lshrdi3)
    2f48     2f48        0     1                 $t.0
    2f49     2f49       28     1                 __lshrdi3
    2f49     2f49       28     1                 __aeabi_llsr
    2f70     2f70      26e     4         C:\Renesas\RA\e2studio_v2024-10_fsp_v5.6.0\toolchains\llvm_arm\LLVM-ET-Arm-18.1.3-Windows-x86_64\bin\..\lib\clang-runtimes/arm-none-eabi/armv7em_hard_fpv4_sp_d16_exn_rtti\lib\libclang_rt.builtins.a(udivmoddi4.c.obj):(.text.__udivmoddi4)
    2f70     2f70        0     1                 $t.0
    2f71     2f71      26e     1                 __udivmoddi4
    31e0     31e0       14     4         C:\Renesas\RA\e2studio_v2024-10_fsp_v5.6.0\toolchains\llvm_arm\LLVM-ET-Arm-18.1.3-Windows-x86_64\bin\..\lib\clang-runtimes/arm-none-eabi/armv7em_hard_fpv4_sp_d16_exn_rtti\lib\libclang_rt.builtins.a(aeabi_uldivmod.S.obj):(.text)
    31e0     31e0        0     1                 $t.0
    31e1     31e1       14     1                 __aeabi_uldivmod
    31f4     31f4       4e     4         ./ra/fsp/src/bsp/mcu/all/bsp_common.o:(.version)
    31f4     31f4        4     1                 g_fsp_version
    31f8     31f8        6     1                 g_fsp_version_string
    31fe     31fe       44     1                 g_fsp_version_build_string
    3242     3242       54     1         <internal>:(.rodata.str1.1)
    3298     3298       14     4         ./ra_gen/hal_data.o:(.rodata.g_uart0_cfg_extend)
    3298     3298       14     1                 g_uart0_cfg_extend
    32ac     32ac       20     4         ./ra_gen/hal_data.o:(.rodata.g_uart0_cfg)
    32ac     32ac       20     1                 g_uart0_cfg
    32cc     32cc      260     4         ./ra_gen/pin_data.o:(.rodata.g_bsp_pin_cfg_data)
    32cc     32cc      260     1                 g_bsp_pin_cfg_data
    352c     352c        c     4         ./ra_gen/pin_data.o:(.rodata.g_bsp_pin_cfg)
    352c     352c        c     1                 g_bsp_pin_cfg
    3538     3538       c0     2         ./ra_gen/vector_data.o:(.rodata.g_interrupt_event_link_select)
    3538     3538       c0     1                 g_interrupt_event_link_select
    35f8     35f8        6     2         ./ra/fsp/src/r_ioport/r_ioport.o:(.rodata.g_vbatt_pins_input)
    35f8     35f8        6     1                 g_vbatt_pins_input
    35fe     35fe        8     2         <internal>:(.rodata.cst8)
    3608     3608      33c     8         C:\Renesas\RA\e2studio_v2024-10_fsp_v5.6.0\toolchains\llvm_arm\LLVM-ET-Arm-18.1.3-Windows-x86_64\bin\..\lib\clang-runtimes/arm-none-eabi/armv7em_hard_fpv4_sp_d16_exn_rtti\lib\libc.a(libc_tinystdio_ryu_table.c.o):(.rodata)
    3608     3608       d0     1                 DOUBLE_POW5_SPLIT2
    36d8     36d8       d0     1                 DOUBLE_POW5_TABLE
    37a8     37a8       54     1                 POW5_OFFSETS
    3800     3800       f0     1                 DOUBLE_POW5_INV_SPLIT2
    38f0     38f0       54     1                 POW5_INV_OFFSETS
    3944     3944        0     1         __usb_dev_descriptor_start_fs = .
    3944     3944        0     1         __usb_cfg_descriptor_start_fs = .
    3944     3944        0     1         __usb_interface_descriptor_start_fs = .
    3944     3944        0     1         __usb_descriptor_end_fs = .
    3944     3944        0     1         __usb_dev_descriptor_start_hs = .
    3944     3944        0     1         __usb_cfg_descriptor_start_hs = .
    3944     3944        0     1         __usb_interface_descriptor_start_hs = .
    3944     3944        0     1         __usb_descriptor_end_hs = .
       0        0       28     1         C:\Renesas\RA\e2studio_v2024-10_fsp_v5.6.0\toolchains\llvm_arm\LLVM-ET-Arm-18.1.3-Windows-x86_64\bin\..\lib\clang-runtimes/arm-none-eabi/armv7em_hard_fpv4_sp_d16_exn_rtti\lib\libc.a(strlen.S.o):(.eh_frame+0x0)
    3970     3970        0     1         __ROM_End = .
    3970     3970        0     1 __Vectors_Size = __Vectors_End - __Vectors
    3970     3970        0     1 . = .
    3970     3970        0     1 __itcm_data_pre_location = .
    3970     3970        0     1 ITCM_BYTE_ALIGN_VALUE = ( __ITCM_LENGTH > 0 ) ? 16 : 4
       0        0        0     4 .itcm_data
       0        0        0     1         __tz_ITCM_S = ABSOLUTE ( __ITCM_START )
       0        0        0     1         __itcm_data_start = .
       0        0        0     1         . = ALIGN ( 8 )
       0        0        0     1         __itcm_data_end = .
       0        0        0     1         __tz_ITCM_N = DEFINED ( ITCM_NS_START ) ? ABSOLUTE ( ITCM_NS_START ) : ALIGN ( __itcm_data_end , 8192 )
       0        0        0     1 __itcm_data_init_start = LOADADDR ( .itcm_data )
       0        0        0     1 __itcm_data_init_end = LOADADDR ( .itcm_data ) + SIZEOF ( .itcm_data )
       0        0        0     1 
       0        0        0     1 
       0        0        0     1 
       0        0        0     1 
       0        0     3970     1 . = ( SIZEOF ( .itcm_data ) > 0 ) ? __itcm_data_init_end : __itcm_data_pre_location
    3970     3970        0     1 __exidx_start = .
    3970     3970        0     1 __exidx_end = .
    3970     3970        0     1 __tz_RAM_S = ORIGIN ( RAM )
1ffe0000 1ffe0000        0     1 .fsp_dtc_vector_table
1ffe0000 1ffe0000        0     1         . = ORIGIN ( RAM )
1ffe0000     3970       14     4 .data
1ffe0000     3970        0     1         __data_start__ = .
1ffe0000     3970        0     1         . = ALIGN ( 4 )
1ffe0000     3970        0     1         __Code_In_RAM_Start = .
1ffe0000     3970        0     1         __Code_In_RAM_End = .
1ffe0000     3970        4     4         ./src/hal_entry.o:(.data.my_integer)
1ffe0000     3970        4     1                 my_integer
1ffe0004     3974        1     1         ./src/hal_entry.o:(.data.hal_entry.last_pin_state1)
1ffe0004     3974        1     1                 hal_entry.last_pin_state1
1ffe0005     3975        1     1         ./src/hal_entry.o:(.data.hal_entry.last_pin_state2)
1ffe0005     3975        1     1                 hal_entry.last_pin_state2
1ffe0006     3976        4     1         ./ra_gen/hal_data.o:(.data.g_uart0_baud_setting)
1ffe0006     3976        4     1                 g_uart0_baud_setting
1ffe000a     397a        2     2         ./Modules/Scheduler/Scheduler.o:(.data.ten_mS_Counter)
1ffe000a     397a        2     1                 ten_mS_Counter
1ffe000c     397c        2     2         ./Modules/Scheduler/Scheduler.o:(.data.twentyfive_mS_Counter)
1ffe000c     397c        2     1                 twentyfive_mS_Counter
1ffe000e     397e        2     2         ./Modules/Scheduler/Scheduler.o:(.data.hundred_mS_Counter)
1ffe000e     397e        2     1                 hundred_mS_Counter
1ffe0010     3980        2     2         ./Modules/Scheduler/Scheduler.o:(.data.one_S_Counter)
1ffe0010     3980        2     1                 one_S_Counter
1ffe0012     3982        2     1         . = ALIGN ( 4 )
1ffe0014     3984        0     1         . = ALIGN ( 4 )
1ffe0014     3984        0     1         PROVIDE_HIDDEN ( __init_array_start = . )
1ffe0014     3984        0     1         PROVIDE_HIDDEN ( __init_array_end = . )
1ffe0014     3984        0     1         . = ALIGN ( 4 )
1ffe0014     3984        0     1         . = ALIGN ( 4 )
1ffe0014     3984        0     1         __data_end__ = .
1ffe0014     3984        0     1 __etext = LOADADDR ( .data )
1ffe0014     3984        1     1 .tdata
1ffe0014     3984        1     1         BYTE ( 0xFF )
1ffe0015     3985        0     1 PROVIDE ( __tls_base = ADDR ( .tdata ) )
1ffe0015     3985        0     1 PROVIDE ( __tdata_source = LOADADDR ( .tdata ) )
1ffe0015     3985        0     1 PROVIDE ( __tdata_size = SIZEOF ( .tdata ) )
1ffe0015     3985        0     1 PROVIDE ( __tls_align = MAX ( ALIGNOF ( .tdata ) , ALIGNOF ( .tbss ) ) )
1ffe0015 1ffe0015        0     1 .tbss
1ffe0015 1ffe0015        0     1         PROVIDE ( __tls_end = . )
1ffe0015 1ffe0015        0     1 PROVIDE ( __tbss_offset = ADDR ( .tbss ) - ADDR ( .tdata ) )
1ffe0015 1ffe0015        0     1 PROVIDE ( __tbss_size = SIZEOF ( .tbss ) )
1ffe0015 1ffe0015        0     1 PROVIDE ( __arm32_tls_tcb_offset = MAX ( 8 , __tls_align ) )
1ffe0015 1ffe0015        0     1 . = .
1ffe0015 1ffe0015        0     1 __dtcm_data_pre_location = LOADADDR ( .tdata ) + SIZEOF ( .tdata )
1ffe0015 1ffe0015        0     1 DTCM_BYTE_ALIGN_VALUE = ( __DTCM_LENGTH > 0 ) ? 16 : 4
       0        0        0     4 .dtcm_data
       0        0        0     1         __tz_DTCM_S = ABSOLUTE ( __DTCM_START )
       0        0        0     1         __dtcm_data_start = .
       0        0        0     1         . = ALIGN ( 8 )
       0        0        0     1         __dtcm_data_end = .
       0        0        0     1 . = __dtcm_data_end
       0        0        0     1 .dtcm_bss
       0        0        0     1         __dtcm_bss_start = .
       0        0        0     1         . = ALIGN ( 8 )
       0        0        0     1         __dtcm_bss_end = .
       0        0        0     1         __tz_DTCM_N = DEFINED ( DTCM_NS_START ) ? ABSOLUTE ( DTCM_NS_START ) : ALIGN ( __dtcm_bss_end , 8192 )
       0        0        0     1 __dtcm_data_init_start = LOADADDR ( .dtcm_data )
       0        0        0     1 __dtcm_data_init_end = LOADADDR ( .dtcm_data ) + SIZEOF ( .dtcm_data )
       0        0        0     1 
       0        0        0     1 
       0        0        0     1 
       0        0        0     1 
       0        0        0     1 
       0        0        0     1 
       0        0        0     1 
       0        0        0     1 
       0        0     3985     1 . = ( SIZEOF ( .dtcm_data ) > 0 ) ? __dtcm_data_init_end : __dtcm_data_pre_location
    3985     3985        0     1 sgstubs_pre_location = .
    3985     3985        0     1 SGSTUBS_LOC = ( DEFINED ( PROJECT_SECURE ) && DEFINED ( FLASH_NSC_START ) ) ? ABSOLUTE ( FLASH_NSC_START ) : ALIGN ( 1024 )
    3c00     3c00        0  1024 .gnu.sgstubs
    3c00     3c00        0     1         __tz_FLASH_C = DEFINED ( FLASH_NSC_START ) ? ABSOLUTE ( FLASH_NSC_START ) : __RESERVE_NS_RAM ? ABSOLUTE ( FLASH_START + FLASH_LENGTH ) : ALIGN ( 1024 )
    3c00     3c00        0     1         _start_sg = .
    3c00     3c00        0     1         . = ALIGN ( 32 )
    3c00     3c00        0     1         _end_sg = .
    3c00     3c00        0     1 __tz_FLASH_N = DEFINED ( FLASH_NS_START ) ? ABSOLUTE ( FLASH_NS_START ) : __RESERVE_NS_RAM ? ABSOLUTE ( FLASH_START + FLASH_LENGTH ) : FLASH_LENGTH < 32768 ? FLASH_LENGTH : ALIGN ( 32768 )
    3c00     3c00        0     1 __tz_QSPI_FLASH_S = ORIGIN ( QSPI_FLASH )
60000000 60000000        0     1 .qspi_flash
60000000 60000000        0     1         __qspi_flash_start__ = .
60000000 60000000        0     1         __qspi_flash_end__ = .
60000000 60000000        0     1 __qspi_flash_code_size__ = __qspi_flash_end__ - __qspi_flash_start__
60000000 60000000        0     1 __qspi_flash_code_addr__ = sgstubs_pre_location
60000000 60000000        0     1 .qspi_non_retentive
60000000 60000000        0     1         __qspi_non_retentive_start__ = .
60000000 60000000        0     1         __qspi_non_retentive_end__ = .
60000000 60000000        0     1 __qspi_non_retentive_size__ = __qspi_non_retentive_end__ - __qspi_non_retentive_start__
60000000 60000000        0     1 __qspi_region_max_size__ = 0x4000000
60000000 60000000        0     1 __qspi_region_start_address__ = __qspi_flash_start__
60000000 60000000        0     1 __qspi_region_end_address__ = __qspi_flash_start__ + __qspi_region_max_size__
60000000 60000000        0     1 __tz_QSPI_FLASH_N = __qspi_non_retentive_end__
80020000 80020000        0     1 .OSPI_DEVICE_0_NO_LOAD
80020000 80020000        0     1         . = ALIGN ( 4 )
80020000 80020000        0     1         __ospi_device_0_start__ = .
80020000 80020000        0     1         . = ALIGN ( 4 )
80020000 80020000        0     1         __ospi_device_0_end__ = .
80030000 80030000        0     1 .OSPI_DEVICE_1_NO_LOAD
80030000 80030000        0     1         . = ALIGN ( 4 )
80030000 80030000        0     1         __ospi_device_1_start__ = .
80030000 80030000        0     1         . = ALIGN ( 4 )
80030000 80030000        0     1         __ospi_device_1_end__ = .
80030000 80030000        0     1 __tz_OSPI_DEVICE_0_S = ORIGIN ( OSPI_DEVICE_0 )
80020000 80020000        0     1 .OSPI_DEVICE_0
80020000 80020000        0     1         __ospi_device_0_start__ = .
80020000 80020000        0     1         __ospi_device_0_end__ = .
80020000 80020000        0     1 __ospi_device_0_code_size__ = __ospi_device_0_end__ - __ospi_device_0_start__
80020000 80020000        0     1 __ospi_device_0_code_addr__ = sgstubs_pre_location + ( SIZEOF ( .qspi_non_retentive ) )
80020000 80020000        0     1 .ospi_device_0_non_retentive
80020000 80020000        0     1         __ospi_device_0_non_retentive_start__ = .
80020000 80020000        0     1         __ospi_device_0_non_retentive_end__ = .
80020000 80020000        0     1 __ospi_device_0_non_retentive_size__ = __ospi_device_0_non_retentive_end__ - __ospi_device_0_non_retentive_start__
80020000 80020000        0     1 __ospi_device_0_region_max_size__ = 0x8000000
80020000 80020000        0     1 __ospi_device_0_region_start_address__ = __ospi_device_0_start__
80020000 80020000        0     1 __ospi_device_0_region_end_address__ = __ospi_device_0_start__ + __ospi_device_0_region_max_size__
80020000 80020000        0     1 __tz_OSPI_DEVICE_0_N = __ospi_device_0_non_retentive_end__
80020000 80020000        0     1 __tz_OSPI_DEVICE_1_S = ORIGIN ( OSPI_DEVICE_1 )
80030000 80030000        0     1 .OSPI_DEVICE_1
80030000 80030000        0     1         __ospi_device_1_start__ = .
80030000 80030000        0     1         __ospi_device_1_end__ = .
80030000 80030000        0     1 __ospi_device_1_code_size__ = __ospi_device_1_end__ - __ospi_device_1_start__
80030000 80030000        0     1 __ospi_device_1_code_addr__ = sgstubs_pre_location + ( SIZEOF ( .qspi_non_retentive ) + SIZEOF ( .ospi_device_0_non_retentive ) )
80030000 80030000        0     1 .ospi_device_1_non_retentive
80030000 80030000        0     1         __ospi_device_1_non_retentive_start__ = .
80030000 80030000        0     1         __ospi_device_1_non_retentive_end__ = .
80030000 80030000        0     1 __ospi_device_1_non_retentive_size__ = __ospi_device_1_non_retentive_end__ - __ospi_device_1_non_retentive_start__
80030000 80030000        0     1 __ospi_device_1_region_max_size__ = 0x10000000
80030000 80030000        0     1 __ospi_device_1_region_start_address__ = __ospi_device_1_start__
80030000 80030000        0     1 __ospi_device_1_region_end_address__ = __ospi_device_1_start__ + __ospi_device_1_region_max_size__
80030000 80030000        0     1 __tz_OSPI_DEVICE_1_N = __ospi_device_1_non_retentive_end__
1ffe0018 1ffe0018       18     4 .noinit
1ffe0018 1ffe0018        0     1         . = ALIGN ( 4 )
1ffe0018 1ffe0018        0     1         __noinit_start = .
1ffe0018 1ffe0018       18     4         ./ra/fsp/src/bsp/mcu/all/bsp_clocks.o:(.noinit)
1ffe0018 1ffe0018       18     1                 g_clock_freq
1ffe0030 1ffe0030        0     1         . = ALIGN ( 8 )
1ffe0030 1ffe0030        0     1         __noinit_end = .
1ffe0030 1ffe0030      2a4    16 .bss
1ffe0030 1ffe0030        0     1         . = ALIGN ( 4 )
1ffe0030 1ffe0030        0     1         __bss_start__ = .
1ffe0030 1ffe0030        4     4         ./src/hal_entry.o:(.bss.button_pressed1)
1ffe0030 1ffe0030        4     1                 button_pressed1
1ffe0034 1ffe0034        4     4         ./src/hal_entry.o:(.bss.button_pressed2)
1ffe0034 1ffe0034        4     1                 button_pressed2
1ffe0038 1ffe0038        f     1         ./src/hal_entry.o:(.bss.msg)
1ffe0038 1ffe0038        f     1                 msg
1ffe0048 1ffe0048        8     4         ./ra_gen/common_data.o:(.bss.g_ioport_ctrl)
1ffe0048 1ffe0048        8     1                 g_ioport_ctrl
1ffe0050 1ffe0050       30     4         ./ra_gen/hal_data.o:(.bss.g_uart0_ctrl)
1ffe0050 1ffe0050       30     1                 g_uart0_ctrl
1ffe0080 1ffe0080       34     4         ./ra/fsp/src/bsp/mcu/all/bsp_group_irq.o:(.bss.g_bsp_group_irq_sources)
1ffe0080 1ffe0080       34     1                 g_bsp_group_irq_sources
1ffe00b4 1ffe00b4        4     4         ./ra/fsp/src/bsp/mcu/all/bsp_io.o:(.bss.g_protect_pfswe_counter)
1ffe00b4 1ffe00b4        4     1                 g_protect_pfswe_counter
1ffe00b8 1ffe00b8      180     4         ./ra/fsp/src/bsp/mcu/all/bsp_irq.o:(.bss.gp_renesas_isr_context)
1ffe00b8 1ffe00b8      180     1                 gp_renesas_isr_context
1ffe0238 1ffe0238        8     2         ./ra/fsp/src/bsp/mcu/all/bsp_register_protection.o:(.bss.g_protect_counters)
1ffe0238 1ffe0238        8     1                 g_protect_counters
1ffe0240 1ffe0240        4     4         ./ra/fsp/src/bsp/cmsis/Device/RENESAS/Source/system.o:(.bss.SystemCoreClock)
1ffe0240 1ffe0240        4     1                 SystemCoreClock
1ffe0244 1ffe0244        1     1         ./Modules/Serial_ASCII/Serial.o:(.bss.nextSerialTxOut)
1ffe0244 1ffe0244        1     1                 nextSerialTxOut
1ffe0245 1ffe0245        1     1         ./Modules/Serial_ASCII/Serial.o:(.bss.nextSerialTxIn)
1ffe0245 1ffe0245        1     1                 nextSerialTxIn
1ffe0246 1ffe0246        1     1         ./Modules/Serial_ASCII/Serial.o:(.bss.nextSerialRxIn)
1ffe0246 1ffe0246        1     1                 nextSerialRxIn
1ffe0247 1ffe0247        1     1         ./Modules/Serial_ASCII/Serial.o:(.bss.nextSerialRx2Proc)
1ffe0247 1ffe0247        1     1                 nextSerialRx2Proc
1ffe0248 1ffe0248        2     2         ./Modules/Serial_ASCII/Serial.o:(.bss.commError)
1ffe0248 1ffe0248        2     1                 commError
1ffe024a 1ffe024a       32     1         ./Modules/Serial_ASCII/Serial.o:(.bss.txBuffer)
1ffe024a 1ffe024a       32     1                 txBuffer
1ffe027c 1ffe027c       32     1         ./Modules/Serial_ASCII/Serial.o:(.bss.rxBuffer)
1ffe027c 1ffe027c       32     1                 rxBuffer
1ffe02ae 1ffe02ae        1     1         ./Modules/Serial_ASCII/Serial_user.o:(.bss.inPacket)
1ffe02ae 1ffe02ae        1     1                 inPacket
1ffe02af 1ffe02af        1     1         ./Modules/Serial_ASCII/Serial_user.o:(.bss.nextPacketChar)
1ffe02af 1ffe02af        1     1                 nextPacketChar
1ffe02b0 1ffe02b0        1     1         ./Modules/Serial_ASCII/Serial_user.o:(.bss.processPacket)
1ffe02b0 1ffe02b0        1     1                 processPacket
1ffe02b1 1ffe02b1       10     1         ./Modules/Serial_ASCII/Serial_user.o:(.bss.packetBuffer)
1ffe02b1 1ffe02b1       10     1                 packetBuffer
1ffe02c1 1ffe02c1        1     1         ./Modules/Scheduler/Scheduler.o:(.bss.ten_mS_Flag)
1ffe02c1 1ffe02c1        1     1                 ten_mS_Flag
1ffe02c2 1ffe02c2        1     1         ./Modules/Scheduler/Scheduler.o:(.bss.twentyfive_mS_Flag)
1ffe02c2 1ffe02c2        1     1                 twentyfive_mS_Flag
1ffe02c3 1ffe02c3        1     1         ./Modules/Scheduler/Scheduler.o:(.bss.hundred_mS_Flag)
1ffe02c3 1ffe02c3        1     1                 hundred_mS_Flag
1ffe02c4 1ffe02c4        1     1         ./Modules/Scheduler/Scheduler.o:(.bss.one_S_Flag)
1ffe02c4 1ffe02c4        1     1                 one_S_Flag
1ffe02c6 1ffe02c6        2     2         ./Modules/Scheduler/Scheduler.o:(.bss.i2c_timeout_Counter)
1ffe02c6 1ffe02c6        2     1                 i2c_timeout_Counter
1ffe02c8 1ffe02c8        1     1         ./Modules/Scheduler/Scheduler.o:(.bss.i2c_timeout_Flag)
1ffe02c8 1ffe02c8        1     1                 i2c_timeout_Flag
1ffe02d0 1ffe02d0        4    16         C:\Renesas\RA\e2studio_v2024-10_fsp_v5.6.0\toolchains\llvm_arm\LLVM-ET-Arm-18.1.3-Windows-x86_64\bin\..\lib\clang-runtimes/arm-none-eabi/armv7em_hard_fpv4_sp_d16_exn_rtti\lib\libc.a(libc_picolib_machine_arm_read_tp.S.o):(.bss)
1ffe02d0 1ffe02d0        4     1                 __tls
1ffe02d4 1ffe02d4        0     1         . = ALIGN ( 4 )
1ffe02d4 1ffe02d4        0     1         __bss_end__ = .
1ffe02d4 1ffe02d4        4     1 .heap
1ffe02d4 1ffe02d4        4     1         . = ALIGN ( 8 )
1ffe02d8 1ffe02d8        0     1         __HeapBase = .
1ffe02d8 1ffe02d8        0     1         __HeapLimit = .
1ffe02d8 1ffe02d8        0     1 PROVIDE ( __heap_start = __HeapBase )
1ffe02d8 1ffe02d8        0     1 PROVIDE ( __heap_end = __HeapLimit )
1ffe02d8 1ffe02d8      800     8 .stack_dummy
1ffe02d8 1ffe02d8        0     1         . = ALIGN ( 8 )
1ffe02d8 1ffe02d8        0     1         __StackLimit = .
1ffe02d8 1ffe02d8      800     8         ./ra/fsp/src/bsp/cmsis/Device/RENESAS/Source/startup.o:(.stack)
1ffe02d8 1ffe02d8      800     1                 g_main_stack
1ffe0ad8 1ffe0ad8        0     1         __StackTop = .
1ffe0ad8 1ffe0ad8        0     1         __StackTopAll = .
1ffe0ad8 1ffe0ad8        0     1 __RAM_segment_used_end__ = ALIGN ( __StackTopAll , 4 )
1ffe0ad8 1ffe0ad8        0     1 __tz_RAM_C = DEFINED ( RAM_NSC_START ) ? ABSOLUTE ( RAM_NSC_START - RAM_NS_BUFFER_BLOCK_LENGTH ) : __RESERVE_NS_RAM ? ABSOLUTE ( RAM_NS_BUFFER_BLOCK_START ) : ALIGN ( __RAM_segment_used_end__ , 1024 )
1ffe0ad8 1ffe0ad8        0     1 __tz_RAM_N = DEFINED ( RAM_NS_START ) ? ABSOLUTE ( RAM_NS_START - RAM_NS_BUFFER_BLOCK_LENGTH ) : __RESERVE_NS_RAM ? ABSOLUTE ( RAM_NS_BUFFER_BLOCK_START ) : ALIGN ( __tz_RAM_C , 8192 )
1ffe0ad8 1ffe0ad8        0     1 .ns_buffer
1ffe0ad8 1ffe0ad8        0     1         . = __RESERVE_NS_RAM ? ABSOLUTE ( RAM_NS_BUFFER_START & 0xFFFFFFE0 ) : .
40100000 40100000        0     1 .data_flash
40100000 40100000        0     1         . = ORIGIN ( DATA_FLASH )
40100000 40100000        0     1         __tz_DATA_FLASH_S = .
40100000 40100000        0     1         __Data_Flash_Start = .
40100000 40100000        0     1         __Data_Flash_End = .
40100000 40100000        0     1         __tz_DATA_FLASH_N = DEFINED ( DATA_FLASH_NS_START ) ? ABSOLUTE ( DATA_FLASH_NS_START ) : __RESERVE_NS_RAM ? ABSOLUTE ( DATA_FLASH_START + DATA_FLASH_LENGTH ) : ALIGN ( 1024 )
40100000 40100000        0     1 __tz_SDRAM_S = ORIGIN ( SDRAM )
90000000 90000000        0     1 .sdram
90000000 90000000        0     1         __SDRAM_Start = .
90000000 90000000        0     1         __SDRAM_End = .
90000000 90000000        0     1 __tz_SDRAM_N = __SDRAM_End
90000000 90000000        0     1 __tz_ID_CODE_S = ORIGIN ( ID_CODE )
90000000 90000000        0     1 __tz_ID_CODE_N = __tz_ID_CODE_S
 100a150  100a150       10     4 .id_code
 100a150  100a150        0     1         __ID_Code_Start = .
 100a150  100a150       10     4         ./ra/fsp/src/bsp/mcu/all/bsp_rom_registers.o:(.id_code)
 100a150  100a150       10     1                 g_bsp_id_codes
 100a160  100a160        0     1         __ID_Code_End = .
 100a160  100a160        0     1 __tz_OPTION_SETTING_S = ORIGIN ( OPTION_SETTING_OFS )
       0        0        0     1 .option_setting_ofs
       0        0        0     1         __OPTION_SETTING_OFS_Start = .
       0        0        0     1         . = PROJECT_SECURE_OR_FLAT ? __OPTION_SETTING_OFS_Start + 0x04 : __OPTION_SETTING_OFS_Start
       0        0        0     1         . = PROJECT_SECURE_OR_FLAT ? __OPTION_SETTING_OFS_Start + 0x10 : __OPTION_SETTING_OFS_Start
       0        0        0     1         __OPTION_SETTING_OFS_End = .
      34       34        0     1 .option_setting_sas
      34       34        0     1         __OPTION_SETTING_SAS_Start = .
      34       34        0     1         __OPTION_SETTING_SAS_End = .
      34       34        0     1 __tz_OPTION_SETTING_N = ABSOLUTE ( OPTION_SETTING_START_NS )
       0        0        0     1 .option_setting_ns
       0        0        0     1         __OPTION_SETTING_NS_Start = .
       0        0        0     1         . = USE_OPTION_SETTING_NS ? __OPTION_SETTING_NS_Start + 0x04 : __OPTION_SETTING_NS_Start
       0        0        0     1         . = USE_OPTION_SETTING_NS ? __OPTION_SETTING_NS_Start + 0x10 : __OPTION_SETTING_NS_Start
       0        0        0     1         . = USE_OPTION_SETTING_NS ? __OPTION_SETTING_NS_Start + 0x40 : __OPTION_SETTING_NS_Start
       0        0        0     1         . = USE_OPTION_SETTING_NS ? __OPTION_SETTING_NS_Start + 0x44 : __OPTION_SETTING_NS_Start
       0        0        0     1         . = USE_OPTION_SETTING_NS ? __OPTION_SETTING_NS_Start + 0x48 : __OPTION_SETTING_NS_Start
       0        0        0     1         . = USE_OPTION_SETTING_NS ? __OPTION_SETTING_NS_Start + 0x4C : __OPTION_SETTING_NS_Start
       0        0        0     1         . = USE_OPTION_SETTING_NS ? __OPTION_SETTING_NS_Start + 0x60 : __OPTION_SETTING_NS_Start
       0        0        0     1         . = USE_OPTION_SETTING_NS ? __OPTION_SETTING_NS_Start + 0x64 : __OPTION_SETTING_NS_Start
       0        0        0     1         . = USE_OPTION_SETTING_NS ? __OPTION_SETTING_NS_Start + 0x68 : __OPTION_SETTING_NS_Start
       0        0        0     1         . = USE_OPTION_SETTING_NS ? __OPTION_SETTING_NS_Start + 0x6C : __OPTION_SETTING_NS_Start
       0        0        0     1         __OPTION_SETTING_NS_End = .
       0        0        0     1 __tz_OPTION_SETTING_S_S = ORIGIN ( OPTION_SETTING_S )
80000000 80000000        0     1 .option_setting_s
80000000 80000000        0     1         __OPTION_SETTING_S_Start = .
80000000 80000000        0     1         . = PROJECT_SECURE_OR_FLAT ? __OPTION_SETTING_S_Start + 0x04 : __OPTION_SETTING_S_Start
80000000 80000000        0     1         . = PROJECT_SECURE_OR_FLAT ? __OPTION_SETTING_S_Start + 0x10 : __OPTION_SETTING_S_Start
80000000 80000000        0     1         . = PROJECT_SECURE_OR_FLAT ? __OPTION_SETTING_S_Start + 0x40 : __OPTION_SETTING_S_Start
80000000 80000000        0     1         . = PROJECT_SECURE_OR_FLAT ? __OPTION_SETTING_S_Start + 0x44 : __OPTION_SETTING_S_Start
80000000 80000000        0     1         . = PROJECT_SECURE_OR_FLAT ? __OPTION_SETTING_S_Start + 0x48 : __OPTION_SETTING_S_Start
80000000 80000000        0     1         . = PROJECT_SECURE_OR_FLAT ? __OPTION_SETTING_S_Start + 0x4C : __OPTION_SETTING_S_Start
80000000 80000000        0     1         . = PROJECT_SECURE_OR_FLAT ? __OPTION_SETTING_S_Start + 0x60 : __OPTION_SETTING_S_Start
80000000 80000000        0     1         . = PROJECT_SECURE_OR_FLAT ? __OPTION_SETTING_S_Start + 0x64 : __OPTION_SETTING_S_Start
80000000 80000000        0     1         . = PROJECT_SECURE_OR_FLAT ? __OPTION_SETTING_S_Start + 0x68 : __OPTION_SETTING_S_Start
80000000 80000000        0     1         . = PROJECT_SECURE_OR_FLAT ? __OPTION_SETTING_S_Start + 0x6C : __OPTION_SETTING_S_Start
80000000 80000000        0     1         . = PROJECT_SECURE_OR_FLAT ? __OPTION_SETTING_S_Start + 0x80 : __OPTION_SETTING_S_Start
80000000 80000000        0     1         . = PROJECT_SECURE_OR_FLAT ? __OPTION_SETTING_S_Start + 0x84 : __OPTION_SETTING_S_Start
80000000 80000000        0     1         . = PROJECT_SECURE_OR_FLAT ? __OPTION_SETTING_S_Start + 0x90 : __OPTION_SETTING_S_Start
80000000 80000000        0     1         . = PROJECT_SECURE_OR_FLAT ? __OPTION_SETTING_S_Start + 0xC0 : __OPTION_SETTING_S_Start
80000000 80000000        0     1         . = PROJECT_SECURE_OR_FLAT ? __OPTION_SETTING_S_Start + 0xC4 : __OPTION_SETTING_S_Start
80000000 80000000        0     1         . = PROJECT_SECURE_OR_FLAT ? __OPTION_SETTING_S_Start + 0xC8 : __OPTION_SETTING_S_Start
80000000 80000000        0     1         . = PROJECT_SECURE_OR_FLAT ? __OPTION_SETTING_S_Start + 0xCC : __OPTION_SETTING_S_Start
80000000 80000000        0     1         __OPTION_SETTING_S_End = .
80000000 80000000        0     1 __tz_OPTION_SETTING_S_N = __OPTION_SETTING_S_End
       0        0     3287     1 .debug_loclists
       0        0       63     1         ./src/hal_entry.o:(.debug_loclists)
      63       63      7a3     1         ./ra/fsp/src/r_sci_uart/r_sci_uart.o:(.debug_loclists)
     806      806      4e9     1         ./ra/fsp/src/r_ioport/r_ioport.o:(.debug_loclists)
     cef      cef      1fe     1         ./ra/fsp/src/bsp/mcu/all/bsp_clocks.o:(.debug_loclists)
     eed      eed       1d     1         ./ra/fsp/src/bsp/mcu/all/bsp_common.o:(.debug_loclists)
     f0a      f0a       c2     1         ./ra/fsp/src/bsp/mcu/all/bsp_delay.o:(.debug_loclists)
     fcc      fcc       35     1         ./ra/fsp/src/bsp/mcu/all/bsp_group_irq.o:(.debug_loclists)
    1001     1001       55     1         ./ra/fsp/src/bsp/mcu/all/bsp_register_protection.o:(.debug_loclists)
    1056     1056       37     1         ./ra/fsp/src/bsp/mcu/all/bsp_sbrk.o:(.debug_loclists)
    108d     108d       36     1         ./ra/fsp/src/bsp/mcu/all/bsp_sdram.o:(.debug_loclists)
    10c3     10c3       29     1         ./ra/fsp/src/bsp/cmsis/Device/RENESAS/Source/system.o:(.debug_loclists)
    10ec     10ec       70     1         ./Modules/Serial_ASCII/ASCII_numbers.o:(.debug_loclists)
    115c     115c      153     1         ./Modules/Serial_ASCII/Serial.o:(.debug_loclists)
    12af     12af       24     1         ./Modules/Serial_ASCII/Serial_user.o:(.debug_loclists)
    12d3     12d3       20     1         ./Modules/Scheduler/Scheduler.o:(.debug_loclists)
    12f3     12f3       2a     1         C:\Renesas\RA\e2studio_v2024-10_fsp_v5.6.0\toolchains\llvm_arm\LLVM-ET-Arm-18.1.3-Windows-x86_64\bin\..\lib\clang-runtimes/arm-none-eabi/armv7em_hard_fpv4_sp_d16_exn_rtti\lib\libc.a(libc_picolib_inittls.c.o):(.debug_loclists)
    131d     131d       3f     1         C:\Renesas\RA\e2studio_v2024-10_fsp_v5.6.0\toolchains\llvm_arm\LLVM-ET-Arm-18.1.3-Windows-x86_64\bin\..\lib\clang-runtimes/arm-none-eabi/armv7em_hard_fpv4_sp_d16_exn_rtti\lib\libc.a(libc_tinystdio_sprintf.c.o):(.debug_loclists)
    135c     135c      be9     1         C:\Renesas\RA\e2studio_v2024-10_fsp_v5.6.0\toolchains\llvm_arm\LLVM-ET-Arm-18.1.3-Windows-x86_64\bin\..\lib\clang-runtimes/arm-none-eabi/armv7em_hard_fpv4_sp_d16_exn_rtti\lib\libc.a(libc_tinystdio_vfprintf.c.o):(.debug_loclists)
    1f45     1f45      17a     1         C:\Renesas\RA\e2studio_v2024-10_fsp_v5.6.0\toolchains\llvm_arm\LLVM-ET-Arm-18.1.3-Windows-x86_64\bin\..\lib\clang-runtimes/arm-none-eabi/armv7em_hard_fpv4_sp_d16_exn_rtti\lib\libc.a(libc_tinystdio_dtox_engine.c.o):(.debug_loclists)
    20bf     20bf       25     1         C:\Renesas\RA\e2studio_v2024-10_fsp_v5.6.0\toolchains\llvm_arm\LLVM-ET-Arm-18.1.3-Windows-x86_64\bin\..\lib\clang-runtimes/arm-none-eabi/armv7em_hard_fpv4_sp_d16_exn_rtti\lib\libc.a(libc_string_strnlen.c.o):(.debug_loclists)
    20e4     20e4      c36     1         C:\Renesas\RA\e2studio_v2024-10_fsp_v5.6.0\toolchains\llvm_arm\LLVM-ET-Arm-18.1.3-Windows-x86_64\bin\..\lib\clang-runtimes/arm-none-eabi/armv7em_hard_fpv4_sp_d16_exn_rtti\lib\libc.a(libc_tinystdio_dtoa_ryu.c.o):(.debug_loclists)
    2d1a     2d1a       34     1         C:\Renesas\RA\e2studio_v2024-10_fsp_v5.6.0\toolchains\llvm_arm\LLVM-ET-Arm-18.1.3-Windows-x86_64\bin\..\lib\clang-runtimes/arm-none-eabi/armv7em_hard_fpv4_sp_d16_exn_rtti\lib\libc.a(libc_tinystdio_ryu_log10.c.o):(.debug_loclists)
    2d4e     2d4e       1e     1         C:\Renesas\RA\e2studio_v2024-10_fsp_v5.6.0\toolchains\llvm_arm\LLVM-ET-Arm-18.1.3-Windows-x86_64\bin\..\lib\clang-runtimes/arm-none-eabi/armv7em_hard_fpv4_sp_d16_exn_rtti\lib\libc.a(libc_tinystdio_ryu_pow5bits.c.o):(.debug_loclists)
    2d6c     2d6c      214     1         C:\Renesas\RA\e2studio_v2024-10_fsp_v5.6.0\toolchains\llvm_arm\LLVM-ET-Arm-18.1.3-Windows-x86_64\bin\..\lib\clang-runtimes/arm-none-eabi/armv7em_hard_fpv4_sp_d16_exn_rtti\lib\libc.a(libc_tinystdio_ryu_table.c.o):(.debug_loclists)
    2f80     2f80      24f     1         C:\Renesas\RA\e2studio_v2024-10_fsp_v5.6.0\toolchains\llvm_arm\LLVM-ET-Arm-18.1.3-Windows-x86_64\bin\..\lib\clang-runtimes/arm-none-eabi/armv7em_hard_fpv4_sp_d16_exn_rtti\lib\libc.a(libc_tinystdio_ryu_umul128.c.o):(.debug_loclists)
    31cf     31cf       1b     1         C:\Renesas\RA\e2studio_v2024-10_fsp_v5.6.0\toolchains\llvm_arm\LLVM-ET-Arm-18.1.3-Windows-x86_64\bin\..\lib\clang-runtimes/arm-none-eabi/armv7em_hard_fpv4_sp_d16_exn_rtti\lib\libc.a(bzero.c.o):(.debug_loclists)
    31ea     31ea       5f     1         C:\Renesas\RA\e2studio_v2024-10_fsp_v5.6.0\toolchains\llvm_arm\LLVM-ET-Arm-18.1.3-Windows-x86_64\bin\..\lib\clang-runtimes/arm-none-eabi/armv7em_hard_fpv4_sp_d16_exn_rtti\lib\libc.a(memcpy.c.o):(.debug_loclists)
    3249     3249       3e     1         C:\Renesas\RA\e2studio_v2024-10_fsp_v5.6.0\toolchains\llvm_arm\LLVM-ET-Arm-18.1.3-Windows-x86_64\bin\..\lib\clang-runtimes/arm-none-eabi/armv7em_hard_fpv4_sp_d16_exn_rtti\lib\libc.a(memset.c.o):(.debug_loclists)
       0        0     2ee3     1 .debug_abbrev
       0        0      28c     1         ./src/hal_entry.o:(.debug_abbrev)
     28c      28c      108     1         ./ra_gen/common_data.o:(.debug_abbrev)
     394      394      21d     1         ./ra_gen/hal_data.o:(.debug_abbrev)
     5b1      5b1       3c     1         ./ra_gen/main.o:(.debug_abbrev)
     5ed      5ed       e6     1         ./ra_gen/pin_data.o:(.debug_abbrev)
     6d3      6d3       a8     1         ./ra_gen/vector_data.o:(.debug_abbrev)
     77b      77b      3e7     1         ./ra/fsp/src/r_sci_uart/r_sci_uart.o:(.debug_abbrev)
     b62      b62      341     1         ./ra/fsp/src/r_ioport/r_ioport.o:(.debug_abbrev)
     ea3      ea3      332     1         ./ra/fsp/src/bsp/mcu/all/bsp_clocks.o:(.debug_abbrev)
    11d5     11d5      149     1         ./ra/fsp/src/bsp/mcu/all/bsp_common.o:(.debug_abbrev)
    131e     131e       ad     1         ./ra/fsp/src/bsp/mcu/all/bsp_delay.o:(.debug_abbrev)
    13cb     13cb      1ff     1         ./ra/fsp/src/bsp/mcu/all/bsp_group_irq.o:(.debug_abbrev)
    15ca     15ca       44     1         ./ra/fsp/src/bsp/mcu/all/bsp_io.o:(.debug_abbrev)
    160e     160e      164     1         ./ra/fsp/src/bsp/mcu/all/bsp_irq.o:(.debug_abbrev)
    1772     1772      221     1         ./ra/fsp/src/bsp/mcu/all/bsp_register_protection.o:(.debug_abbrev)
    1993     1993       5d     1         ./ra/fsp/src/bsp/mcu/all/bsp_rom_registers.o:(.debug_abbrev)
    19f0     19f0       80     1         ./ra/fsp/src/bsp/mcu/all/bsp_sbrk.o:(.debug_abbrev)
    1a70     1a70      1cf     1         ./ra/fsp/src/bsp/mcu/all/bsp_sdram.o:(.debug_abbrev)
    1c3f     1c3f       a5     1         ./ra/fsp/src/bsp/cmsis/Device/RENESAS/Source/startup.o:(.debug_abbrev)
    1ce4     1ce4      18f     1         ./ra/fsp/src/bsp/cmsis/Device/RENESAS/Source/system.o:(.debug_abbrev)
    1e73     1e73       43     1         ./ra/board/ra6m3_ek/board_init.o:(.debug_abbrev)
    1eb6     1eb6       91     1         ./ra/board/ra6m3_ek/board_leds.o:(.debug_abbrev)
    1f47     1f47       9d     1         ./Modules/Serial_ASCII/ASCII_numbers.o:(.debug_abbrev)
    1fe4     1fe4      187     1         ./Modules/Serial_ASCII/Serial.o:(.debug_abbrev)
    216b     216b       c5     1         ./Modules/Serial_ASCII/Serial_user.o:(.debug_abbrev)
    2230     2230       8a     1         ./Modules/Scheduler/Scheduler.o:(.debug_abbrev)
    22ba     22ba       2e     1         C:\Renesas\RA\e2studio_v2024-10_fsp_v5.6.0\toolchains\llvm_arm\LLVM-ET-Arm-18.1.3-Windows-x86_64\bin\..\lib\clang-runtimes/arm-none-eabi/armv7em_hard_fpv4_sp_d16_exn_rtti\lib\libc.a(libc_errno_errno.c.o):(.debug_abbrev)
    22e8     22e8       74     1         C:\Renesas\RA\e2studio_v2024-10_fsp_v5.6.0\toolchains\llvm_arm\LLVM-ET-Arm-18.1.3-Windows-x86_64\bin\..\lib\clang-runtimes/arm-none-eabi/armv7em_hard_fpv4_sp_d16_exn_rtti\lib\libc.a(libc_picolib_inittls.c.o):(.debug_abbrev)
    235c     235c       62     1         C:\Renesas\RA\e2studio_v2024-10_fsp_v5.6.0\toolchains\llvm_arm\LLVM-ET-Arm-18.1.3-Windows-x86_64\bin\..\lib\clang-runtimes/arm-none-eabi/armv7em_hard_fpv4_sp_d16_exn_rtti\lib\libc.a(libc_picolib_machine_arm_tls.c.o):(.debug_abbrev)
    23be     23be       21     1         C:\Renesas\RA\e2studio_v2024-10_fsp_v5.6.0\toolchains\llvm_arm\LLVM-ET-Arm-18.1.3-Windows-x86_64\bin\..\lib\clang-runtimes/arm-none-eabi/armv7em_hard_fpv4_sp_d16_exn_rtti\lib\libc.a(libc_picolib_machine_arm_read_tp.S.o):(.debug_abbrev)
    23df     23df       cf     1         C:\Renesas\RA\e2studio_v2024-10_fsp_v5.6.0\toolchains\llvm_arm\LLVM-ET-Arm-18.1.3-Windows-x86_64\bin\..\lib\clang-runtimes/arm-none-eabi/armv7em_hard_fpv4_sp_d16_exn_rtti\lib\libc.a(libc_tinystdio_sprintf.c.o):(.debug_abbrev)
    24ae     24ae       9a     1         C:\Renesas\RA\e2studio_v2024-10_fsp_v5.6.0\toolchains\llvm_arm\LLVM-ET-Arm-18.1.3-Windows-x86_64\bin\..\lib\clang-runtimes/arm-none-eabi/armv7em_hard_fpv4_sp_d16_exn_rtti\lib\libc.a(libc_tinystdio_filestrput.c.o):(.debug_abbrev)
    2548     2548      1d2     1         C:\Renesas\RA\e2studio_v2024-10_fsp_v5.6.0\toolchains\llvm_arm\LLVM-ET-Arm-18.1.3-Windows-x86_64\bin\..\lib\clang-runtimes/arm-none-eabi/armv7em_hard_fpv4_sp_d16_exn_rtti\lib\libc.a(libc_tinystdio_vfprintf.c.o):(.debug_abbrev)
    271a     271a      10b     1         C:\Renesas\RA\e2studio_v2024-10_fsp_v5.6.0\toolchains\llvm_arm\LLVM-ET-Arm-18.1.3-Windows-x86_64\bin\..\lib\clang-runtimes/arm-none-eabi/armv7em_hard_fpv4_sp_d16_exn_rtti\lib\libc.a(libc_tinystdio_dtox_engine.c.o):(.debug_abbrev)
    2825     2825       87     1         C:\Renesas\RA\e2studio_v2024-10_fsp_v5.6.0\toolchains\llvm_arm\LLVM-ET-Arm-18.1.3-Windows-x86_64\bin\..\lib\clang-runtimes/arm-none-eabi/armv7em_hard_fpv4_sp_d16_exn_rtti\lib\libc.a(libc_string_strnlen.c.o):(.debug_abbrev)
    28ac     28ac      208     1         C:\Renesas\RA\e2studio_v2024-10_fsp_v5.6.0\toolchains\llvm_arm\LLVM-ET-Arm-18.1.3-Windows-x86_64\bin\..\lib\clang-runtimes/arm-none-eabi/armv7em_hard_fpv4_sp_d16_exn_rtti\lib\libc.a(libc_tinystdio_dtoa_ryu.c.o):(.debug_abbrev)
    2ab4     2ab4       64     1         C:\Renesas\RA\e2studio_v2024-10_fsp_v5.6.0\toolchains\llvm_arm\LLVM-ET-Arm-18.1.3-Windows-x86_64\bin\..\lib\clang-runtimes/arm-none-eabi/armv7em_hard_fpv4_sp_d16_exn_rtti\lib\libc.a(libc_tinystdio_ryu_log10.c.o):(.debug_abbrev)
    2b18     2b18       62     1         C:\Renesas\RA\e2studio_v2024-10_fsp_v5.6.0\toolchains\llvm_arm\LLVM-ET-Arm-18.1.3-Windows-x86_64\bin\..\lib\clang-runtimes/arm-none-eabi/armv7em_hard_fpv4_sp_d16_exn_rtti\lib\libc.a(libc_tinystdio_ryu_pow5bits.c.o):(.debug_abbrev)
    2b7a     2b7a       f9     1         C:\Renesas\RA\e2studio_v2024-10_fsp_v5.6.0\toolchains\llvm_arm\LLVM-ET-Arm-18.1.3-Windows-x86_64\bin\..\lib\clang-runtimes/arm-none-eabi/armv7em_hard_fpv4_sp_d16_exn_rtti\lib\libc.a(libc_tinystdio_ryu_table.c.o):(.debug_abbrev)
    2c73     2c73       96     1         C:\Renesas\RA\e2studio_v2024-10_fsp_v5.6.0\toolchains\llvm_arm\LLVM-ET-Arm-18.1.3-Windows-x86_64\bin\..\lib\clang-runtimes/arm-none-eabi/armv7em_hard_fpv4_sp_d16_exn_rtti\lib\libc.a(libc_tinystdio_ryu_umul128.c.o):(.debug_abbrev)
    2d09     2d09       94     1         C:\Renesas\RA\e2studio_v2024-10_fsp_v5.6.0\toolchains\llvm_arm\LLVM-ET-Arm-18.1.3-Windows-x86_64\bin\..\lib\clang-runtimes/arm-none-eabi/armv7em_hard_fpv4_sp_d16_exn_rtti\lib\libc.a(bzero.c.o):(.debug_abbrev)
    2d9d     2d9d       a0     1         C:\Renesas\RA\e2studio_v2024-10_fsp_v5.6.0\toolchains\llvm_arm\LLVM-ET-Arm-18.1.3-Windows-x86_64\bin\..\lib\clang-runtimes/arm-none-eabi/armv7em_hard_fpv4_sp_d16_exn_rtti\lib\libc.a(memcpy.c.o):(.debug_abbrev)
    2e3d     2e3d       85     1         C:\Renesas\RA\e2studio_v2024-10_fsp_v5.6.0\toolchains\llvm_arm\LLVM-ET-Arm-18.1.3-Windows-x86_64\bin\..\lib\clang-runtimes/arm-none-eabi/armv7em_hard_fpv4_sp_d16_exn_rtti\lib\libc.a(memset.c.o):(.debug_abbrev)
    2ec2     2ec2       21     1         C:\Renesas\RA\e2studio_v2024-10_fsp_v5.6.0\toolchains\llvm_arm\LLVM-ET-Arm-18.1.3-Windows-x86_64\bin\..\lib\clang-runtimes/arm-none-eabi/armv7em_hard_fpv4_sp_d16_exn_rtti\lib\libc.a(strlen.S.o):(.debug_abbrev)
       0        0    23eb1     1 .debug_info
       0        0     18ed     1         ./src/hal_entry.o:(.debug_info)
    18ed     18ed      bd0     1         ./ra_gen/common_data.o:(.debug_info)
    24bd     24bd     29c0     1         ./ra_gen/hal_data.o:(.debug_info)
    4e7d     4e7d       37     1         ./ra_gen/main.o:(.debug_info)
    4eb4     4eb4      49b     1         ./ra_gen/pin_data.o:(.debug_info)
    534f     534f      5fe     1         ./ra_gen/vector_data.o:(.debug_info)
    594d     594d     7721     1         ./ra/fsp/src/r_sci_uart/r_sci_uart.o:(.debug_info)
    d06e     d06e     5e59     1         ./ra/fsp/src/r_ioport/r_ioport.o:(.debug_info)
   12ec7    12ec7     46c4     1         ./ra/fsp/src/bsp/mcu/all/bsp_clocks.o:(.debug_info)
   1758b    1758b      579     1         ./ra/fsp/src/bsp/mcu/all/bsp_common.o:(.debug_info)
   17b04    17b04       eb     1         ./ra/fsp/src/bsp/mcu/all/bsp_delay.o:(.debug_info)
   17bef    17bef      d97     1         ./ra/fsp/src/bsp/mcu/all/bsp_group_irq.o:(.debug_info)
   18986    18986       43     1         ./ra/fsp/src/bsp/mcu/all/bsp_io.o:(.debug_info)
   189c9    189c9      e86     1         ./ra/fsp/src/bsp/mcu/all/bsp_irq.o:(.debug_info)
   1984f    1984f     2ebf     1         ./ra/fsp/src/bsp/mcu/all/bsp_register_protection.o:(.debug_info)
   1c70e    1c70e       6a     1         ./ra/fsp/src/bsp/mcu/all/bsp_rom_registers.o:(.debug_info)
   1c778    1c778       87     1         ./ra/fsp/src/bsp/mcu/all/bsp_sbrk.o:(.debug_info)
   1c7ff    1c7ff     46a4     1         ./ra/fsp/src/bsp/mcu/all/bsp_sdram.o:(.debug_info)
   20ea3    20ea3       99     1         ./ra/fsp/src/bsp/cmsis/Device/RENESAS/Source/startup.o:(.debug_info)
   20f3c    20f3c      b4a     1         ./ra/fsp/src/bsp/cmsis/Device/RENESAS/Source/system.o:(.debug_info)
   21a86    21a86       3b     1         ./ra/board/ra6m3_ek/board_init.o:(.debug_info)
   21ac1    21ac1       88     1         ./ra/board/ra6m3_ek/board_leds.o:(.debug_info)
   21b49    21b49       c3     1         ./Modules/Serial_ASCII/ASCII_numbers.o:(.debug_info)
   21c0c    21c0c      646     1         ./Modules/Serial_ASCII/Serial.o:(.debug_info)
   22252    22252      115     1         ./Modules/Serial_ASCII/Serial_user.o:(.debug_info)
   22367    22367       e7     1         ./Modules/Scheduler/Scheduler.o:(.debug_info)
   2244e    2244e       2e     1         C:\Renesas\RA\e2studio_v2024-10_fsp_v5.6.0\toolchains\llvm_arm\LLVM-ET-Arm-18.1.3-Windows-x86_64\bin\..\lib\clang-runtimes/arm-none-eabi/armv7em_hard_fpv4_sp_d16_exn_rtti\lib\libc.a(libc_errno_errno.c.o):(.debug_info)
   2247c    2247c       64     1         C:\Renesas\RA\e2studio_v2024-10_fsp_v5.6.0\toolchains\llvm_arm\LLVM-ET-Arm-18.1.3-Windows-x86_64\bin\..\lib\clang-runtimes/arm-none-eabi/armv7em_hard_fpv4_sp_d16_exn_rtti\lib\libc.a(libc_picolib_inittls.c.o):(.debug_info)
   224e0    224e0       60     1         C:\Renesas\RA\e2studio_v2024-10_fsp_v5.6.0\toolchains\llvm_arm\LLVM-ET-Arm-18.1.3-Windows-x86_64\bin\..\lib\clang-runtimes/arm-none-eabi/armv7em_hard_fpv4_sp_d16_exn_rtti\lib\libc.a(libc_picolib_machine_arm_tls.c.o):(.debug_info)
   22540    22540      133     1         C:\Renesas\RA\e2studio_v2024-10_fsp_v5.6.0\toolchains\llvm_arm\LLVM-ET-Arm-18.1.3-Windows-x86_64\bin\..\lib\clang-runtimes/arm-none-eabi/armv7em_hard_fpv4_sp_d16_exn_rtti\lib\libc.a(libc_picolib_machine_arm_read_tp.S.o):(.debug_info)
   22673    22673      160     1         C:\Renesas\RA\e2studio_v2024-10_fsp_v5.6.0\toolchains\llvm_arm\LLVM-ET-Arm-18.1.3-Windows-x86_64\bin\..\lib\clang-runtimes/arm-none-eabi/armv7em_hard_fpv4_sp_d16_exn_rtti\lib\libc.a(libc_tinystdio_sprintf.c.o):(.debug_info)
   227d3    227d3      13c     1         C:\Renesas\RA\e2studio_v2024-10_fsp_v5.6.0\toolchains\llvm_arm\LLVM-ET-Arm-18.1.3-Windows-x86_64\bin\..\lib\clang-runtimes/arm-none-eabi/armv7em_hard_fpv4_sp_d16_exn_rtti\lib\libc.a(libc_tinystdio_filestrput.c.o):(.debug_info)
   2290f    2290f      492     1         C:\Renesas\RA\e2studio_v2024-10_fsp_v5.6.0\toolchains\llvm_arm\LLVM-ET-Arm-18.1.3-Windows-x86_64\bin\..\lib\clang-runtimes/arm-none-eabi/armv7em_hard_fpv4_sp_d16_exn_rtti\lib\libc.a(libc_tinystdio_vfprintf.c.o):(.debug_info)
   22da1    22da1      19f     1         C:\Renesas\RA\e2studio_v2024-10_fsp_v5.6.0\toolchains\llvm_arm\LLVM-ET-Arm-18.1.3-Windows-x86_64\bin\..\lib\clang-runtimes/arm-none-eabi/armv7em_hard_fpv4_sp_d16_exn_rtti\lib\libc.a(libc_tinystdio_dtox_engine.c.o):(.debug_info)
   22f40    22f40       6e     1         C:\Renesas\RA\e2studio_v2024-10_fsp_v5.6.0\toolchains\llvm_arm\LLVM-ET-Arm-18.1.3-Windows-x86_64\bin\..\lib\clang-runtimes/arm-none-eabi/armv7em_hard_fpv4_sp_d16_exn_rtti\lib\libc.a(libc_string_strnlen.c.o):(.debug_info)
   22fae    22fae      79c     1         C:\Renesas\RA\e2studio_v2024-10_fsp_v5.6.0\toolchains\llvm_arm\LLVM-ET-Arm-18.1.3-Windows-x86_64\bin\..\lib\clang-runtimes/arm-none-eabi/armv7em_hard_fpv4_sp_d16_exn_rtti\lib\libc.a(libc_tinystdio_dtoa_ryu.c.o):(.debug_info)
   2374a    2374a       8b     1         C:\Renesas\RA\e2studio_v2024-10_fsp_v5.6.0\toolchains\llvm_arm\LLVM-ET-Arm-18.1.3-Windows-x86_64\bin\..\lib\clang-runtimes/arm-none-eabi/armv7em_hard_fpv4_sp_d16_exn_rtti\lib\libc.a(libc_tinystdio_ryu_log10.c.o):(.debug_info)
   237d5    237d5       6e     1         C:\Renesas\RA\e2studio_v2024-10_fsp_v5.6.0\toolchains\llvm_arm\LLVM-ET-Arm-18.1.3-Windows-x86_64\bin\..\lib\clang-runtimes/arm-none-eabi/armv7em_hard_fpv4_sp_d16_exn_rtti\lib\libc.a(libc_tinystdio_ryu_pow5bits.c.o):(.debug_info)
   23843    23843      254     1         C:\Renesas\RA\e2studio_v2024-10_fsp_v5.6.0\toolchains\llvm_arm\LLVM-ET-Arm-18.1.3-Windows-x86_64\bin\..\lib\clang-runtimes/arm-none-eabi/armv7em_hard_fpv4_sp_d16_exn_rtti\lib\libc.a(libc_tinystdio_ryu_table.c.o):(.debug_info)
   23a97    23a97      169     1         C:\Renesas\RA\e2studio_v2024-10_fsp_v5.6.0\toolchains\llvm_arm\LLVM-ET-Arm-18.1.3-Windows-x86_64\bin\..\lib\clang-runtimes/arm-none-eabi/armv7em_hard_fpv4_sp_d16_exn_rtti\lib\libc.a(libc_tinystdio_ryu_umul128.c.o):(.debug_info)
   23c00    23c00       76     1         C:\Renesas\RA\e2studio_v2024-10_fsp_v5.6.0\toolchains\llvm_arm\LLVM-ET-Arm-18.1.3-Windows-x86_64\bin\..\lib\clang-runtimes/arm-none-eabi/armv7em_hard_fpv4_sp_d16_exn_rtti\lib\libc.a(bzero.c.o):(.debug_info)
   23c76    23c76       97     1         C:\Renesas\RA\e2studio_v2024-10_fsp_v5.6.0\toolchains\llvm_arm\LLVM-ET-Arm-18.1.3-Windows-x86_64\bin\..\lib\clang-runtimes/arm-none-eabi/armv7em_hard_fpv4_sp_d16_exn_rtti\lib\libc.a(memcpy.c.o):(.debug_info)
   23d0d    23d0d       78     1         C:\Renesas\RA\e2studio_v2024-10_fsp_v5.6.0\toolchains\llvm_arm\LLVM-ET-Arm-18.1.3-Windows-x86_64\bin\..\lib\clang-runtimes/arm-none-eabi/armv7em_hard_fpv4_sp_d16_exn_rtti\lib\libc.a(memset.c.o):(.debug_info)
   23d85    23d85      12c     1         C:\Renesas\RA\e2studio_v2024-10_fsp_v5.6.0\toolchains\llvm_arm\LLVM-ET-Arm-18.1.3-Windows-x86_64\bin\..\lib\clang-runtimes/arm-none-eabi/armv7em_hard_fpv4_sp_d16_exn_rtti\lib\libc.a(strlen.S.o):(.debug_info)
       0        0      4e3     1 .debug_rnglists
       0        0       18     1         ./src/hal_entry.o:(.debug_rnglists)
[...]
R_BSP_Init_RTC                                    ./ra/fsp/src/bsp/mcu/all/bsp_clocks.o
                                                  ./ra/fsp/src/bsp/cmsis/Device/RENESAS/Source/system.o
bsp_init                                          ./ra/board/ra6m3_ek/board_init.o
                                                  ./ra/fsp/src/bsp/mcu/all/bsp_common.o
                                                  ./ra/fsp/src/bsp/cmsis/Device/RENESAS/Source/system.o
bsp_prv_software_delay_loop                       ./ra/fsp/src/bsp/mcu/all/bsp_delay.o
g_bsp_group_irq_sources                           ./ra/fsp/src/bsp/mcu/all/bsp_group_irq.o
NMI_Handler                                       ./ra/fsp/src/bsp/mcu/all/bsp_group_irq.o
                                                  ./ra/fsp/src/bsp/cmsis/Device/RENESAS/Source/startup.o
bsp_irq_cfg                                       ./ra/fsp/src/bsp/mcu/all/bsp_irq.o
                                                  ./ra/fsp/src/bsp/cmsis/Device/RENESAS/Source/system.o
g_protect_counters                                ./ra/fsp/src/bsp/mcu/all/bsp_register_protection.o
__HeapBase                                        C:\Users\artor\OneDrive\workspace\RA6_TokenNet_Master1/script\fsp.lld:638
                                                  ./ra/fsp/src/bsp/mcu/all/bsp_sbrk.o
__HeapLimit                                       C:\Users\artor\OneDrive\workspace\RA6_TokenNet_Master1/script\fsp.lld:641
                                                  ./ra/fsp/src/bsp/mcu/all/bsp_sbrk.o
Reset_Handler                                     ./ra/fsp/src/bsp/cmsis/Device/RENESAS/Source/startup.o
SystemInit                                        ./ra/fsp/src/bsp/cmsis/Device/RENESAS/Source/system.o
                                                  ./ra/fsp/src/bsp/cmsis/Device/RENESAS/Source/startup.o
Default_Handler                                   ./ra/fsp/src/bsp/cmsis/Device/RENESAS/Source/startup.o
__Vectors                                         ./ra/fsp/src/bsp/cmsis/Device/RENESAS/Source/startup.o
                                                  ./ra/fsp/src/bsp/cmsis/Device/RENESAS/Source/system.o
HardFault_Handler                                 ./ra/fsp/src/bsp/cmsis/Device/RENESAS/Source/startup.o
MemManage_Handler                                 ./ra/fsp/src/bsp/cmsis/Device/RENESAS/Source/startup.o
BusFault_Handler                                  ./ra/fsp/src/bsp/cmsis/Device/RENESAS/Source/startup.o
UsageFault_Handler                                ./ra/fsp/src/bsp/cmsis/Device/RENESAS/Source/startup.o
SecureFault_Handler                               ./ra/fsp/src/bsp/cmsis/Device/RENESAS/Source/startup.o
SVC_Handler                                       ./ra/fsp/src/bsp/cmsis/Device/RENESAS/Source/startup.o
DebugMon_Handler                                  ./ra/fsp/src/bsp/cmsis/Device/RENESAS/Source/startup.o
PendSV_Handler                                    ./ra/fsp/src/bsp/cmsis/Device/RENESAS/Source/startup.o
SysTick_Handler                                   ./Modules/Scheduler/Scheduler.o
                                                  ./ra/fsp/src/bsp/cmsis/Device/RENESAS/Source/startup.o
__bss_start__                                     C:\Users\artor\OneDrive\workspace\RA6_TokenNet_Master1/script\fsp.lld:628
                                                  ./ra/fsp/src/bsp/cmsis/Device/RENESAS/Source/system.o
__bss_end__                                       C:\Users\artor\OneDrive\workspace\RA6_TokenNet_Master1/script\fsp.lld:632
                                                  ./ra/fsp/src/bsp/cmsis/Device/RENESAS/Source/system.o
__aeabi_memclr4                                   C:\Renesas\RA\e2studio_v2024-10_fsp_v5.6.0\toolchains\llvm_arm\LLVM-ET-Arm-18.1.3-Windows-x86_64\bin\..\lib\clang-runtimes/arm-none-eabi/armv7em_hard_fpv4_sp_d16_exn_rtti\lib\libc.a(bzero.c.o)
                                                  ./ra/fsp/src/bsp/cmsis/Device/RENESAS/Source/system.o
__data_start__                                    C:\Users\artor\OneDrive\workspace\RA6_TokenNet_Master1/script\fsp.lld:336
                                                  ./ra/fsp/src/bsp/cmsis/Device/RENESAS/Source/system.o
__data_end__                                      C:\Users\artor\OneDrive\workspace\RA6_TokenNet_Master1/script\fsp.lld:375
                                                  ./ra/fsp/src/bsp/cmsis/Device/RENESAS/Source/system.o
__etext                                           C:\Users\artor\OneDrive\workspace\RA6_TokenNet_Master1/script\fsp.lld:378
                                                  ./ra/fsp/src/bsp/cmsis/Device/RENESAS/Source/system.o
__aeabi_memcpy4                                   C:\Renesas\RA\e2studio_v2024-10_fsp_v5.6.0\toolchains\llvm_arm\LLVM-ET-Arm-18.1.3-Windows-x86_64\bin\..\lib\clang-runtimes/arm-none-eabi/armv7em_hard_fpv4_sp_d16_exn_rtti\lib\libc.a(memcpy.c.o)
                                                  ./ra/fsp/src/bsp/cmsis/Device/RENESAS/Source/system.o
__tls_base                                        C:\Users\artor\OneDrive\workspace\RA6_TokenNet_Master1/script\fsp.lld:396
                                                  ./ra/fsp/src/bsp/cmsis/Device/RENESAS/Source/system.o
_init_tls                                         C:\Renesas\RA\e2studio_v2024-10_fsp_v5.6.0\toolchains\llvm_arm\LLVM-ET-Arm-18.1.3-Windows-x86_64\bin\..\lib\clang-runtimes/arm-none-eabi/armv7em_hard_fpv4_sp_d16_exn_rtti\lib\libc.a(libc_picolib_inittls.c.o)
                                                  ./ra/fsp/src/bsp/cmsis/Device/RENESAS/Source/system.o
_set_tls                                          C:\Renesas\RA\e2studio_v2024-10_fsp_v5.6.0\toolchains\llvm_arm\LLVM-ET-Arm-18.1.3-Windows-x86_64\bin\..\lib\clang-runtimes/arm-none-eabi/armv7em_hard_fpv4_sp_d16_exn_rtti\lib\libc.a(libc_picolib_machine_arm_tls.c.o)
                                                  ./ra/fsp/src/bsp/cmsis/Device/RENESAS/Source/system.o
ConvertASCII2UINT16                               ./Modules/Serial_ASCII/ASCII_numbers.o
                                                  ./Modules/Serial_ASCII/Serial_user.o
nextSerialTxOut                                   ./Modules/Serial_ASCII/Serial.o
nextSerialTxIn                                    ./Modules/Serial_ASCII/Serial.o
txBuffer                                          ./Modules/Serial_ASCII/Serial.o
nextSerialRx2Proc                                 ./Modules/Serial_ASCII/Serial.o
                                                  ./Modules/Serial_ASCII/Serial_user.o
nextSerialRxIn                                    ./Modules/Serial_ASCII/Serial.o
commError                                         ./Modules/Serial_ASCII/Serial.o
rxBuffer                                          ./Modules/Serial_ASCII/Serial.o
                                                  ./Modules/Serial_ASCII/Serial_user.o
inPacket                                          ./Modules/Serial_ASCII/Serial_user.o
packetBuffer                                      ./Modules/Serial_ASCII/Serial_user.o
nextPacketChar                                    ./Modules/Serial_ASCII/Serial_user.o
ten_mS_Counter                                    ./Modules/Scheduler/Scheduler.o
twentyfive_mS_Counter                             ./Modules/Scheduler/Scheduler.o
hundred_mS_Counter                                ./Modules/Scheduler/Scheduler.o
one_S_Counter                                     ./Modules/Scheduler/Scheduler.o
i2c_timeout_Counter                               ./Modules/Scheduler/Scheduler.o
i2c_timeout_Flag                                  ./Modules/Scheduler/Scheduler.o
__aeabi_memclr                                    C:\Renesas\RA\e2studio_v2024-10_fsp_v5.6.0\toolchains\llvm_arm\LLVM-ET-Arm-18.1.3-Windows-x86_64\bin\..\lib\clang-runtimes/arm-none-eabi/armv7em_hard_fpv4_sp_d16_exn_rtti\lib\libc.a(bzero.c.o)
                                                  C:\Renesas\RA\e2studio_v2024-10_fsp_v5.6.0\toolchains\llvm_arm\LLVM-ET-Arm-18.1.3-Windows-x86_64\bin\..\lib\clang-runtimes/arm-none-eabi/armv7em_hard_fpv4_sp_d16_exn_rtti\lib\libc.a(libc_picolib_inittls.c.o)
__tdata_source                                    C:\Users\artor\OneDrive\workspace\RA6_TokenNet_Master1/script\fsp.lld:398
                                                  C:\Renesas\RA\e2studio_v2024-10_fsp_v5.6.0\toolchains\llvm_arm\LLVM-ET-Arm-18.1.3-Windows-x86_64\bin\..\lib\clang-runtimes/arm-none-eabi/armv7em_hard_fpv4_sp_d16_exn_rtti\lib\libc.a(libc_picolib_inittls.c.o)
__tdata_size                                      C:\Users\artor\OneDrive\workspace\RA6_TokenNet_Master1/script\fsp.lld:399
                                                  C:\Renesas\RA\e2studio_v2024-10_fsp_v5.6.0\toolchains\llvm_arm\LLVM-ET-Arm-18.1.3-Windows-x86_64\bin\..\lib\clang-runtimes/arm-none-eabi/armv7em_hard_fpv4_sp_d16_exn_rtti\lib\libc.a(libc_picolib_inittls.c.o)
__tbss_offset                                     C:\Users\artor\OneDrive\workspace\RA6_TokenNet_Master1/script\fsp.lld:410
                                                  C:\Renesas\RA\e2studio_v2024-10_fsp_v5.6.0\toolchains\llvm_arm\LLVM-ET-Arm-18.1.3-Windows-x86_64\bin\..\lib\clang-runtimes/arm-none-eabi/armv7em_hard_fpv4_sp_d16_exn_rtti\lib\libc.a(libc_picolib_inittls.c.o)
__tbss_size                                       C:\Users\artor\OneDrive\workspace\RA6_TokenNet_Master1/script\fsp.lld:411
                                                  C:\Renesas\RA\e2studio_v2024-10_fsp_v5.6.0\toolchains\llvm_arm\LLVM-ET-Arm-18.1.3-Windows-x86_64\bin\..\lib\clang-runtimes/arm-none-eabi/armv7em_hard_fpv4_sp_d16_exn_rtti\lib\libc.a(libc_picolib_inittls.c.o)
__arm32_tls_tcb_offset                            C:\Users\artor\OneDrive\workspace\RA6_TokenNet_Master1/script\fsp.lld:414
                                                  C:\Renesas\RA\e2studio_v2024-10_fsp_v5.6.0\toolchains\llvm_arm\LLVM-ET-Arm-18.1.3-Windows-x86_64\bin\..\lib\clang-runtimes/arm-none-eabi/armv7em_hard_fpv4_sp_d16_exn_rtti\lib\libc.a(libc_picolib_machine_arm_tls.c.o)
__tls                                             C:\Renesas\RA\e2studio_v2024-10_fsp_v5.6.0\toolchains\llvm_arm\LLVM-ET-Arm-18.1.3-Windows-x86_64\bin\..\lib\clang-runtimes/arm-none-eabi/armv7em_hard_fpv4_sp_d16_exn_rtti\lib\libc.a(libc_picolib_machine_arm_read_tp.S.o)
                                                  C:\Renesas\RA\e2studio_v2024-10_fsp_v5.6.0\toolchains\llvm_arm\LLVM-ET-Arm-18.1.3-Windows-x86_64\bin\..\lib\clang-runtimes/arm-none-eabi/armv7em_hard_fpv4_sp_d16_exn_rtti\lib\libc.a(libc_picolib_machine_arm_tls.c.o)
vfprintf                                          C:\Renesas\RA\e2studio_v2024-10_fsp_v5.6.0\toolchains\llvm_arm\LLVM-ET-Arm-18.1.3-Windows-x86_64\bin\..\lib\clang-runtimes/arm-none-eabi/armv7em_hard_fpv4_sp_d16_exn_rtti\lib\libc.a(libc_tinystdio_vfprintf.c.o)
                                                  C:\Renesas\RA\e2studio_v2024-10_fsp_v5.6.0\toolchains\llvm_arm\LLVM-ET-Arm-18.1.3-Windows-x86_64\bin\..\lib\clang-runtimes/arm-none-eabi/armv7em_hard_fpv4_sp_d16_exn_rtti\lib\libc.a(libc_tinystdio_sprintf.c.o)
__file_str_put                                    C:\Renesas\RA\e2studio_v2024-10_fsp_v5.6.0\toolchains\llvm_arm\LLVM-ET-Arm-18.1.3-Windows-x86_64\bin\..\lib\clang-runtimes/arm-none-eabi/armv7em_hard_fpv4_sp_d16_exn_rtti\lib\libc.a(libc_tinystdio_filestrput.c.o)
                                                  C:\Renesas\RA\e2studio_v2024-10_fsp_v5.6.0\toolchains\llvm_arm\LLVM-ET-Arm-18.1.3-Windows-x86_64\bin\..\lib\clang-runtimes/arm-none-eabi/armv7em_hard_fpv4_sp_d16_exn_rtti\lib\libc.a(libc_tinystdio_sprintf.c.o)
__dtox_engine                                     C:\Renesas\RA\e2studio_v2024-10_fsp_v5.6.0\toolchains\llvm_arm\LLVM-ET-Arm-18.1.3-Windows-x86_64\bin\..\lib\clang-runtimes/arm-none-eabi/armv7em_hard_fpv4_sp_d16_exn_rtti\lib\libc.a(libc_tinystdio_dtox_engine.c.o)
                                                  C:\Renesas\RA\e2studio_v2024-10_fsp_v5.6.0\toolchains\llvm_arm\LLVM-ET-Arm-18.1.3-Windows-x86_64\bin\..\lib\clang-runtimes/arm-none-eabi/armv7em_hard_fpv4_sp_d16_exn_rtti\lib\libc.a(libc_tinystdio_vfprintf.c.o)
__dtoa_engine                                     C:\Renesas\RA\e2studio_v2024-10_fsp_v5.6.0\toolchains\llvm_arm\LLVM-ET-Arm-18.1.3-Windows-x86_64\bin\..\lib\clang-runtimes/arm-none-eabi/armv7em_hard_fpv4_sp_d16_exn_rtti\lib\libc.a(libc_tinystdio_dtoa_ryu.c.o)
                                                  C:\Renesas\RA\e2studio_v2024-10_fsp_v5.6.0\toolchains\llvm_arm\LLVM-ET-Arm-18.1.3-Windows-x86_64\bin\..\lib\clang-runtimes/arm-none-eabi/armv7em_hard_fpv4_sp_d16_exn_rtti\lib\libc.a(libc_tinystdio_vfprintf.c.o)
strnlen                                           C:\Renesas\RA\e2studio_v2024-10_fsp_v5.6.0\toolchains\llvm_arm\LLVM-ET-Arm-18.1.3-Windows-x86_64\bin\..\lib\clang-runtimes/arm-none-eabi/armv7em_hard_fpv4_sp_d16_exn_rtti\lib\libc.a(libc_string_strnlen.c.o)
                                                  C:\Renesas\RA\e2studio_v2024-10_fsp_v5.6.0\toolchains\llvm_arm\LLVM-ET-Arm-18.1.3-Windows-x86_64\bin\..\lib\clang-runtimes/arm-none-eabi/armv7em_hard_fpv4_sp_d16_exn_rtti\lib\libc.a(libc_tinystdio_vfprintf.c.o)
__d_vfprintf                                      C:\Renesas\RA\e2studio_v2024-10_fsp_v5.6.0\toolchains\llvm_arm\LLVM-ET-Arm-18.1.3-Windows-x86_64\bin\..\lib\clang-runtimes/arm-none-eabi/armv7em_hard_fpv4_sp_d16_exn_rtti\lib\libc.a(libc_tinystdio_vfprintf.c.o)
__log10Pow2                                       C:\Renesas\RA\e2studio_v2024-10_fsp_v5.6.0\toolchains\llvm_arm\LLVM-ET-Arm-18.1.3-Windows-x86_64\bin\..\lib\clang-runtimes/arm-none-eabi/armv7em_hard_fpv4_sp_d16_exn_rtti\lib\libc.a(libc_tinystdio_ryu_log10.c.o)
                                                  C:\Renesas\RA\e2studio_v2024-10_fsp_v5.6.0\toolchains\llvm_arm\LLVM-ET-Arm-18.1.3-Windows-x86_64\bin\..\lib\clang-runtimes/arm-none-eabi/armv7em_hard_fpv4_sp_d16_exn_rtti\lib\libc.a(libc_tinystdio_dtoa_ryu.c.o)
__pow5bits                                        C:\Renesas\RA\e2studio_v2024-10_fsp_v5.6.0\toolchains\llvm_arm\LLVM-ET-Arm-18.1.3-Windows-x86_64\bin\..\lib\clang-runtimes/arm-none-eabi/armv7em_hard_fpv4_sp_d16_exn_rtti\lib\libc.a(libc_tinystdio_ryu_pow5bits.c.o)
                                                  C:\Renesas\RA\e2studio_v2024-10_fsp_v5.6.0\toolchains\llvm_arm\LLVM-ET-Arm-18.1.3-Windows-x86_64\bin\..\lib\clang-runtimes/arm-none-eabi/armv7em_hard_fpv4_sp_d16_exn_rtti\lib\libc.a(libc_tinystdio_dtoa_ryu.c.o)
                                                  C:\Renesas\RA\e2studio_v2024-10_fsp_v5.6.0\toolchains\llvm_arm\LLVM-ET-Arm-18.1.3-Windows-x86_64\bin\..\lib\clang-runtimes/arm-none-eabi/armv7em_hard_fpv4_sp_d16_exn_rtti\lib\libc.a(libc_tinystdio_ryu_table.c.o)
__double_computeInvPow5                           C:\Renesas\RA\e2studio_v2024-10_fsp_v5.6.0\toolchains\llvm_arm\LLVM-ET-Arm-18.1.3-Windows-x86_64\bin\..\lib\clang-runtimes/arm-none-eabi/armv7em_hard_fpv4_sp_d16_exn_rtti\lib\libc.a(libc_tinystdio_ryu_table.c.o)
                                                  C:\Renesas\RA\e2studio_v2024-10_fsp_v5.6.0\toolchains\llvm_arm\LLVM-ET-Arm-18.1.3-Windows-x86_64\bin\..\lib\clang-runtimes/arm-none-eabi/armv7em_hard_fpv4_sp_d16_exn_rtti\lib\libc.a(libc_tinystdio_dtoa_ryu.c.o)
__pow5Factor                                      C:\Renesas\RA\e2studio_v2024-10_fsp_v5.6.0\toolchains\llvm_arm\LLVM-ET-Arm-18.1.3-Windows-x86_64\bin\..\lib\clang-runtimes/arm-none-eabi/armv7em_hard_fpv4_sp_d16_exn_rtti\lib\libc.a(libc_tinystdio_ryu_table.c.o)
                                                  C:\Renesas\RA\e2studio_v2024-10_fsp_v5.6.0\toolchains\llvm_arm\LLVM-ET-Arm-18.1.3-Windows-x86_64\bin\..\lib\clang-runtimes/arm-none-eabi/armv7em_hard_fpv4_sp_d16_exn_rtti\lib\libc.a(libc_tinystdio_dtoa_ryu.c.o)
__log10Pow5                                       C:\Renesas\RA\e2studio_v2024-10_fsp_v5.6.0\toolchains\llvm_arm\LLVM-ET-Arm-18.1.3-Windows-x86_64\bin\..\lib\clang-runtimes/arm-none-eabi/armv7em_hard_fpv4_sp_d16_exn_rtti\lib\libc.a(libc_tinystdio_ryu_log10.c.o)
                                                  C:\Renesas\RA\e2studio_v2024-10_fsp_v5.6.0\toolchains\llvm_arm\LLVM-ET-Arm-18.1.3-Windows-x86_64\bin\..\lib\clang-runtimes/arm-none-eabi/armv7em_hard_fpv4_sp_d16_exn_rtti\lib\libc.a(libc_tinystdio_dtoa_ryu.c.o)
__double_computePow5                              C:\Renesas\RA\e2studio_v2024-10_fsp_v5.6.0\toolchains\llvm_arm\LLVM-ET-Arm-18.1.3-Windows-x86_64\bin\..\lib\clang-runtimes/arm-none-eabi/armv7em_hard_fpv4_sp_d16_exn_rtti\lib\libc.a(libc_tinystdio_ryu_table.c.o)
                                                  C:\Renesas\RA\e2studio_v2024-10_fsp_v5.6.0\toolchains\llvm_arm\LLVM-ET-Arm-18.1.3-Windows-x86_64\bin\..\lib\clang-runtimes/arm-none-eabi/armv7em_hard_fpv4_sp_d16_exn_rtti\lib\libc.a(libc_tinystdio_dtoa_ryu.c.o)
__umul128                                         C:\Renesas\RA\e2studio_v2024-10_fsp_v5.6.0\toolchains\llvm_arm\LLVM-ET-Arm-18.1.3-Windows-x86_64\bin\..\lib\clang-runtimes/arm-none-eabi/armv7em_hard_fpv4_sp_d16_exn_rtti\lib\libc.a(libc_tinystdio_ryu_umul128.c.o)
                                                  C:\Renesas\RA\e2studio_v2024-10_fsp_v5.6.0\toolchains\llvm_arm\LLVM-ET-Arm-18.1.3-Windows-x86_64\bin\..\lib\clang-runtimes/arm-none-eabi/armv7em_hard_fpv4_sp_d16_exn_rtti\lib\libc.a(libc_tinystdio_dtoa_ryu.c.o)
                                                  C:\Renesas\RA\e2studio_v2024-10_fsp_v5.6.0\toolchains\llvm_arm\LLVM-ET-Arm-18.1.3-Windows-x86_64\bin\..\lib\clang-runtimes/arm-none-eabi/armv7em_hard_fpv4_sp_d16_exn_rtti\lib\libc.a(libc_tinystdio_ryu_table.c.o)
__shiftright128                                   C:\Renesas\RA\e2studio_v2024-10_fsp_v5.6.0\toolchains\llvm_arm\LLVM-ET-Arm-18.1.3-Windows-x86_64\bin\..\lib\clang-runtimes/arm-none-eabi/armv7em_hard_fpv4_sp_d16_exn_rtti\lib\libc.a(libc_tinystdio_ryu_umul128.c.o)
                                                  C:\Renesas\RA\e2studio_v2024-10_fsp_v5.6.0\toolchains\llvm_arm\LLVM-ET-Arm-18.1.3-Windows-x86_64\bin\..\lib\clang-runtimes/arm-none-eabi/armv7em_hard_fpv4_sp_d16_exn_rtti\lib\libc.a(libc_tinystdio_dtoa_ryu.c.o)
                                                  C:\Renesas\RA\e2studio_v2024-10_fsp_v5.6.0\toolchains\llvm_arm\LLVM-ET-Arm-18.1.3-Windows-x86_64\bin\..\lib\clang-runtimes/arm-none-eabi/armv7em_hard_fpv4_sp_d16_exn_rtti\lib\libc.a(libc_tinystdio_ryu_table.c.o)
bzero                                             C:\Renesas\RA\e2studio_v2024-10_fsp_v5.6.0\toolchains\llvm_arm\LLVM-ET-Arm-18.1.3-Windows-x86_64\bin\..\lib\clang-runtimes/arm-none-eabi/armv7em_hard_fpv4_sp_d16_exn_rtti\lib\libc.a(bzero.c.o)
memset                                            C:\Renesas\RA\e2studio_v2024-10_fsp_v5.6.0\toolchains\llvm_arm\LLVM-ET-Arm-18.1.3-Windows-x86_64\bin\..\lib\clang-runtimes/arm-none-eabi/armv7em_hard_fpv4_sp_d16_exn_rtti\lib\libc.a(memset.c.o)
                                                  C:\Renesas\RA\e2studio_v2024-10_fsp_v5.6.0\toolchains\llvm_arm\LLVM-ET-Arm-18.1.3-Windows-x86_64\bin\..\lib\clang-runtimes/arm-none-eabi/armv7em_hard_fpv4_sp_d16_exn_rtti\lib\libc.a(bzero.c.o)
__aeabi_memclr8                                   C:\Renesas\RA\e2studio_v2024-10_fsp_v5.6.0\toolchains\llvm_arm\LLVM-ET-Arm-18.1.3-Windows-x86_64\bin\..\lib\clang-runtimes/arm-none-eabi/armv7em_hard_fpv4_sp_d16_exn_rtti\lib\libc.a(bzero.c.o)
memcpy                                            C:\Renesas\RA\e2studio_v2024-10_fsp_v5.6.0\toolchains\llvm_arm\LLVM-ET-Arm-18.1.3-Windows-x86_64\bin\..\lib\clang-runtimes/arm-none-eabi/armv7em_hard_fpv4_sp_d16_exn_rtti\lib\libc.a(memcpy.c.o)
__aeabi_memcpy8                                   C:\Renesas\RA\e2studio_v2024-10_fsp_v5.6.0\toolchains\llvm_arm\LLVM-ET-Arm-18.1.3-Windows-x86_64\bin\..\lib\clang-runtimes/arm-none-eabi/armv7em_hard_fpv4_sp_d16_exn_rtti\lib\libc.a(memcpy.c.o)
